Processing LoadAll.c("CLD")...
Processing RunMetrics.cc+("/ptmp/mpp/fnardi/dev/FastTrackCovariance/opt/workers/w30/GeoOPT.txt", "/ptmp/mpp/fnardi/dev/FastTrackCovariance/opt/workers/w30/metrics.root", 40, 10.0, 20, 0.5, 100.0)...
1 VTX -0.0543854 0.0543854 0.0204801 5e-05 0.0937 2 0 1.5708 5e-06 5e-06 1
1 VTX -0.0543854 0.0543854 0.0224801 5e-05 0.0937 2 0 1.5708 5e-06 5e-06 1
1 VTX -0.0744254 0.0744254 0.0444498 5e-05 0.0937 2 0 1.5708 5e-06 5e-06 1
1 VTX -0.0744254 0.0744254 0.0464498 5e-05 0.0937 2 0 1.5708 5e-06 5e-06 1
1 VTX -0.0811237 0.0811237 0.0637824 5e-05 0.0937 2 0 1.5708 5e-06 5e-06 1
1 VTX -0.0811237 0.0811237 0.0657824 5e-05 0.0937 2 0 1.5708 5e-06 5e-06 1
1 VTX -0.0527713 0.0527713 0.0922383 5e-05 0.0937 2 0 1.5708 5e-06 5e-06 1
1 VTX -0.0527713 0.0527713 0.0942383 5e-05 0.0937 2 0 1.5708 5e-06 5e-06 1
1 VTX -0.0543854 0.0543854 0.0194801 0.000557 0.0937 0 0 0 0 0 0
1 VTX -0.0744254 0.0744254 0.0454498 0.000557 0.0937 0 0 0 0 0 0
1 VTX -0.0811237 0.0811237 0.0647824 0.000557 0.0937 0 0 0 0 0 0
1 VTX -0.0527713 0.0527713 0.0932383 0.000557 0.0937 0 0 0 0 0 0
1 VTX -0.5 0.5 0.113 0.000337 0.0937 0 0 0 0 0 0
1 ITK -0.0541829 0.0541829 0.150484 0.000956 0.0937 2 0 1.5708 7e-06 9e-05 1
1 ITK -0.816774 0.816774 0.431458 0.000956 0.0937 2 0 1.5708 7e-06 9e-05 1
1 ITK -0.392295 0.392295 0.489115 0.000956 0.0937 2 0 1.5708 7e-06 9e-05 1
1 ITK -0.0541829 0.0541829 0.155484 0.00017 0.0937 0 0 0 0 0 0
1 ITK -0.816774 0.816774 0.436458 0.00017 0.0937 0 0 0 0 0 0
1 ITK -0.392295 0.392295 0.494115 0.00017 0.0937 0 0 0 0 0 0
1 ITK -2.3 2.3 0.57 0.00125 0.0937 0 0 0 0 0 0
1 ITK -2.3 2.3 0.5705 0.000281 0.0937 0 0 0 0 0 0
1 OTK -1.16967 1.16967 0.66519 0.000956 0.0937 2 0 1.5708 7e-06 9e-05 1
1 OTK -0.956782 0.956782 1.10171 0.000956 0.0937 2 0 1.5708 7e-06 9e-05 1
1 OTK -2.20751 2.20751 1.45602 0.000956 0.0937 2 0 1.5708 7e-06 9e-05 1
1 OTK -1.16967 1.16967 0.67019 0.000244 0.0937 0 0 0 0 0 0
1 OTK -0.956782 0.956782 1.09171 0.000117 0.0937 0 0 0 0 0 0
1 OTK -2.20751 2.20751 1.44602 0.000117 0.0937 0 0 0 0 0 0
2 VTXDSK 0.05 0.112 -0.249762 5e-05 0.0937 2 0 1.5708 5e-06 5e-06 1
2 VTXDSK 0.035 0.112 -0.176197 5e-05 0.0937 2 0 1.5708 5e-06 5e-06 1
2 VTXDSK 0.028717 0.112 -0.124067 5e-05 0.0937 2 0 1.5708 5e-06 5e-06 1
2 VTXDSK 0.0232205 0.112 -0.0869226 5e-05 0.0937 2 0 1.5708 5e-06 5e-06 1
2 VTXDSK 0.0232205 0.112 0.0869226 5e-05 0.0937 2 0 1.5708 5e-06 5e-06 1
2 VTXDSK 0.028717 0.112 0.124067 5e-05 0.0937 2 0 1.5708 5e-06 5e-06 1
2 VTXDSK 0.035 0.112 0.176197 5e-05 0.0937 2 0 1.5708 5e-06 5e-06 1
2 VTXDSK 0.05 0.112 0.249762 5e-05 0.0937 2 0 1.5708 5e-06 5e-06 1
2 ITKDSK 0.284 0.56 -2.17732 0.000956 0.0937 2 0 1.5708 7e-06 9e-05 1
2 ITKDSK 0.264 0.56 -1.84479 0.000956 0.0937 2 0 1.5708 7e-06 9e-05 1
2 ITKDSK 0.237 0.56 -1.60017 0.000956 0.0937 2 0 1.5708 7e-06 9e-05 1
2 ITKDSK 0.218611 0.56 -1.45501 0.000956 0.0937 2 0 1.5708 7e-06 9e-05 1
2 ITKDSK 0.19 0.56 -1.07239 0.000956 0.0937 2 0 1.5708 7e-06 9e-05 1
2 ITKDSK 0.171376 0.56 -0.946265 0.000956 0.0937 2 0 1.5708 7e-06 9e-05 1
2 ITKDSK 0.0974399 0.41 -0.537839 0.000956 0.0937 2 0 1.5708 7e-06 9e-05 1
2 ITKDSK 0.0974399 0.41 0.537839 0.000956 0.0937 2 0 1.5708 7e-06 9e-05 1
2 ITKDSK 0.171376 0.56 0.946265 0.000956 0.0937 2 0 1.5708 7e-06 9e-05 1
2 ITKDSK 0.19 0.56 1.07239 0.000956 0.0937 2 0 1.5708 7e-06 9e-05 1
2 ITKDSK 0.218611 0.56 1.45501 0.000956 0.0937 2 0 1.5708 7e-06 9e-05 1
2 ITKDSK 0.237 0.56 1.60017 0.000956 0.0937 2 0 1.5708 7e-06 9e-05 1
2 ITKDSK 0.264 0.56 1.84479 0.000956 0.0937 2 0 1.5708 7e-06 9e-05 1
2 ITKDSK 0.284 0.56 2.17732 0.000956 0.0937 2 0 1.5708 7e-06 9e-05 1
2 OTKDSK 0.626312 1.4302 -2.29399 0.000956 0.0937 2 0 1.5708 7e-06 9e-05 1
2 OTKDSK 0.6175 1.4302 -1.78607 0.000956 0.0937 2 0 1.5708 7e-06 9e-05 1
2 OTKDSK 0.6175 1.4302 -1.58382 0.000956 0.0937 2 0 1.5708 7e-06 9e-05 1
2 OTKDSK 0.619791 1.4302 -1.33703 0.000956 0.0937 2 0 1.5708 7e-06 9e-05 1
2 OTKDSK 0.619791 1.4302 1.33703 0.000956 0.0937 2 0 1.5708 7e-06 9e-05 1
2 OTKDSK 0.6175 1.4302 1.58382 0.000956 0.0937 2 0 1.5708 7e-06 9e-05 1
2 OTKDSK 0.6175 1.4302 1.78607 0.000956 0.0937 2 0 1.5708 7e-06 9e-05 1
2 OTKDSK 0.626312 1.4302 2.29399 0.000956 0.0937 2 0 1.5708 7e-06 9e-05 1
2 OTKDSK 0.626312 1.4302 -2.28399 0.000342 0.0937 0 0 0 0 0 0
2 OTKDSK 0.6175 1.4302 -1.79607 0.000342 0.0937 0 0 0 0 0 0
2 OTKDSK 0.6175 1.4302 -1.57382 0.000342 0.0937 0 0 0 0 0 0
2 OTKDSK 0.619791 1.4302 -1.34703 0.000342 0.0937 0 0 0 0 0 0
2 OTKDSK 0.619791 1.4302 1.34703 0.000342 0.0937 0 0 0 0 0 0
2 OTKDSK 0.6175 1.4302 1.57382 0.000342 0.0937 0 0 0 0 0 0
2 OTKDSK 0.6175 1.4302 1.79607 0.000342 0.0937 0 0 0 0 0 0
2 OTKDSK 0.626312 1.4302 2.28399 0.000342 0.0937 0 0 0 0 0 0
SolGeom::GeoRead completed with 65 layers input
i = 0, Detector = VTX
i = 1, Detector = ITK
i = 2, Detector = OTK
i = 3, Detector = VTXDSK
i = 4, Detector = ITKDSK
i = 5, Detector = OTKDSK
