Processing LoadAll.c("CLD")...
Processing RunMetrics.cc+("/ptmp/mpp/fnardi/dev/FastTrackCovariance/opt/workers/w14/GeoOPT.txt", "/ptmp/mpp/fnardi/dev/FastTrackCovariance/opt/workers/w14/metrics.root", 40, 10.0, 20, 0.5, 100.0)...
1 VTX -0.0502017 0.0502017 0.0203127 5e-05 0.0937 2 0 1.5708 5e-06 5e-06 1
1 VTX -0.0502017 0.0502017 0.0223127 5e-05 0.0937 2 0 1.5708 5e-06 5e-06 1
1 VTX -0.070676 0.070676 0.0418966 5e-05 0.0937 2 0 1.5708 5e-06 5e-06 1
1 VTX -0.070676 0.070676 0.0438966 5e-05 0.0937 2 0 1.5708 5e-06 5e-06 1
1 VTX -0.0714549 0.0714549 0.0637824 5e-05 0.0937 2 0 1.5708 5e-06 5e-06 1
1 VTX -0.0714549 0.0714549 0.0657824 5e-05 0.0937 2 0 1.5708 5e-06 5e-06 1
1 VTX -0.0552419 0.0552419 0.0997847 5e-05 0.0937 2 0 1.5708 5e-06 5e-06 1
1 VTX -0.0552419 0.0552419 0.101785 5e-05 0.0937 2 0 1.5708 5e-06 5e-06 1
1 VTX -0.0502017 0.0502017 0.0193127 0.000557 0.0937 0 0 0 0 0 0
1 VTX -0.070676 0.070676 0.0428966 0.000557 0.0937 0 0 0 0 0 0
1 VTX -0.0714549 0.0714549 0.0647824 0.000557 0.0937 0 0 0 0 0 0
1 VTX -0.0552419 0.0552419 0.100785 0.000557 0.0937 0 0 0 0 0 0
1 VTX -0.5 0.5 0.113 0.000337 0.0937 0 0 0 0 0 0
1 ITK -0.0921228 0.0921228 0.150484 0.000956 0.0937 2 0 1.5708 7e-06 9e-05 1
1 ITK -0.0852603 0.0852603 0.312584 0.000956 0.0937 2 0 1.5708 7e-06 9e-05 1
1 ITK -0.0949775 0.0949775 0.477339 0.000956 0.0937 2 0 1.5708 7e-06 9e-05 1
1 ITK -0.0921228 0.0921228 0.155484 0.00017 0.0937 0 0 0 0 0 0
1 ITK -0.0852603 0.0852603 0.317584 0.00017 0.0937 0 0 0 0 0 0
1 ITK -0.0949775 0.0949775 0.482339 0.00017 0.0937 0 0 0 0 0 0
1 ITK -2.3 2.3 0.57 0.00125 0.0937 0 0 0 0 0 0
1 ITK -2.3 2.3 0.5705 0.000281 0.0937 0 0 0 0 0 0
1 OTK -1.15799 1.15799 0.629636 0.000956 0.0937 2 0 1.5708 7e-06 9e-05 1
1 OTK -1.12526 1.12526 1.04652 0.000956 0.0937 2 0 1.5708 7e-06 9e-05 1
1 OTK -2.20751 2.20751 1.45307 0.000956 0.0937 2 0 1.5708 7e-06 9e-05 1
1 OTK -1.15799 1.15799 0.634636 0.000244 0.0937 0 0 0 0 0 0
1 OTK -1.12526 1.12526 1.03652 0.000117 0.0937 0 0 0 0 0 0
1 OTK -2.20751 2.20751 1.44307 0.000117 0.0937 0 0 0 0 0 0
2 VTXDSK 0.05 0.112 -0.249762 5e-05 0.0937 2 0 1.5708 5e-06 5e-06 1
2 VTXDSK 0.035 0.112 -0.193139 5e-05 0.0937 2 0 1.5708 5e-06 5e-06 1
2 VTXDSK 0.0288438 0.112 -0.124786 5e-05 0.0937 2 0 1.5708 5e-06 5e-06 1
2 VTXDSK 0.0225248 0.112 -0.0829769 5e-05 0.0937 2 0 1.5708 5e-06 5e-06 1
2 VTXDSK 0.0225248 0.112 0.0829769 5e-05 0.0937 2 0 1.5708 5e-06 5e-06 1
2 VTXDSK 0.0288438 0.112 0.124786 5e-05 0.0937 2 0 1.5708 5e-06 5e-06 1
2 VTXDSK 0.035 0.112 0.193139 5e-05 0.0937 2 0 1.5708 5e-06 5e-06 1
2 VTXDSK 0.05 0.112 0.249762 5e-05 0.0937 2 0 1.5708 5e-06 5e-06 1
2 ITKDSK 0.287225 0.56 -2.22806 0.000956 0.0937 2 0 1.5708 7e-06 9e-05 1
2 ITKDSK 0.264 0.56 -1.84479 0.000956 0.0937 2 0 1.5708 7e-06 9e-05 1
2 ITKDSK 0.237 0.56 -1.60017 0.000956 0.0937 2 0 1.5708 7e-06 9e-05 1
2 ITKDSK 0.223728 0.56 -1.5154 0.000956 0.0937 2 0 1.5708 7e-06 9e-05 1
2 ITKDSK 0.19 0.56 -0.972618 0.000956 0.0937 2 0 1.5708 7e-06 9e-05 1
2 ITKDSK 0.147 0.56 -0.736273 0.000956 0.0937 2 0 1.5708 7e-06 9e-05 1
2 ITKDSK 0.10431 0.41 -0.576808 0.000956 0.0937 2 0 1.5708 7e-06 9e-05 1
2 ITKDSK 0.10431 0.41 0.576808 0.000956 0.0937 2 0 1.5708 7e-06 9e-05 1
2 ITKDSK 0.147 0.56 0.736273 0.000956 0.0937 2 0 1.5708 7e-06 9e-05 1
2 ITKDSK 0.19 0.56 0.972618 0.000956 0.0937 2 0 1.5708 7e-06 9e-05 1
2 ITKDSK 0.223728 0.56 1.5154 0.000956 0.0937 2 0 1.5708 7e-06 9e-05 1
2 ITKDSK 0.237 0.56 1.60017 0.000956 0.0937 2 0 1.5708 7e-06 9e-05 1
2 ITKDSK 0.264 0.56 1.84479 0.000956 0.0937 2 0 1.5708 7e-06 9e-05 1
2 ITKDSK 0.287225 0.56 2.22806 0.000956 0.0937 2 0 1.5708 7e-06 9e-05 1
2 OTKDSK 0.626312 1.4302 -2.29399 0.000956 0.0937 2 0 1.5708 7e-06 9e-05 1
2 OTKDSK 0.627415 1.4302 -2.00001 0.000956 0.0937 2 0 1.5708 7e-06 9e-05 1
2 OTKDSK 0.624874 1.4302 -1.70402 0.000956 0.0937 2 0 1.5708 7e-06 9e-05 1
2 OTKDSK 0.6175 1.4302 -1.21057 0.000956 0.0937 2 0 1.5708 7e-06 9e-05 1
2 OTKDSK 0.6175 1.4302 1.21057 0.000956 0.0937 2 0 1.5708 7e-06 9e-05 1
2 OTKDSK 0.624874 1.4302 1.70402 0.000956 0.0937 2 0 1.5708 7e-06 9e-05 1
2 OTKDSK 0.627415 1.4302 2.00001 0.000956 0.0937 2 0 1.5708 7e-06 9e-05 1
2 OTKDSK 0.626312 1.4302 2.29399 0.000956 0.0937 2 0 1.5708 7e-06 9e-05 1
2 OTKDSK 0.626312 1.4302 -2.28399 0.000342 0.0937 0 0 0 0 0 0
2 OTKDSK 0.627415 1.4302 -2.01001 0.000342 0.0937 0 0 0 0 0 0
2 OTKDSK 0.624874 1.4302 -1.69402 0.000342 0.0937 0 0 0 0 0 0
2 OTKDSK 0.6175 1.4302 -1.22057 0.000342 0.0937 0 0 0 0 0 0
2 OTKDSK 0.6175 1.4302 1.22057 0.000342 0.0937 0 0 0 0 0 0
2 OTKDSK 0.624874 1.4302 1.69402 0.000342 0.0937 0 0 0 0 0 0
2 OTKDSK 0.627415 1.4302 2.01001 0.000342 0.0937 0 0 0 0 0 0
2 OTKDSK 0.626312 1.4302 2.28399 0.000342 0.0937 0 0 0 0 0 0
SolGeom::GeoRead completed with 65 layers input
i = 0, Detector = VTX
i = 1, Detector = ITK
i = 2, Detector = OTK
i = 3, Detector = VTXDSK
i = 4, Detector = ITKDSK
i = 5, Detector = OTKDSK
