Processing LoadAll.c("CLD")...
Processing RunMetrics.cc+("/ptmp/mpp/fnardi/dev/FastTrackCovariance/opt/workers/w13/GeoOPT.txt", "/ptmp/mpp/fnardi/dev/FastTrackCovariance/opt/workers/w13/metrics.root", 40, 10.0, 20, 0.5, 100.0)...
1 VTX -0.0505664 0.0505664 0.0203127 5e-05 0.0937 2 0 1.5708 5e-06 5e-06 1
1 VTX -0.0505664 0.0505664 0.0223127 5e-05 0.0937 2 0 1.5708 5e-06 5e-06 1
1 VTX -0.0628795 0.0628795 0.0448487 5e-05 0.0937 2 0 1.5708 5e-06 5e-06 1
1 VTX -0.0628795 0.0628795 0.0468487 5e-05 0.0937 2 0 1.5708 5e-06 5e-06 1
1 VTX -0.0697724 0.0697724 0.0637824 5e-05 0.0937 2 0 1.5708 5e-06 5e-06 1
1 VTX -0.0697724 0.0697724 0.0657824 5e-05 0.0937 2 0 1.5708 5e-06 5e-06 1
1 VTX -0.0532653 0.0532653 0.0919224 5e-05 0.0937 2 0 1.5708 5e-06 5e-06 1
1 VTX -0.0532653 0.0532653 0.0939224 5e-05 0.0937 2 0 1.5708 5e-06 5e-06 1
1 VTX -0.0505664 0.0505664 0.0193127 0.000557 0.0937 0 0 0 0 0 0
1 VTX -0.0628795 0.0628795 0.0458487 0.000557 0.0937 0 0 0 0 0 0
1 VTX -0.0697724 0.0697724 0.0647824 0.000557 0.0937 0 0 0 0 0 0
1 VTX -0.0532653 0.0532653 0.0929224 0.000557 0.0937 0 0 0 0 0 0
1 VTX -0.5 0.5 0.113 0.000337 0.0937 0 0 0 0 0 0
1 ITK -0.0625981 0.0625981 0.157889 0.000956 0.0937 2 0 1.5708 7e-06 9e-05 1
1 ITK -0.0874662 0.0874662 0.431458 0.000956 0.0937 2 0 1.5708 7e-06 9e-05 1
1 ITK -0.212185 0.212185 0.483835 0.000956 0.0937 2 0 1.5708 7e-06 9e-05 1
1 ITK -0.0625981 0.0625981 0.162889 0.00017 0.0937 0 0 0 0 0 0
1 ITK -0.0874662 0.0874662 0.436458 0.00017 0.0937 0 0 0 0 0 0
1 ITK -0.212185 0.212185 0.488835 0.00017 0.0937 0 0 0 0 0 0
1 ITK -2.3 2.3 0.57 0.00125 0.0937 0 0 0 0 0 0
1 ITK -2.3 2.3 0.5705 0.000281 0.0937 0 0 0 0 0 0
1 OTK -1.6222 1.6222 0.591029 0.000956 0.0937 2 0 1.5708 7e-06 9e-05 1
1 OTK -1.10981 1.10981 1.02609 0.000956 0.0937 2 0 1.5708 7e-06 9e-05 1
1 OTK -2.20751 2.20751 1.45402 0.000956 0.0937 2 0 1.5708 7e-06 9e-05 1
1 OTK -1.6222 1.6222 0.596029 0.000244 0.0937 0 0 0 0 0 0
1 OTK -1.10981 1.10981 1.01609 0.000117 0.0937 0 0 0 0 0 0
1 OTK -2.20751 2.20751 1.44402 0.000117 0.0937 0 0 0 0 0 0
2 VTXDSK 0.05 0.112 -0.249762 5e-05 0.0937 2 0 1.5708 5e-06 5e-06 1
2 VTXDSK 0.0394022 0.112 -0.22497 5e-05 0.0937 2 0 1.5708 5e-06 5e-06 1
2 VTXDSK 0.0334652 0.112 -0.151 5e-05 0.0937 2 0 1.5708 5e-06 5e-06 1
2 VTXDSK 0.022 0.112 -0.0709191 5e-05 0.0937 2 0 1.5708 5e-06 5e-06 1
2 VTXDSK 0.022 0.112 0.0709191 5e-05 0.0937 2 0 1.5708 5e-06 5e-06 1
2 VTXDSK 0.0334652 0.112 0.151 5e-05 0.0937 2 0 1.5708 5e-06 5e-06 1
2 VTXDSK 0.0394022 0.112 0.22497 5e-05 0.0937 2 0 1.5708 5e-06 5e-06 1
2 VTXDSK 0.05 0.112 0.249762 5e-05 0.0937 2 0 1.5708 5e-06 5e-06 1
2 ITKDSK 0.284 0.56 -2.17732 0.000956 0.0937 2 0 1.5708 7e-06 9e-05 1
2 ITKDSK 0.264 0.56 -1.84479 0.000956 0.0937 2 0 1.5708 7e-06 9e-05 1
2 ITKDSK 0.237 0.56 -1.62691 0.000956 0.0937 2 0 1.5708 7e-06 9e-05 1
2 ITKDSK 0.212 0.56 -1.36943 0.000956 0.0937 2 0 1.5708 7e-06 9e-05 1
2 ITKDSK 0.19 0.56 -0.972618 0.000956 0.0937 2 0 1.5708 7e-06 9e-05 1
2 ITKDSK 0.147 0.56 -0.73882 0.000956 0.0937 2 0 1.5708 7e-06 9e-05 1
2 ITKDSK 0.0974399 0.41 -0.537839 0.000956 0.0937 2 0 1.5708 7e-06 9e-05 1
2 ITKDSK 0.0974399 0.41 0.537839 0.000956 0.0937 2 0 1.5708 7e-06 9e-05 1
2 ITKDSK 0.147 0.56 0.73882 0.000956 0.0937 2 0 1.5708 7e-06 9e-05 1
2 ITKDSK 0.19 0.56 0.972618 0.000956 0.0937 2 0 1.5708 7e-06 9e-05 1
2 ITKDSK 0.212 0.56 1.36943 0.000956 0.0937 2 0 1.5708 7e-06 9e-05 1
2 ITKDSK 0.237 0.56 1.62691 0.000956 0.0937 2 0 1.5708 7e-06 9e-05 1
2 ITKDSK 0.264 0.56 1.84479 0.000956 0.0937 2 0 1.5708 7e-06 9e-05 1
2 ITKDSK 0.284 0.56 2.17732 0.000956 0.0937 2 0 1.5708 7e-06 9e-05 1
2 OTKDSK 0.626312 1.4302 -2.29399 0.000956 0.0937 2 0 1.5708 7e-06 9e-05 1
2 OTKDSK 0.6175 1.4302 -1.78607 0.000956 0.0937 2 0 1.5708 7e-06 9e-05 1
2 OTKDSK 0.6175 1.4302 -1.58382 0.000956 0.0937 2 0 1.5708 7e-06 9e-05 1
2 OTKDSK 0.6175 1.4302 -1.1939 0.000956 0.0937 2 0 1.5708 7e-06 9e-05 1
2 OTKDSK 0.6175 1.4302 1.1939 0.000956 0.0937 2 0 1.5708 7e-06 9e-05 1
2 OTKDSK 0.6175 1.4302 1.58382 0.000956 0.0937 2 0 1.5708 7e-06 9e-05 1
2 OTKDSK 0.6175 1.4302 1.78607 0.000956 0.0937 2 0 1.5708 7e-06 9e-05 1
2 OTKDSK 0.626312 1.4302 2.29399 0.000956 0.0937 2 0 1.5708 7e-06 9e-05 1
2 OTKDSK 0.626312 1.4302 -2.28399 0.000342 0.0937 0 0 0 0 0 0
2 OTKDSK 0.6175 1.4302 -1.79607 0.000342 0.0937 0 0 0 0 0 0
2 OTKDSK 0.6175 1.4302 -1.57382 0.000342 0.0937 0 0 0 0 0 0
2 OTKDSK 0.6175 1.4302 -1.2039 0.000342 0.0937 0 0 0 0 0 0
2 OTKDSK 0.6175 1.4302 1.2039 0.000342 0.0937 0 0 0 0 0 0
2 OTKDSK 0.6175 1.4302 1.57382 0.000342 0.0937 0 0 0 0 0 0
2 OTKDSK 0.6175 1.4302 1.79607 0.000342 0.0937 0 0 0 0 0 0
2 OTKDSK 0.626312 1.4302 2.28399 0.000342 0.0937 0 0 0 0 0 0
SolGeom::GeoRead completed with 65 layers input
i = 0, Detector = VTX
i = 1, Detector = ITK
i = 2, Detector = OTK
i = 3, Detector = VTXDSK
i = 4, Detector = ITKDSK
i = 5, Detector = OTKDSK
