Processing LoadAll.c("CLD")...
Processing RunMetrics.cc+("/ptmp/mpp/fnardi/dev/FastTrackCovariance/opt/workers/w15/GeoOPT.txt", "/ptmp/mpp/fnardi/dev/FastTrackCovariance/opt/workers/w15/metrics.root", 40, 10.0, 20, 0.5, 100.0)...
1 VTX -0.0501256 0.0501256 0.0203127 5e-05 0.0937 2 0 1.5708 5e-06 5e-06 1
1 VTX -0.0501256 0.0501256 0.0223127 5e-05 0.0937 2 0 1.5708 5e-06 5e-06 1
1 VTX -0.0628795 0.0628795 0.045502 5e-05 0.0937 2 0 1.5708 5e-06 5e-06 1
1 VTX -0.0628795 0.0628795 0.047502 5e-05 0.0937 2 0 1.5708 5e-06 5e-06 1
1 VTX -0.0697724 0.0697724 0.0635609 5e-05 0.0937 2 0 1.5708 5e-06 5e-06 1
1 VTX -0.0697724 0.0697724 0.0655609 5e-05 0.0937 2 0 1.5708 5e-06 5e-06 1
1 VTX -0.0614612 0.0614612 0.0935331 5e-05 0.0937 2 0 1.5708 5e-06 5e-06 1
1 VTX -0.0614612 0.0614612 0.0955331 5e-05 0.0937 2 0 1.5708 5e-06 5e-06 1
1 VTX -0.0501256 0.0501256 0.0193127 0.000557 0.0937 0 0 0 0 0 0
1 VTX -0.0628795 0.0628795 0.046502 0.000557 0.0937 0 0 0 0 0 0
1 VTX -0.0697724 0.0697724 0.0645609 0.000557 0.0937 0 0 0 0 0 0
1 VTX -0.0614612 0.0614612 0.0945331 0.000557 0.0937 0 0 0 0 0 0
1 VTX -0.5 0.5 0.113 0.000337 0.0937 0 0 0 0 0 0
1 ITK -0.073446 0.073446 0.156584 0.000956 0.0937 2 0 1.5708 7e-06 9e-05 1
1 ITK -0.0962508 0.0962508 0.378232 0.000956 0.0937 2 0 1.5708 7e-06 9e-05 1
1 ITK -0.147659 0.147659 0.489115 0.000956 0.0937 2 0 1.5708 7e-06 9e-05 1
1 ITK -0.073446 0.073446 0.161584 0.00017 0.0937 0 0 0 0 0 0
1 ITK -0.0962508 0.0962508 0.383232 0.00017 0.0937 0 0 0 0 0 0
1 ITK -0.147659 0.147659 0.494115 0.00017 0.0937 0 0 0 0 0 0
1 ITK -2.3 2.3 0.57 0.00125 0.0937 0 0 0 0 0 0
1 ITK -2.3 2.3 0.5705 0.000281 0.0937 0 0 0 0 0 0
1 OTK -2.19993 2.19993 0.599875 0.000956 0.0937 2 0 1.5708 7e-06 9e-05 1
1 OTK -1.08799 1.08799 1.02928 0.000956 0.0937 2 0 1.5708 7e-06 9e-05 1
1 OTK -2.20751 2.20751 1.4508 0.000956 0.0937 2 0 1.5708 7e-06 9e-05 1
1 OTK -2.19993 2.19993 0.604875 0.000244 0.0937 0 0 0 0 0 0
1 OTK -1.08799 1.08799 1.01928 0.000117 0.0937 0 0 0 0 0 0
1 OTK -2.20751 2.20751 1.4408 0.000117 0.0937 0 0 0 0 0 0
2 VTXDSK 0.0538903 0.112 -0.302066 5e-05 0.0937 2 0 1.5708 5e-06 5e-06 1
2 VTXDSK 0.035 0.112 -0.162102 5e-05 0.0937 2 0 1.5708 5e-06 5e-06 1
2 VTXDSK 0.0288438 0.112 -0.124786 5e-05 0.0937 2 0 1.5708 5e-06 5e-06 1
2 VTXDSK 0.022 0.112 -0.0709191 5e-05 0.0937 2 0 1.5708 5e-06 5e-06 1
2 VTXDSK 0.022 0.112 0.0709191 5e-05 0.0937 2 0 1.5708 5e-06 5e-06 1
2 VTXDSK 0.0288438 0.112 0.124786 5e-05 0.0937 2 0 1.5708 5e-06 5e-06 1
2 VTXDSK 0.035 0.112 0.162102 5e-05 0.0937 2 0 1.5708 5e-06 5e-06 1
2 VTXDSK 0.0538903 0.112 0.302066 5e-05 0.0937 2 0 1.5708 5e-06 5e-06 1
2 ITKDSK 0.284 0.56 -2.17732 0.000956 0.0937 2 0 1.5708 7e-06 9e-05 1
2 ITKDSK 0.264 0.56 -1.84479 0.000956 0.0937 2 0 1.5708 7e-06 9e-05 1
2 ITKDSK 0.242191 0.56 -1.72226 0.000956 0.0937 2 0 1.5708 7e-06 9e-05 1
2 ITKDSK 0.212 0.56 -1.34646 0.000956 0.0937 2 0 1.5708 7e-06 9e-05 1
2 ITKDSK 0.192508 0.56 -1.1226 0.000956 0.0937 2 0 1.5708 7e-06 9e-05 1
2 ITKDSK 0.147 0.56 -0.73882 0.000956 0.0937 2 0 1.5708 7e-06 9e-05 1
2 ITKDSK 0.10466 0.41 -0.578793 0.000956 0.0937 2 0 1.5708 7e-06 9e-05 1
2 ITKDSK 0.10466 0.41 0.578793 0.000956 0.0937 2 0 1.5708 7e-06 9e-05 1
2 ITKDSK 0.147 0.56 0.73882 0.000956 0.0937 2 0 1.5708 7e-06 9e-05 1
2 ITKDSK 0.192508 0.56 1.1226 0.000956 0.0937 2 0 1.5708 7e-06 9e-05 1
2 ITKDSK 0.212 0.56 1.34646 0.000956 0.0937 2 0 1.5708 7e-06 9e-05 1
2 ITKDSK 0.242191 0.56 1.72226 0.000956 0.0937 2 0 1.5708 7e-06 9e-05 1
2 ITKDSK 0.264 0.56 1.84479 0.000956 0.0937 2 0 1.5708 7e-06 9e-05 1
2 ITKDSK 0.284 0.56 2.17732 0.000956 0.0937 2 0 1.5708 7e-06 9e-05 1
2 OTKDSK 0.6175 1.4302 -2.09851 0.000956 0.0937 2 0 1.5708 7e-06 9e-05 1
2 OTKDSK 0.6175 1.4302 -1.7957 0.000956 0.0937 2 0 1.5708 7e-06 9e-05 1
2 OTKDSK 0.623846 1.4302 -1.69189 0.000956 0.0937 2 0 1.5708 7e-06 9e-05 1
2 OTKDSK 0.6175 1.4302 -1.17038 0.000956 0.0937 2 0 1.5708 7e-06 9e-05 1
2 OTKDSK 0.6175 1.4302 1.17038 0.000956 0.0937 2 0 1.5708 7e-06 9e-05 1
2 OTKDSK 0.623846 1.4302 1.69189 0.000956 0.0937 2 0 1.5708 7e-06 9e-05 1
2 OTKDSK 0.6175 1.4302 1.7957 0.000956 0.0937 2 0 1.5708 7e-06 9e-05 1
2 OTKDSK 0.6175 1.4302 2.09851 0.000956 0.0937 2 0 1.5708 7e-06 9e-05 1
2 OTKDSK 0.6175 1.4302 -2.08851 0.000342 0.0937 0 0 0 0 0 0
2 OTKDSK 0.6175 1.4302 -1.8057 0.000342 0.0937 0 0 0 0 0 0
2 OTKDSK 0.623846 1.4302 -1.68189 0.000342 0.0937 0 0 0 0 0 0
2 OTKDSK 0.6175 1.4302 -1.18038 0.000342 0.0937 0 0 0 0 0 0
2 OTKDSK 0.6175 1.4302 1.18038 0.000342 0.0937 0 0 0 0 0 0
2 OTKDSK 0.623846 1.4302 1.68189 0.000342 0.0937 0 0 0 0 0 0
2 OTKDSK 0.6175 1.4302 1.8057 0.000342 0.0937 0 0 0 0 0 0
2 OTKDSK 0.6175 1.4302 2.08851 0.000342 0.0937 0 0 0 0 0 0
SolGeom::GeoRead completed with 65 layers input
i = 0, Detector = VTX
i = 1, Detector = ITK
i = 2, Detector = OTK
i = 3, Detector = VTXDSK
i = 4, Detector = ITKDSK
i = 5, Detector = OTKDSK
