Processing LoadAll.c("CLD")...
Processing RunMetrics.cc+("/ptmp/mpp/fnardi/dev/FastTrackCovariance/opt/workers/w28/GeoOPT.txt", "/ptmp/mpp/fnardi/dev/FastTrackCovariance/opt/workers/w28/metrics.root", 40, 10.0, 20, 0.5, 100.0)...
1 VTX -0.0500335 0.0500335 0.0205206 5e-05 0.0937 2 0 1.5708 5e-06 5e-06 1
1 VTX -0.0500335 0.0500335 0.0225206 5e-05 0.0937 2 0 1.5708 5e-06 5e-06 1
1 VTX -0.0534372 0.0534372 0.0420328 5e-05 0.0937 2 0 1.5708 5e-06 5e-06 1
1 VTX -0.0534372 0.0534372 0.0440328 5e-05 0.0937 2 0 1.5708 5e-06 5e-06 1
1 VTX -0.0552767 0.0552767 0.0685191 5e-05 0.0937 2 0 1.5708 5e-06 5e-06 1
1 VTX -0.0552767 0.0552767 0.0705191 5e-05 0.0937 2 0 1.5708 5e-06 5e-06 1
1 VTX -0.0508714 0.0508714 0.0935331 5e-05 0.0937 2 0 1.5708 5e-06 5e-06 1
1 VTX -0.0508714 0.0508714 0.0955331 5e-05 0.0937 2 0 1.5708 5e-06 5e-06 1
1 VTX -0.0500335 0.0500335 0.0195206 0.000557 0.0937 0 0 0 0 0 0
1 VTX -0.0534372 0.0534372 0.0430328 0.000557 0.0937 0 0 0 0 0 0
1 VTX -0.0552767 0.0552767 0.0695191 0.000557 0.0937 0 0 0 0 0 0
1 VTX -0.0508714 0.0508714 0.0945331 0.000557 0.0937 0 0 0 0 0 0
1 VTX -0.5 0.5 0.113 0.000337 0.0937 0 0 0 0 0 0
1 ITK -0.0598638 0.0598638 0.150484 0.000956 0.0937 2 0 1.5708 7e-06 9e-05 1
1 ITK -0.782939 0.782939 0.431458 0.000956 0.0937 2 0 1.5708 7e-06 9e-05 1
1 ITK -0.164091 0.164091 0.489115 0.000956 0.0937 2 0 1.5708 7e-06 9e-05 1
1 ITK -0.0598638 0.0598638 0.155484 0.00017 0.0937 0 0 0 0 0 0
1 ITK -0.782939 0.782939 0.436458 0.00017 0.0937 0 0 0 0 0 0
1 ITK -0.164091 0.164091 0.494115 0.00017 0.0937 0 0 0 0 0 0
1 ITK -2.3 2.3 0.57 0.00125 0.0937 0 0 0 0 0 0
1 ITK -2.3 2.3 0.5705 0.000281 0.0937 0 0 0 0 0 0
1 OTK -1.11959 1.11959 0.64177 0.000956 0.0937 2 0 1.5708 7e-06 9e-05 1
1 OTK -1.08799 1.08799 1.10171 0.000956 0.0937 2 0 1.5708 7e-06 9e-05 1
1 OTK -2.20751 2.20751 1.45402 0.000956 0.0937 2 0 1.5708 7e-06 9e-05 1
1 OTK -1.11959 1.11959 0.64677 0.000244 0.0937 0 0 0 0 0 0
1 OTK -1.08799 1.08799 1.09171 0.000117 0.0937 0 0 0 0 0 0
1 OTK -2.20751 2.20751 1.44402 0.000117 0.0937 0 0 0 0 0 0
2 VTXDSK 0.05 0.112 -0.244359 5e-05 0.0937 2 0 1.5708 5e-06 5e-06 1
2 VTXDSK 0.0350376 0.112 -0.200213 5e-05 0.0937 2 0 1.5708 5e-06 5e-06 1
2 VTXDSK 0.0292634 0.112 -0.127166 5e-05 0.0937 2 0 1.5708 5e-06 5e-06 1
2 VTXDSK 0.022 0.112 -0.0563159 5e-05 0.0937 2 0 1.5708 5e-06 5e-06 1
2 VTXDSK 0.022 0.112 0.0563159 5e-05 0.0937 2 0 1.5708 5e-06 5e-06 1
2 VTXDSK 0.0292634 0.112 0.127166 5e-05 0.0937 2 0 1.5708 5e-06 5e-06 1
2 VTXDSK 0.0350376 0.112 0.200213 5e-05 0.0937 2 0 1.5708 5e-06 5e-06 1
2 VTXDSK 0.05 0.112 0.244359 5e-05 0.0937 2 0 1.5708 5e-06 5e-06 1
2 ITKDSK 0.284 0.56 -2.15476 0.000956 0.0937 2 0 1.5708 7e-06 9e-05 1
2 ITKDSK 0.271926 0.56 -2.03953 0.000956 0.0937 2 0 1.5708 7e-06 9e-05 1
2 ITKDSK 0.23824 0.56 -1.67563 0.000956 0.0937 2 0 1.5708 7e-06 9e-05 1
2 ITKDSK 0.212 0.56 -1.3536 0.000956 0.0937 2 0 1.5708 7e-06 9e-05 1
2 ITKDSK 0.19 0.56 -1.08877 0.000956 0.0937 2 0 1.5708 7e-06 9e-05 1
2 ITKDSK 0.155208 0.56 -0.854555 0.000956 0.0937 2 0 1.5708 7e-06 9e-05 1
2 ITKDSK 0.0974399 0.41 -0.537839 0.000956 0.0937 2 0 1.5708 7e-06 9e-05 1
2 ITKDSK 0.0974399 0.41 0.537839 0.000956 0.0937 2 0 1.5708 7e-06 9e-05 1
2 ITKDSK 0.155208 0.56 0.854555 0.000956 0.0937 2 0 1.5708 7e-06 9e-05 1
2 ITKDSK 0.19 0.56 1.08877 0.000956 0.0937 2 0 1.5708 7e-06 9e-05 1
2 ITKDSK 0.212 0.56 1.3536 0.000956 0.0937 2 0 1.5708 7e-06 9e-05 1
2 ITKDSK 0.23824 0.56 1.67563 0.000956 0.0937 2 0 1.5708 7e-06 9e-05 1
2 ITKDSK 0.271926 0.56 2.03953 0.000956 0.0937 2 0 1.5708 7e-06 9e-05 1
2 ITKDSK 0.284 0.56 2.15476 0.000956 0.0937 2 0 1.5708 7e-06 9e-05 1
2 OTKDSK 0.6175 1.4302 -2.11498 0.000956 0.0937 2 0 1.5708 7e-06 9e-05 1
2 OTKDSK 0.6175 1.4302 -1.82794 0.000956 0.0937 2 0 1.5708 7e-06 9e-05 1
2 OTKDSK 0.62833 1.4302 -1.7448 0.000956 0.0937 2 0 1.5708 7e-06 9e-05 1
2 OTKDSK 0.6175 1.4302 -1.17038 0.000956 0.0937 2 0 1.5708 7e-06 9e-05 1
2 OTKDSK 0.6175 1.4302 1.17038 0.000956 0.0937 2 0 1.5708 7e-06 9e-05 1
2 OTKDSK 0.62833 1.4302 1.7448 0.000956 0.0937 2 0 1.5708 7e-06 9e-05 1
2 OTKDSK 0.6175 1.4302 1.82794 0.000956 0.0937 2 0 1.5708 7e-06 9e-05 1
2 OTKDSK 0.6175 1.4302 2.11498 0.000956 0.0937 2 0 1.5708 7e-06 9e-05 1
2 OTKDSK 0.6175 1.4302 -2.10498 0.000342 0.0937 0 0 0 0 0 0
2 OTKDSK 0.6175 1.4302 -1.83794 0.000342 0.0937 0 0 0 0 0 0
2 OTKDSK 0.62833 1.4302 -1.7348 0.000342 0.0937 0 0 0 0 0 0
2 OTKDSK 0.6175 1.4302 -1.18038 0.000342 0.0937 0 0 0 0 0 0
2 OTKDSK 0.6175 1.4302 1.18038 0.000342 0.0937 0 0 0 0 0 0
2 OTKDSK 0.62833 1.4302 1.7348 0.000342 0.0937 0 0 0 0 0 0
2 OTKDSK 0.6175 1.4302 1.83794 0.000342 0.0937 0 0 0 0 0 0
2 OTKDSK 0.6175 1.4302 2.10498 0.000342 0.0937 0 0 0 0 0 0
SolGeom::GeoRead completed with 65 layers input
i = 0, Detector = VTX
i = 1, Detector = ITK
i = 2, Detector = OTK
i = 3, Detector = VTXDSK
i = 4, Detector = ITKDSK
i = 5, Detector = OTKDSK
