Processing LoadAll.c("CLD")...
Processing RunMetrics.cc+("/ptmp/mpp/fnardi/dev/FastTrackCovariance/opt/workers/w00/GeoOPT.txt", "/ptmp/mpp/fnardi/dev/FastTrackCovariance/opt/workers/w00/metrics.root", 40, 10.0, 20, 0.5, 100.0)...
1 VTX -0.0533261 0.0533261 0.0203127 5e-05 0.0937 2 0 1.5708 5e-06 5e-06 1
1 VTX -0.0533261 0.0533261 0.0223127 5e-05 0.0937 2 0 1.5708 5e-06 5e-06 1
1 VTX -0.0685359 0.0685359 0.0418966 5e-05 0.0937 2 0 1.5708 5e-06 5e-06 1
1 VTX -0.0685359 0.0685359 0.0438966 5e-05 0.0937 2 0 1.5708 5e-06 5e-06 1
1 VTX -0.0784559 0.0784559 0.0705318 5e-05 0.0937 2 0 1.5708 5e-06 5e-06 1
1 VTX -0.0784559 0.0784559 0.0725318 5e-05 0.0937 2 0 1.5708 5e-06 5e-06 1
1 VTX -0.0546993 0.0546993 0.0935331 5e-05 0.0937 2 0 1.5708 5e-06 5e-06 1
1 VTX -0.0546993 0.0546993 0.0955331 5e-05 0.0937 2 0 1.5708 5e-06 5e-06 1
1 VTX -0.0533261 0.0533261 0.0193127 0.000557 0.0937 0 0 0 0 0 0
1 VTX -0.0685359 0.0685359 0.0428966 0.000557 0.0937 0 0 0 0 0 0
1 VTX -0.0784559 0.0784559 0.0715318 0.000557 0.0937 0 0 0 0 0 0
1 VTX -0.0546993 0.0546993 0.0945331 0.000557 0.0937 0 0 0 0 0 0
1 VTX -0.5 0.5 0.113 0.000337 0.0937 0 0 0 0 0 0
1 ITK -0.0716267 0.0716267 0.126897 0.000956 0.0937 2 0 1.5708 7e-06 9e-05 1
1 ITK -0.100121 0.100121 0.431458 0.000956 0.0937 2 0 1.5708 7e-06 9e-05 1
1 ITK -0.151581 0.151581 0.456145 0.000956 0.0937 2 0 1.5708 7e-06 9e-05 1
1 ITK -0.0716267 0.0716267 0.131897 0.00017 0.0937 0 0 0 0 0 0
1 ITK -0.100121 0.100121 0.436458 0.00017 0.0937 0 0 0 0 0 0
1 ITK -0.151581 0.151581 0.461145 0.00017 0.0937 0 0 0 0 0 0
1 ITK -2.3 2.3 0.57 0.00125 0.0937 0 0 0 0 0 0
1 ITK -2.3 2.3 0.5705 0.000281 0.0937 0 0 0 0 0 0
1 OTK -2.22618 2.22618 0.599875 0.000956 0.0937 2 0 1.5708 7e-06 9e-05 1
1 OTK -0.892925 0.892925 1.0508 0.000956 0.0937 2 0 1.5708 7e-06 9e-05 1
1 OTK -2.03595 2.03595 1.45269 0.000956 0.0937 2 0 1.5708 7e-06 9e-05 1
1 OTK -2.22618 2.22618 0.604875 0.000244 0.0937 0 0 0 0 0 0
1 OTK -0.892925 0.892925 1.0408 0.000117 0.0937 0 0 0 0 0 0
1 OTK -2.03595 2.03595 1.44269 0.000117 0.0937 0 0 0 0 0 0
2 VTXDSK 0.05 0.112 -0.259609 5e-05 0.0937 2 0 1.5708 5e-06 5e-06 1
2 VTXDSK 0.0353252 0.112 -0.201845 5e-05 0.0937 2 0 1.5708 5e-06 5e-06 1
2 VTXDSK 0.0305712 0.112 -0.134584 5e-05 0.0937 2 0 1.5708 5e-06 5e-06 1
2 VTXDSK 0.022 0.112 -0.079667 5e-05 0.0937 2 0 1.5708 5e-06 5e-06 1
2 VTXDSK 0.022 0.112 0.079667 5e-05 0.0937 2 0 1.5708 5e-06 5e-06 1
2 VTXDSK 0.0305712 0.112 0.134584 5e-05 0.0937 2 0 1.5708 5e-06 5e-06 1
2 VTXDSK 0.0353252 0.112 0.201845 5e-05 0.0937 2 0 1.5708 5e-06 5e-06 1
2 VTXDSK 0.05 0.112 0.259609 5e-05 0.0937 2 0 1.5708 5e-06 5e-06 1
2 ITKDSK 0.284 0.56 -2.17732 0.000956 0.0937 2 0 1.5708 7e-06 9e-05 1
2 ITKDSK 0.264 0.56 -1.84479 0.000956 0.0937 2 0 1.5708 7e-06 9e-05 1
2 ITKDSK 0.237 0.56 -1.60017 0.000956 0.0937 2 0 1.5708 7e-06 9e-05 1
2 ITKDSK 0.212 0.56 -1.35824 0.000956 0.0937 2 0 1.5708 7e-06 9e-05 1
2 ITKDSK 0.190433 0.56 -1.09811 0.000956 0.0937 2 0 1.5708 7e-06 9e-05 1
2 ITKDSK 0.147 0.56 -0.766445 0.000956 0.0937 2 0 1.5708 7e-06 9e-05 1
2 ITKDSK 0.0974399 0.41 -0.537839 0.000956 0.0937 2 0 1.5708 7e-06 9e-05 1
2 ITKDSK 0.0974399 0.41 0.537839 0.000956 0.0937 2 0 1.5708 7e-06 9e-05 1
2 ITKDSK 0.147 0.56 0.766445 0.000956 0.0937 2 0 1.5708 7e-06 9e-05 1
2 ITKDSK 0.190433 0.56 1.09811 0.000956 0.0937 2 0 1.5708 7e-06 9e-05 1
2 ITKDSK 0.212 0.56 1.35824 0.000956 0.0937 2 0 1.5708 7e-06 9e-05 1
2 ITKDSK 0.237 0.56 1.60017 0.000956 0.0937 2 0 1.5708 7e-06 9e-05 1
2 ITKDSK 0.264 0.56 1.84479 0.000956 0.0937 2 0 1.5708 7e-06 9e-05 1
2 ITKDSK 0.284 0.56 2.17732 0.000956 0.0937 2 0 1.5708 7e-06 9e-05 1
2 OTKDSK 0.626312 1.4302 -2.29399 0.000956 0.0937 2 0 1.5708 7e-06 9e-05 1
2 OTKDSK 0.6175 1.4302 -1.78607 0.000956 0.0937 2 0 1.5708 7e-06 9e-05 1
2 OTKDSK 0.621083 1.4302 -1.65928 0.000956 0.0937 2 0 1.5708 7e-06 9e-05 1
2 OTKDSK 0.6175 1.4302 -1.10987 0.000956 0.0937 2 0 1.5708 7e-06 9e-05 1
2 OTKDSK 0.6175 1.4302 1.10987 0.000956 0.0937 2 0 1.5708 7e-06 9e-05 1
2 OTKDSK 0.621083 1.4302 1.65928 0.000956 0.0937 2 0 1.5708 7e-06 9e-05 1
2 OTKDSK 0.6175 1.4302 1.78607 0.000956 0.0937 2 0 1.5708 7e-06 9e-05 1
2 OTKDSK 0.626312 1.4302 2.29399 0.000956 0.0937 2 0 1.5708 7e-06 9e-05 1
2 OTKDSK 0.626312 1.4302 -2.28399 0.000342 0.0937 0 0 0 0 0 0
2 OTKDSK 0.6175 1.4302 -1.79607 0.000342 0.0937 0 0 0 0 0 0
2 OTKDSK 0.621083 1.4302 -1.64928 0.000342 0.0937 0 0 0 0 0 0
2 OTKDSK 0.6175 1.4302 -1.11987 0.000342 0.0937 0 0 0 0 0 0
2 OTKDSK 0.6175 1.4302 1.11987 0.000342 0.0937 0 0 0 0 0 0
2 OTKDSK 0.621083 1.4302 1.64928 0.000342 0.0937 0 0 0 0 0 0
2 OTKDSK 0.6175 1.4302 1.79607 0.000342 0.0937 0 0 0 0 0 0
2 OTKDSK 0.626312 1.4302 2.28399 0.000342 0.0937 0 0 0 0 0 0
SolGeom::GeoRead completed with 65 layers input
i = 0, Detector = VTX
i = 1, Detector = ITK
i = 2, Detector = OTK
i = 3, Detector = VTXDSK
i = 4, Detector = ITKDSK
i = 5, Detector = OTKDSK
