Processing LoadAll.c("CLD")...
Processing RunMetrics.cc+("/ptmp/mpp/fnardi/dev/FastTrackCovariance/opt/workers/w19/GeoOPT.txt", "/ptmp/mpp/fnardi/dev/FastTrackCovariance/opt/workers/w19/metrics.root", 40, 10.0, 20, 0.5, 100.0)...
1 VTX -0.0502041 0.0502041 0.0203127 5e-05 0.0937 2 0 1.5708 5e-06 5e-06 1
1 VTX -0.0502041 0.0502041 0.0223127 5e-05 0.0937 2 0 1.5708 5e-06 5e-06 1
1 VTX -0.0727468 0.0727468 0.0418966 5e-05 0.0937 2 0 1.5708 5e-06 5e-06 1
1 VTX -0.0727468 0.0727468 0.0438966 5e-05 0.0937 2 0 1.5708 5e-06 5e-06 1
1 VTX -0.0821206 0.0821206 0.0637824 5e-05 0.0937 2 0 1.5708 5e-06 5e-06 1
1 VTX -0.0821206 0.0821206 0.0657824 5e-05 0.0937 2 0 1.5708 5e-06 5e-06 1
1 VTX -0.0630488 0.0630488 0.0935331 5e-05 0.0937 2 0 1.5708 5e-06 5e-06 1
1 VTX -0.0630488 0.0630488 0.0955331 5e-05 0.0937 2 0 1.5708 5e-06 5e-06 1
1 VTX -0.0502041 0.0502041 0.0193127 0.000557 0.0937 0 0 0 0 0 0
1 VTX -0.0727468 0.0727468 0.0428966 0.000557 0.0937 0 0 0 0 0 0
1 VTX -0.0821206 0.0821206 0.0647824 0.000557 0.0937 0 0 0 0 0 0
1 VTX -0.0630488 0.0630488 0.0945331 0.000557 0.0937 0 0 0 0 0 0
1 VTX -0.5 0.5 0.113 0.000337 0.0937 0 0 0 0 0 0
1 ITK -0.0706727 0.0706727 0.150484 0.000956 0.0937 2 0 1.5708 7e-06 9e-05 1
1 ITK -0.421348 0.421348 0.36629 0.000956 0.0937 2 0 1.5708 7e-06 9e-05 1
1 ITK -0.281626 0.281626 0.478986 0.000956 0.0937 2 0 1.5708 7e-06 9e-05 1
1 ITK -0.0706727 0.0706727 0.155484 0.00017 0.0937 0 0 0 0 0 0
1 ITK -0.421348 0.421348 0.37129 0.00017 0.0937 0 0 0 0 0 0
1 ITK -0.281626 0.281626 0.483986 0.00017 0.0937 0 0 0 0 0 0
1 ITK -2.3 2.3 0.57 0.00125 0.0937 0 0 0 0 0 0
1 ITK -2.3 2.3 0.5705 0.000281 0.0937 0 0 0 0 0 0
1 OTK -2.08029 2.08029 0.599875 0.000956 0.0937 2 0 1.5708 7e-06 9e-05 1
1 OTK -1.08799 1.08799 1.10223 0.000956 0.0937 2 0 1.5708 7e-06 9e-05 1
1 OTK -2.25706 2.25706 1.45402 0.000956 0.0937 2 0 1.5708 7e-06 9e-05 1
1 OTK -2.08029 2.08029 0.604875 0.000244 0.0937 0 0 0 0 0 0
1 OTK -1.08799 1.08799 1.09223 0.000117 0.0937 0 0 0 0 0 0
1 OTK -2.25706 2.25706 1.44402 0.000117 0.0937 0 0 0 0 0 0
2 VTXDSK 0.05 0.112 -0.249762 5e-05 0.0937 2 0 1.5708 5e-06 5e-06 1
2 VTXDSK 0.0382609 0.112 -0.218496 5e-05 0.0937 2 0 1.5708 5e-06 5e-06 1
2 VTXDSK 0.0281454 0.112 -0.120824 5e-05 0.0937 2 0 1.5708 5e-06 5e-06 1
2 VTXDSK 0.0225922 0.112 -0.0833589 5e-05 0.0937 2 0 1.5708 5e-06 5e-06 1
2 VTXDSK 0.0225922 0.112 0.0833589 5e-05 0.0937 2 0 1.5708 5e-06 5e-06 1
2 VTXDSK 0.0281454 0.112 0.120824 5e-05 0.0937 2 0 1.5708 5e-06 5e-06 1
2 VTXDSK 0.0382609 0.112 0.218496 5e-05 0.0937 2 0 1.5708 5e-06 5e-06 1
2 VTXDSK 0.05 0.112 0.249762 5e-05 0.0937 2 0 1.5708 5e-06 5e-06 1
2 ITKDSK 0.292036 0.56 -2.28483 0.000956 0.0937 2 0 1.5708 7e-06 9e-05 1
2 ITKDSK 0.264 0.56 -1.84479 0.000956 0.0937 2 0 1.5708 7e-06 9e-05 1
2 ITKDSK 0.242637 0.56 -1.72752 0.000956 0.0937 2 0 1.5708 7e-06 9e-05 1
2 ITKDSK 0.223621 0.56 -1.51413 0.000956 0.0937 2 0 1.5708 7e-06 9e-05 1
2 ITKDSK 0.19 0.56 -0.972618 0.000956 0.0937 2 0 1.5708 7e-06 9e-05 1
2 ITKDSK 0.15953 0.56 -0.879071 0.000956 0.0937 2 0 1.5708 7e-06 9e-05 1
2 ITKDSK 0.095 0.41 -0.516363 0.000956 0.0937 2 0 1.5708 7e-06 9e-05 1
2 ITKDSK 0.095 0.41 0.516363 0.000956 0.0937 2 0 1.5708 7e-06 9e-05 1
2 ITKDSK 0.15953 0.56 0.879071 0.000956 0.0937 2 0 1.5708 7e-06 9e-05 1
2 ITKDSK 0.19 0.56 0.972618 0.000956 0.0937 2 0 1.5708 7e-06 9e-05 1
2 ITKDSK 0.223621 0.56 1.51413 0.000956 0.0937 2 0 1.5708 7e-06 9e-05 1
2 ITKDSK 0.242637 0.56 1.72752 0.000956 0.0937 2 0 1.5708 7e-06 9e-05 1
2 ITKDSK 0.264 0.56 1.84479 0.000956 0.0937 2 0 1.5708 7e-06 9e-05 1
2 ITKDSK 0.292036 0.56 2.28483 0.000956 0.0937 2 0 1.5708 7e-06 9e-05 1
2 OTKDSK 0.6175 1.4302 -2.08523 0.000956 0.0937 2 0 1.5708 7e-06 9e-05 1
2 OTKDSK 0.6175 1.4302 -1.78607 0.000956 0.0937 2 0 1.5708 7e-06 9e-05 1
2 OTKDSK 0.628659 1.4302 -1.74869 0.000956 0.0937 2 0 1.5708 7e-06 9e-05 1
2 OTKDSK 0.6175 1.4302 -1.17038 0.000956 0.0937 2 0 1.5708 7e-06 9e-05 1
2 OTKDSK 0.6175 1.4302 1.17038 0.000956 0.0937 2 0 1.5708 7e-06 9e-05 1
2 OTKDSK 0.628659 1.4302 1.74869 0.000956 0.0937 2 0 1.5708 7e-06 9e-05 1
2 OTKDSK 0.6175 1.4302 1.78607 0.000956 0.0937 2 0 1.5708 7e-06 9e-05 1
2 OTKDSK 0.6175 1.4302 2.08523 0.000956 0.0937 2 0 1.5708 7e-06 9e-05 1
2 OTKDSK 0.6175 1.4302 -2.07523 0.000342 0.0937 0 0 0 0 0 0
2 OTKDSK 0.6175 1.4302 -1.79607 0.000342 0.0937 0 0 0 0 0 0
2 OTKDSK 0.628659 1.4302 -1.73869 0.000342 0.0937 0 0 0 0 0 0
2 OTKDSK 0.6175 1.4302 -1.18038 0.000342 0.0937 0 0 0 0 0 0
2 OTKDSK 0.6175 1.4302 1.18038 0.000342 0.0937 0 0 0 0 0 0
2 OTKDSK 0.628659 1.4302 1.73869 0.000342 0.0937 0 0 0 0 0 0
2 OTKDSK 0.6175 1.4302 1.79607 0.000342 0.0937 0 0 0 0 0 0
2 OTKDSK 0.6175 1.4302 2.07523 0.000342 0.0937 0 0 0 0 0 0
SolGeom::GeoRead completed with 65 layers input
i = 0, Detector = VTX
i = 1, Detector = ITK
i = 2, Detector = OTK
i = 3, Detector = VTXDSK
i = 4, Detector = ITKDSK
i = 5, Detector = OTKDSK
