Processing LoadAll.c("CLD")...
Processing RunMetrics.cc+("/ptmp/mpp/fnardi/dev/FastTrackCovariance/opt/workers/w25/GeoOPT.txt", "/ptmp/mpp/fnardi/dev/FastTrackCovariance/opt/workers/w25/metrics.root", 40, 10.0, 20, 0.5, 100.0)...
1 VTX -0.0501969 0.0501969 0.0203127 5e-05 0.0937 2 0 1.5708 5e-06 5e-06 1
1 VTX -0.0501969 0.0501969 0.0223127 5e-05 0.0937 2 0 1.5708 5e-06 5e-06 1
1 VTX -0.0700844 0.0700844 0.0465418 5e-05 0.0937 2 0 1.5708 5e-06 5e-06 1
1 VTX -0.0700844 0.0700844 0.0485418 5e-05 0.0937 2 0 1.5708 5e-06 5e-06 1
1 VTX -0.0711321 0.0711321 0.0668399 5e-05 0.0937 2 0 1.5708 5e-06 5e-06 1
1 VTX -0.0711321 0.0711321 0.0688399 5e-05 0.0937 2 0 1.5708 5e-06 5e-06 1
1 VTX -0.0551175 0.0551175 0.0975775 5e-05 0.0937 2 0 1.5708 5e-06 5e-06 1
1 VTX -0.0551175 0.0551175 0.0995775 5e-05 0.0937 2 0 1.5708 5e-06 5e-06 1
1 VTX -0.0501969 0.0501969 0.0193127 0.000557 0.0937 0 0 0 0 0 0
1 VTX -0.0700844 0.0700844 0.0475418 0.000557 0.0937 0 0 0 0 0 0
1 VTX -0.0711321 0.0711321 0.0678399 0.000557 0.0937 0 0 0 0 0 0
1 VTX -0.0551175 0.0551175 0.0985775 0.000557 0.0937 0 0 0 0 0 0
1 VTX -0.5 0.5 0.113 0.000337 0.0937 0 0 0 0 0 0
1 ITK -0.070051 0.070051 0.150484 0.000956 0.0937 2 0 1.5708 7e-06 9e-05 1
1 ITK -0.44165 0.44165 0.306046 0.000956 0.0937 2 0 1.5708 7e-06 9e-05 1
1 ITK -0.221186 0.221186 0.470739 0.000956 0.0937 2 0 1.5708 7e-06 9e-05 1
1 ITK -0.070051 0.070051 0.155484 0.00017 0.0937 0 0 0 0 0 0
1 ITK -0.44165 0.44165 0.311046 0.00017 0.0937 0 0 0 0 0 0
1 ITK -0.221186 0.221186 0.475739 0.00017 0.0937 0 0 0 0 0 0
1 ITK -2.3 2.3 0.57 0.00125 0.0937 0 0 0 0 0 0
1 ITK -2.3 2.3 0.5705 0.000281 0.0937 0 0 0 0 0 0
1 OTK -2.19993 2.19993 0.600917 0.000956 0.0937 2 0 1.5708 7e-06 9e-05 1
1 OTK -0.545048 0.545048 1.10171 0.000956 0.0937 2 0 1.5708 7e-06 9e-05 1
1 OTK -2.20751 2.20751 1.45402 0.000956 0.0937 2 0 1.5708 7e-06 9e-05 1
1 OTK -2.19993 2.19993 0.605917 0.000244 0.0937 0 0 0 0 0 0
1 OTK -0.545048 0.545048 1.09171 0.000117 0.0937 0 0 0 0 0 0
1 OTK -2.20751 2.20751 1.44402 0.000117 0.0937 0 0 0 0 0 0
2 VTXDSK 0.05 0.112 -0.266497 5e-05 0.0937 2 0 1.5708 5e-06 5e-06 1
2 VTXDSK 0.0414099 0.112 -0.236358 5e-05 0.0937 2 0 1.5708 5e-06 5e-06 1
2 VTXDSK 0.028 0.112 -0.103295 5e-05 0.0937 2 0 1.5708 5e-06 5e-06 1
2 VTXDSK 0.0223911 0.112 -0.0822183 5e-05 0.0937 2 0 1.5708 5e-06 5e-06 1
2 VTXDSK 0.0223911 0.112 0.0822183 5e-05 0.0937 2 0 1.5708 5e-06 5e-06 1
2 VTXDSK 0.028 0.112 0.103295 5e-05 0.0937 2 0 1.5708 5e-06 5e-06 1
2 VTXDSK 0.0414099 0.112 0.236358 5e-05 0.0937 2 0 1.5708 5e-06 5e-06 1
2 VTXDSK 0.05 0.112 0.266497 5e-05 0.0937 2 0 1.5708 5e-06 5e-06 1
2 ITKDSK 0.292832 0.56 -2.29423 0.000956 0.0937 2 0 1.5708 7e-06 9e-05 1
2 ITKDSK 0.264 0.56 -1.81658 0.000956 0.0937 2 0 1.5708 7e-06 9e-05 1
2 ITKDSK 0.237 0.56 -1.56323 0.000956 0.0937 2 0 1.5708 7e-06 9e-05 1
2 ITKDSK 0.212 0.56 -1.36943 0.000956 0.0937 2 0 1.5708 7e-06 9e-05 1
2 ITKDSK 0.19 0.56 -1.05731 0.000956 0.0937 2 0 1.5708 7e-06 9e-05 1
2 ITKDSK 0.15686 0.56 -0.863926 0.000956 0.0937 2 0 1.5708 7e-06 9e-05 1
2 ITKDSK 0.095 0.41 -0.502367 0.000956 0.0937 2 0 1.5708 7e-06 9e-05 1
2 ITKDSK 0.095 0.41 0.502367 0.000956 0.0937 2 0 1.5708 7e-06 9e-05 1
2 ITKDSK 0.15686 0.56 0.863926 0.000956 0.0937 2 0 1.5708 7e-06 9e-05 1
2 ITKDSK 0.19 0.56 1.05731 0.000956 0.0937 2 0 1.5708 7e-06 9e-05 1
2 ITKDSK 0.212 0.56 1.36943 0.000956 0.0937 2 0 1.5708 7e-06 9e-05 1
2 ITKDSK 0.237 0.56 1.56323 0.000956 0.0937 2 0 1.5708 7e-06 9e-05 1
2 ITKDSK 0.264 0.56 1.81658 0.000956 0.0937 2 0 1.5708 7e-06 9e-05 1
2 ITKDSK 0.292832 0.56 2.29423 0.000956 0.0937 2 0 1.5708 7e-06 9e-05 1
2 OTKDSK 0.621224 1.4302 -2.23394 0.000956 0.0937 2 0 1.5708 7e-06 9e-05 1
2 OTKDSK 0.62308 1.4302 -1.94884 0.000956 0.0937 2 0 1.5708 7e-06 9e-05 1
2 OTKDSK 0.6175 1.4302 -1.57195 0.000956 0.0937 2 0 1.5708 7e-06 9e-05 1
2 OTKDSK 0.6175 1.4302 -1.17038 0.000956 0.0937 2 0 1.5708 7e-06 9e-05 1
2 OTKDSK 0.6175 1.4302 1.17038 0.000956 0.0937 2 0 1.5708 7e-06 9e-05 1
2 OTKDSK 0.6175 1.4302 1.57195 0.000956 0.0937 2 0 1.5708 7e-06 9e-05 1
2 OTKDSK 0.62308 1.4302 1.94884 0.000956 0.0937 2 0 1.5708 7e-06 9e-05 1
2 OTKDSK 0.621224 1.4302 2.23394 0.000956 0.0937 2 0 1.5708 7e-06 9e-05 1
2 OTKDSK 0.621224 1.4302 -2.22394 0.000342 0.0937 0 0 0 0 0 0
2 OTKDSK 0.62308 1.4302 -1.95884 0.000342 0.0937 0 0 0 0 0 0
2 OTKDSK 0.6175 1.4302 -1.56195 0.000342 0.0937 0 0 0 0 0 0
2 OTKDSK 0.6175 1.4302 -1.18038 0.000342 0.0937 0 0 0 0 0 0
2 OTKDSK 0.6175 1.4302 1.18038 0.000342 0.0937 0 0 0 0 0 0
2 OTKDSK 0.6175 1.4302 1.56195 0.000342 0.0937 0 0 0 0 0 0
2 OTKDSK 0.62308 1.4302 1.95884 0.000342 0.0937 0 0 0 0 0 0
2 OTKDSK 0.621224 1.4302 2.22394 0.000342 0.0937 0 0 0 0 0 0
SolGeom::GeoRead completed with 65 layers input
i = 0, Detector = VTX
i = 1, Detector = ITK
i = 2, Detector = OTK
i = 3, Detector = VTXDSK
i = 4, Detector = ITKDSK
i = 5, Detector = OTKDSK
