Processing LoadAll.c("CLD")...
Processing RunMetrics.cc+("/ptmp/mpp/fnardi/dev/FastTrackCovariance/opt/workers/w23/GeoOPT.txt", "/ptmp/mpp/fnardi/dev/FastTrackCovariance/opt/workers/w23/metrics.root", 40, 10.0, 20, 0.5, 100.0)...
1 VTX -0.0501735 0.0501735 0.0203127 5e-05 0.0937 2 0 1.5708 5e-06 5e-06 1
1 VTX -0.0501735 0.0501735 0.0223127 5e-05 0.0937 2 0 1.5708 5e-06 5e-06 1
1 VTX -0.067788 0.067788 0.0438791 5e-05 0.0937 2 0 1.5708 5e-06 5e-06 1
1 VTX -0.067788 0.067788 0.0458791 5e-05 0.0937 2 0 1.5708 5e-06 5e-06 1
1 VTX -0.0773079 0.0773079 0.0638071 5e-05 0.0937 2 0 1.5708 5e-06 5e-06 1
1 VTX -0.0773079 0.0773079 0.0658071 5e-05 0.0937 2 0 1.5708 5e-06 5e-06 1
1 VTX -0.0569076 0.0569076 0.0935331 5e-05 0.0937 2 0 1.5708 5e-06 5e-06 1
1 VTX -0.0569076 0.0569076 0.0955331 5e-05 0.0937 2 0 1.5708 5e-06 5e-06 1
1 VTX -0.0501735 0.0501735 0.0193127 0.000557 0.0937 0 0 0 0 0 0
1 VTX -0.067788 0.067788 0.0448791 0.000557 0.0937 0 0 0 0 0 0
1 VTX -0.0773079 0.0773079 0.0648071 0.000557 0.0937 0 0 0 0 0 0
1 VTX -0.0569076 0.0569076 0.0945331 0.000557 0.0937 0 0 0 0 0 0
1 VTX -0.5 0.5 0.113 0.000337 0.0937 0 0 0 0 0 0
1 ITK -0.0716267 0.0716267 0.115209 0.000956 0.0937 2 0 1.5708 7e-06 9e-05 1
1 ITK -0.227402 0.227402 0.431458 0.000956 0.0937 2 0 1.5708 7e-06 9e-05 1
1 ITK -0.147659 0.147659 0.506102 0.000956 0.0937 2 0 1.5708 7e-06 9e-05 1
1 ITK -0.0716267 0.0716267 0.120209 0.00017 0.0937 0 0 0 0 0 0
1 ITK -0.227402 0.227402 0.436458 0.00017 0.0937 0 0 0 0 0 0
1 ITK -0.147659 0.147659 0.511102 0.00017 0.0937 0 0 0 0 0 0
1 ITK -2.3 2.3 0.57 0.00125 0.0937 0 0 0 0 0 0
1 ITK -2.3 2.3 0.5705 0.000281 0.0937 0 0 0 0 0 0
1 OTK -2.19993 2.19993 0.599875 0.000956 0.0937 2 0 1.5708 7e-06 9e-05 1
1 OTK -0.801101 0.801101 1.03718 0.000956 0.0937 2 0 1.5708 7e-06 9e-05 1
1 OTK -2.20751 2.20751 1.45238 0.000956 0.0937 2 0 1.5708 7e-06 9e-05 1
1 OTK -2.19993 2.19993 0.604875 0.000244 0.0937 0 0 0 0 0 0
1 OTK -0.801101 0.801101 1.02718 0.000117 0.0937 0 0 0 0 0 0
1 OTK -2.20751 2.20751 1.44238 0.000117 0.0937 0 0 0 0 0 0
2 VTXDSK 0.05 0.112 -0.249762 5e-05 0.0937 2 0 1.5708 5e-06 5e-06 1
2 VTXDSK 0.0392935 0.112 -0.224354 5e-05 0.0937 2 0 1.5708 5e-06 5e-06 1
2 VTXDSK 0.032032 0.112 -0.14287 5e-05 0.0937 2 0 1.5708 5e-06 5e-06 1
2 VTXDSK 0.022 0.112 -0.0785105 5e-05 0.0937 2 0 1.5708 5e-06 5e-06 1
2 VTXDSK 0.022 0.112 0.0785105 5e-05 0.0937 2 0 1.5708 5e-06 5e-06 1
2 VTXDSK 0.032032 0.112 0.14287 5e-05 0.0937 2 0 1.5708 5e-06 5e-06 1
2 VTXDSK 0.0392935 0.112 0.224354 5e-05 0.0937 2 0 1.5708 5e-06 5e-06 1
2 VTXDSK 0.05 0.112 0.249762 5e-05 0.0937 2 0 1.5708 5e-06 5e-06 1
2 ITKDSK 0.291007 0.56 -2.27269 0.000956 0.0937 2 0 1.5708 7e-06 9e-05 1
2 ITKDSK 0.264 0.56 -1.84479 0.000956 0.0937 2 0 1.5708 7e-06 9e-05 1
2 ITKDSK 0.237 0.56 -1.60017 0.000956 0.0937 2 0 1.5708 7e-06 9e-05 1
2 ITKDSK 0.21939 0.56 -1.46421 0.000956 0.0937 2 0 1.5708 7e-06 9e-05 1
2 ITKDSK 0.19 0.56 -0.972618 0.000956 0.0937 2 0 1.5708 7e-06 9e-05 1
2 ITKDSK 0.147 0.56 -0.73882 0.000956 0.0937 2 0 1.5708 7e-06 9e-05 1
2 ITKDSK 0.0974399 0.41 -0.537839 0.000956 0.0937 2 0 1.5708 7e-06 9e-05 1
2 ITKDSK 0.0974399 0.41 0.537839 0.000956 0.0937 2 0 1.5708 7e-06 9e-05 1
2 ITKDSK 0.147 0.56 0.73882 0.000956 0.0937 2 0 1.5708 7e-06 9e-05 1
2 ITKDSK 0.19 0.56 0.972618 0.000956 0.0937 2 0 1.5708 7e-06 9e-05 1
2 ITKDSK 0.21939 0.56 1.46421 0.000956 0.0937 2 0 1.5708 7e-06 9e-05 1
2 ITKDSK 0.237 0.56 1.60017 0.000956 0.0937 2 0 1.5708 7e-06 9e-05 1
2 ITKDSK 0.264 0.56 1.84479 0.000956 0.0937 2 0 1.5708 7e-06 9e-05 1
2 ITKDSK 0.291007 0.56 2.27269 0.000956 0.0937 2 0 1.5708 7e-06 9e-05 1
2 OTKDSK 0.6175 1.4302 -2.11756 0.000956 0.0937 2 0 1.5708 7e-06 9e-05 1
2 OTKDSK 0.6175 1.4302 -1.78607 0.000956 0.0937 2 0 1.5708 7e-06 9e-05 1
2 OTKDSK 0.6175 1.4302 -1.58059 0.000956 0.0937 2 0 1.5708 7e-06 9e-05 1
2 OTKDSK 0.6175 1.4302 -1.01181 0.000956 0.0937 2 0 1.5708 7e-06 9e-05 1
2 OTKDSK 0.6175 1.4302 1.01181 0.000956 0.0937 2 0 1.5708 7e-06 9e-05 1
2 OTKDSK 0.6175 1.4302 1.58059 0.000956 0.0937 2 0 1.5708 7e-06 9e-05 1
2 OTKDSK 0.6175 1.4302 1.78607 0.000956 0.0937 2 0 1.5708 7e-06 9e-05 1
2 OTKDSK 0.6175 1.4302 2.11756 0.000956 0.0937 2 0 1.5708 7e-06 9e-05 1
2 OTKDSK 0.6175 1.4302 -2.10756 0.000342 0.0937 0 0 0 0 0 0
2 OTKDSK 0.6175 1.4302 -1.79607 0.000342 0.0937 0 0 0 0 0 0
2 OTKDSK 0.6175 1.4302 -1.57059 0.000342 0.0937 0 0 0 0 0 0
2 OTKDSK 0.6175 1.4302 -1.02181 0.000342 0.0937 0 0 0 0 0 0
2 OTKDSK 0.6175 1.4302 1.02181 0.000342 0.0937 0 0 0 0 0 0
2 OTKDSK 0.6175 1.4302 1.57059 0.000342 0.0937 0 0 0 0 0 0
2 OTKDSK 0.6175 1.4302 1.79607 0.000342 0.0937 0 0 0 0 0 0
2 OTKDSK 0.6175 1.4302 2.10756 0.000342 0.0937 0 0 0 0 0 0
SolGeom::GeoRead completed with 65 layers input
i = 0, Detector = VTX
i = 1, Detector = ITK
i = 2, Detector = OTK
i = 3, Detector = VTXDSK
i = 4, Detector = ITKDSK
i = 5, Detector = OTKDSK
