Processing LoadAll.c("CLD")...
Processing RunMetrics.cc+("/ptmp/mpp/fnardi/dev/FastTrackCovariance/opt/workers/w01/GeoOPT.txt", "/ptmp/mpp/fnardi/dev/FastTrackCovariance/opt/workers/w01/metrics.root", 40, 10.0, 20, 0.5, 100.0)...
1 VTX -0.0501256 0.0501256 0.0203127 5e-05 0.0937 2 0 1.5708 5e-06 5e-06 1
1 VTX -0.0501256 0.0501256 0.0223127 5e-05 0.0937 2 0 1.5708 5e-06 5e-06 1
1 VTX -0.0628795 0.0628795 0.0447162 5e-05 0.0937 2 0 1.5708 5e-06 5e-06 1
1 VTX -0.0628795 0.0628795 0.0467162 5e-05 0.0937 2 0 1.5708 5e-06 5e-06 1
1 VTX -0.0650398 0.0650398 0.0637824 5e-05 0.0937 2 0 1.5708 5e-06 5e-06 1
1 VTX -0.0650398 0.0650398 0.0657824 5e-05 0.0937 2 0 1.5708 5e-06 5e-06 1
1 VTX -0.0532653 0.0532653 0.0935331 5e-05 0.0937 2 0 1.5708 5e-06 5e-06 1
1 VTX -0.0532653 0.0532653 0.0955331 5e-05 0.0937 2 0 1.5708 5e-06 5e-06 1
1 VTX -0.0501256 0.0501256 0.0193127 0.000557 0.0937 0 0 0 0 0 0
1 VTX -0.0628795 0.0628795 0.0457162 0.000557 0.0937 0 0 0 0 0 0
1 VTX -0.0650398 0.0650398 0.0647824 0.000557 0.0937 0 0 0 0 0 0
1 VTX -0.0532653 0.0532653 0.0945331 0.000557 0.0937 0 0 0 0 0 0
1 VTX -0.5 0.5 0.113 0.000337 0.0937 0 0 0 0 0 0
1 ITK -0.0741376 0.0741376 0.119403 0.000956 0.0937 2 0 1.5708 7e-06 9e-05 1
1 ITK -0.618186 0.618186 0.419131 0.000956 0.0937 2 0 1.5708 7e-06 9e-05 1
1 ITK -0.151103 0.151103 0.489115 0.000956 0.0937 2 0 1.5708 7e-06 9e-05 1
1 ITK -0.0741376 0.0741376 0.124403 0.00017 0.0937 0 0 0 0 0 0
1 ITK -0.618186 0.618186 0.424131 0.00017 0.0937 0 0 0 0 0 0
1 ITK -0.151103 0.151103 0.494115 0.00017 0.0937 0 0 0 0 0 0
1 ITK -2.3 2.3 0.57 0.00125 0.0937 0 0 0 0 0 0
1 ITK -2.3 2.3 0.5705 0.000281 0.0937 0 0 0 0 0 0
1 OTK -2.23803 2.23803 0.599219 0.000956 0.0937 2 0 1.5708 7e-06 9e-05 1
1 OTK -1.05953 1.05953 1.10171 0.000956 0.0937 2 0 1.5708 7e-06 9e-05 1
1 OTK -2.20751 2.20751 1.45402 0.000956 0.0937 2 0 1.5708 7e-06 9e-05 1
1 OTK -2.23803 2.23803 0.604219 0.000244 0.0937 0 0 0 0 0 0
1 OTK -1.05953 1.05953 1.09171 0.000117 0.0937 0 0 0 0 0 0
1 OTK -2.20751 2.20751 1.44402 0.000117 0.0937 0 0 0 0 0 0
2 VTXDSK 0.0548921 0.112 -0.307749 5e-05 0.0937 2 0 1.5708 5e-06 5e-06 1
2 VTXDSK 0.0350376 0.112 -0.200213 5e-05 0.0937 2 0 1.5708 5e-06 5e-06 1
2 VTXDSK 0.0324886 0.112 -0.14546 5e-05 0.0937 2 0 1.5708 5e-06 5e-06 1
2 VTXDSK 0.022 0.112 -0.0709191 5e-05 0.0937 2 0 1.5708 5e-06 5e-06 1
2 VTXDSK 0.022 0.112 0.0709191 5e-05 0.0937 2 0 1.5708 5e-06 5e-06 1
2 VTXDSK 0.0324886 0.112 0.14546 5e-05 0.0937 2 0 1.5708 5e-06 5e-06 1
2 VTXDSK 0.0350376 0.112 0.200213 5e-05 0.0937 2 0 1.5708 5e-06 5e-06 1
2 VTXDSK 0.0548921 0.112 0.307749 5e-05 0.0937 2 0 1.5708 5e-06 5e-06 1
2 ITKDSK 0.284 0.56 -2.17732 0.000956 0.0937 2 0 1.5708 7e-06 9e-05 1
2 ITKDSK 0.269118 0.56 -2.00639 0.000956 0.0937 2 0 1.5708 7e-06 9e-05 1
2 ITKDSK 0.240441 0.56 -1.70161 0.000956 0.0937 2 0 1.5708 7e-06 9e-05 1
2 ITKDSK 0.212286 0.56 -1.38037 0.000956 0.0937 2 0 1.5708 7e-06 9e-05 1
2 ITKDSK 0.196732 0.56 -1.17244 0.000956 0.0937 2 0 1.5708 7e-06 9e-05 1
2 ITKDSK 0.147 0.56 -0.726454 0.000956 0.0937 2 0 1.5708 7e-06 9e-05 1
2 ITKDSK 0.107405 0.41 -0.594361 0.000956 0.0937 2 0 1.5708 7e-06 9e-05 1
2 ITKDSK 0.107405 0.41 0.594361 0.000956 0.0937 2 0 1.5708 7e-06 9e-05 1
2 ITKDSK 0.147 0.56 0.726454 0.000956 0.0937 2 0 1.5708 7e-06 9e-05 1
2 ITKDSK 0.196732 0.56 1.17244 0.000956 0.0937 2 0 1.5708 7e-06 9e-05 1
2 ITKDSK 0.212286 0.56 1.38037 0.000956 0.0937 2 0 1.5708 7e-06 9e-05 1
2 ITKDSK 0.240441 0.56 1.70161 0.000956 0.0937 2 0 1.5708 7e-06 9e-05 1
2 ITKDSK 0.269118 0.56 2.00639 0.000956 0.0937 2 0 1.5708 7e-06 9e-05 1
2 ITKDSK 0.284 0.56 2.17732 0.000956 0.0937 2 0 1.5708 7e-06 9e-05 1
2 OTKDSK 0.626312 1.4302 -2.29399 0.000956 0.0937 2 0 1.5708 7e-06 9e-05 1
2 OTKDSK 0.6175 1.4302 -1.78607 0.000956 0.0937 2 0 1.5708 7e-06 9e-05 1
2 OTKDSK 0.6175 1.4302 -1.58382 0.000956 0.0937 2 0 1.5708 7e-06 9e-05 1
2 OTKDSK 0.6175 1.4302 -1.13968 0.000956 0.0937 2 0 1.5708 7e-06 9e-05 1
2 OTKDSK 0.6175 1.4302 1.13968 0.000956 0.0937 2 0 1.5708 7e-06 9e-05 1
2 OTKDSK 0.6175 1.4302 1.58382 0.000956 0.0937 2 0 1.5708 7e-06 9e-05 1
2 OTKDSK 0.6175 1.4302 1.78607 0.000956 0.0937 2 0 1.5708 7e-06 9e-05 1
2 OTKDSK 0.626312 1.4302 2.29399 0.000956 0.0937 2 0 1.5708 7e-06 9e-05 1
2 OTKDSK 0.626312 1.4302 -2.28399 0.000342 0.0937 0 0 0 0 0 0
2 OTKDSK 0.6175 1.4302 -1.79607 0.000342 0.0937 0 0 0 0 0 0
2 OTKDSK 0.6175 1.4302 -1.57382 0.000342 0.0937 0 0 0 0 0 0
2 OTKDSK 0.6175 1.4302 -1.14968 0.000342 0.0937 0 0 0 0 0 0
2 OTKDSK 0.6175 1.4302 1.14968 0.000342 0.0937 0 0 0 0 0 0
2 OTKDSK 0.6175 1.4302 1.57382 0.000342 0.0937 0 0 0 0 0 0
2 OTKDSK 0.6175 1.4302 1.79607 0.000342 0.0937 0 0 0 0 0 0
2 OTKDSK 0.626312 1.4302 2.28399 0.000342 0.0937 0 0 0 0 0 0
SolGeom::GeoRead completed with 65 layers input
i = 0, Detector = VTX
i = 1, Detector = ITK
i = 2, Detector = OTK
i = 3, Detector = VTXDSK
i = 4, Detector = ITKDSK
i = 5, Detector = OTKDSK
