Processing LoadAll.c("CLD")...
Processing RunMetrics.cc+("/ptmp/mpp/fnardi/dev/FastTrackCovariance/opt/workers/w05/GeoOPT.txt", "/ptmp/mpp/fnardi/dev/FastTrackCovariance/opt/workers/w05/metrics.root", 40, 10.0, 20, 0.5, 100.0)...
1 VTX -0.0516198 0.0516198 0.0203127 5e-05 0.0937 2 0 1.5708 5e-06 5e-06 1
1 VTX -0.0516198 0.0516198 0.0223127 5e-05 0.0937 2 0 1.5708 5e-06 5e-06 1
1 VTX -0.0628795 0.0628795 0.0418966 5e-05 0.0937 2 0 1.5708 5e-06 5e-06 1
1 VTX -0.0628795 0.0628795 0.0438966 5e-05 0.0937 2 0 1.5708 5e-06 5e-06 1
1 VTX -0.0646139 0.0646139 0.0637824 5e-05 0.0937 2 0 1.5708 5e-06 5e-06 1
1 VTX -0.0646139 0.0646139 0.0657824 5e-05 0.0937 2 0 1.5708 5e-06 5e-06 1
1 VTX -0.0562018 0.0562018 0.0935331 5e-05 0.0937 2 0 1.5708 5e-06 5e-06 1
1 VTX -0.0562018 0.0562018 0.0955331 5e-05 0.0937 2 0 1.5708 5e-06 5e-06 1
1 VTX -0.0516198 0.0516198 0.0193127 0.000557 0.0937 0 0 0 0 0 0
1 VTX -0.0628795 0.0628795 0.0428966 0.000557 0.0937 0 0 0 0 0 0
1 VTX -0.0646139 0.0646139 0.0647824 0.000557 0.0937 0 0 0 0 0 0
1 VTX -0.0562018 0.0562018 0.0945331 0.000557 0.0937 0 0 0 0 0 0
1 VTX -0.5 0.5 0.113 0.000337 0.0937 0 0 0 0 0 0
1 ITK -0.0715324 0.0715324 0.143774 0.000956 0.0937 2 0 1.5708 7e-06 9e-05 1
1 ITK -0.509402 0.509402 0.288757 0.000956 0.0937 2 0 1.5708 7e-06 9e-05 1
1 ITK -0.335008 0.335008 0.480715 0.000956 0.0937 2 0 1.5708 7e-06 9e-05 1
1 ITK -0.0715324 0.0715324 0.148774 0.00017 0.0937 0 0 0 0 0 0
1 ITK -0.509402 0.509402 0.293757 0.00017 0.0937 0 0 0 0 0 0
1 ITK -0.335008 0.335008 0.485715 0.00017 0.0937 0 0 0 0 0 0
1 ITK -2.3 2.3 0.57 0.00125 0.0937 0 0 0 0 0 0
1 ITK -2.3 2.3 0.5705 0.000281 0.0937 0 0 0 0 0 0
1 OTK -2.19993 2.19993 0.599875 0.000956 0.0937 2 0 1.5708 7e-06 9e-05 1
1 OTK -1.08109 1.08109 1.10171 0.000956 0.0937 2 0 1.5708 7e-06 9e-05 1
1 OTK -2.20751 2.20751 1.45174 0.000956 0.0937 2 0 1.5708 7e-06 9e-05 1
1 OTK -2.19993 2.19993 0.604875 0.000244 0.0937 0 0 0 0 0 0
1 OTK -1.08109 1.08109 1.09171 0.000117 0.0937 0 0 0 0 0 0
1 OTK -2.20751 2.20751 1.44174 0.000117 0.0937 0 0 0 0 0 0
2 VTXDSK 0.0514222 0.112 -0.288067 5e-05 0.0937 2 0 1.5708 5e-06 5e-06 1
2 VTXDSK 0.0350376 0.112 -0.200213 5e-05 0.0937 2 0 1.5708 5e-06 5e-06 1
2 VTXDSK 0.0288438 0.112 -0.124786 5e-05 0.0937 2 0 1.5708 5e-06 5e-06 1
2 VTXDSK 0.022 0.112 -0.0709191 5e-05 0.0937 2 0 1.5708 5e-06 5e-06 1
2 VTXDSK 0.022 0.112 0.0709191 5e-05 0.0937 2 0 1.5708 5e-06 5e-06 1
2 VTXDSK 0.0288438 0.112 0.124786 5e-05 0.0937 2 0 1.5708 5e-06 5e-06 1
2 VTXDSK 0.0350376 0.112 0.200213 5e-05 0.0937 2 0 1.5708 5e-06 5e-06 1
2 VTXDSK 0.0514222 0.112 0.288067 5e-05 0.0937 2 0 1.5708 5e-06 5e-06 1
2 ITKDSK 0.284993 0.56 -2.20172 0.000956 0.0937 2 0 1.5708 7e-06 9e-05 1
2 ITKDSK 0.264 0.56 -1.82969 0.000956 0.0937 2 0 1.5708 7e-06 9e-05 1
2 ITKDSK 0.237 0.56 -1.56293 0.000956 0.0937 2 0 1.5708 7e-06 9e-05 1
2 ITKDSK 0.21232 0.56 -1.38077 0.000956 0.0937 2 0 1.5708 7e-06 9e-05 1
2 ITKDSK 0.19 0.56 -1.05339 0.000956 0.0937 2 0 1.5708 7e-06 9e-05 1
2 ITKDSK 0.168785 0.56 -0.931565 0.000956 0.0937 2 0 1.5708 7e-06 9e-05 1
2 ITKDSK 0.0970657 0.41 -0.535717 0.000956 0.0937 2 0 1.5708 7e-06 9e-05 1
2 ITKDSK 0.0970657 0.41 0.535717 0.000956 0.0937 2 0 1.5708 7e-06 9e-05 1
2 ITKDSK 0.168785 0.56 0.931565 0.000956 0.0937 2 0 1.5708 7e-06 9e-05 1
2 ITKDSK 0.19 0.56 1.05339 0.000956 0.0937 2 0 1.5708 7e-06 9e-05 1
2 ITKDSK 0.21232 0.56 1.38077 0.000956 0.0937 2 0 1.5708 7e-06 9e-05 1
2 ITKDSK 0.237 0.56 1.56293 0.000956 0.0937 2 0 1.5708 7e-06 9e-05 1
2 ITKDSK 0.264 0.56 1.82969 0.000956 0.0937 2 0 1.5708 7e-06 9e-05 1
2 ITKDSK 0.284993 0.56 2.20172 0.000956 0.0937 2 0 1.5708 7e-06 9e-05 1
2 OTKDSK 0.618626 1.4302 -2.20329 0.000956 0.0937 2 0 1.5708 7e-06 9e-05 1
2 OTKDSK 0.6175 1.4302 -1.78822 0.000956 0.0937 2 0 1.5708 7e-06 9e-05 1
2 OTKDSK 0.6175 1.4302 -1.58382 0.000956 0.0937 2 0 1.5708 7e-06 9e-05 1
2 OTKDSK 0.6175 1.4302 -1.16294 0.000956 0.0937 2 0 1.5708 7e-06 9e-05 1
2 OTKDSK 0.6175 1.4302 1.16294 0.000956 0.0937 2 0 1.5708 7e-06 9e-05 1
2 OTKDSK 0.6175 1.4302 1.58382 0.000956 0.0937 2 0 1.5708 7e-06 9e-05 1
2 OTKDSK 0.6175 1.4302 1.78822 0.000956 0.0937 2 0 1.5708 7e-06 9e-05 1
2 OTKDSK 0.618626 1.4302 2.20329 0.000956 0.0937 2 0 1.5708 7e-06 9e-05 1
2 OTKDSK 0.618626 1.4302 -2.19329 0.000342 0.0937 0 0 0 0 0 0
2 OTKDSK 0.6175 1.4302 -1.79822 0.000342 0.0937 0 0 0 0 0 0
2 OTKDSK 0.6175 1.4302 -1.57382 0.000342 0.0937 0 0 0 0 0 0
2 OTKDSK 0.6175 1.4302 -1.17294 0.000342 0.0937 0 0 0 0 0 0
2 OTKDSK 0.6175 1.4302 1.17294 0.000342 0.0937 0 0 0 0 0 0
2 OTKDSK 0.6175 1.4302 1.57382 0.000342 0.0937 0 0 0 0 0 0
2 OTKDSK 0.6175 1.4302 1.79822 0.000342 0.0937 0 0 0 0 0 0
2 OTKDSK 0.618626 1.4302 2.19329 0.000342 0.0937 0 0 0 0 0 0
SolGeom::GeoRead completed with 65 layers input
i = 0, Detector = VTX
i = 1, Detector = ITK
i = 2, Detector = OTK
i = 3, Detector = VTXDSK
i = 4, Detector = ITKDSK
i = 5, Detector = OTKDSK
