Processing LoadAll.c("CLD")...
Processing RunMetrics.cc+("/ptmp/mpp/fnardi/dev/FastTrackCovariance/opt/workers/w27/GeoOPT.txt", "/ptmp/mpp/fnardi/dev/FastTrackCovariance/opt/workers/w27/metrics.root", 40, 10.0, 20, 0.5, 100.0)...
1 VTX -0.0501256 0.0501256 0.0204134 5e-05 0.0937 2 0 1.5708 5e-06 5e-06 1
1 VTX -0.0501256 0.0501256 0.0224134 5e-05 0.0937 2 0 1.5708 5e-06 5e-06 1
1 VTX -0.0640814 0.0640814 0.0464151 5e-05 0.0937 2 0 1.5708 5e-06 5e-06 1
1 VTX -0.0640814 0.0640814 0.0484151 5e-05 0.0937 2 0 1.5708 5e-06 5e-06 1
1 VTX -0.0697724 0.0697724 0.0637824 5e-05 0.0937 2 0 1.5708 5e-06 5e-06 1
1 VTX -0.0697724 0.0697724 0.0657824 5e-05 0.0937 2 0 1.5708 5e-06 5e-06 1
1 VTX -0.0532653 0.0532653 0.105236 5e-05 0.0937 2 0 1.5708 5e-06 5e-06 1
1 VTX -0.0532653 0.0532653 0.107236 5e-05 0.0937 2 0 1.5708 5e-06 5e-06 1
1 VTX -0.0501256 0.0501256 0.0194134 0.000557 0.0937 0 0 0 0 0 0
1 VTX -0.0640814 0.0640814 0.0474151 0.000557 0.0937 0 0 0 0 0 0
1 VTX -0.0697724 0.0697724 0.0647824 0.000557 0.0937 0 0 0 0 0 0
1 VTX -0.0532653 0.0532653 0.106236 0.000557 0.0937 0 0 0 0 0 0
1 VTX -0.5 0.5 0.113 0.000337 0.0937 0 0 0 0 0 0
1 ITK -0.0716267 0.0716267 0.15085 0.000956 0.0937 2 0 1.5708 7e-06 9e-05 1
1 ITK -0.431871 0.431871 0.431458 0.000956 0.0937 2 0 1.5708 7e-06 9e-05 1
1 ITK -0.308056 0.308056 0.475604 0.000956 0.0937 2 0 1.5708 7e-06 9e-05 1
1 ITK -0.0716267 0.0716267 0.15585 0.00017 0.0937 0 0 0 0 0 0
1 ITK -0.431871 0.431871 0.436458 0.00017 0.0937 0 0 0 0 0 0
1 ITK -0.308056 0.308056 0.480604 0.00017 0.0937 0 0 0 0 0 0
1 ITK -2.3 2.3 0.57 0.00125 0.0937 0 0 0 0 0 0
1 ITK -2.3 2.3 0.5705 0.000281 0.0937 0 0 0 0 0 0
1 OTK -1.88282 1.88282 0.595868 0.000956 0.0937 2 0 1.5708 7e-06 9e-05 1
1 OTK -1.15865 1.15865 1.10171 0.000956 0.0937 2 0 1.5708 7e-06 9e-05 1
1 OTK -2.28158 2.28158 1.45165 0.000956 0.0937 2 0 1.5708 7e-06 9e-05 1
1 OTK -1.88282 1.88282 0.600868 0.000244 0.0937 0 0 0 0 0 0
1 OTK -1.15865 1.15865 1.09171 0.000117 0.0937 0 0 0 0 0 0
1 OTK -2.28158 2.28158 1.44165 0.000117 0.0937 0 0 0 0 0 0
2 VTXDSK 0.05 0.112 -0.249762 5e-05 0.0937 2 0 1.5708 5e-06 5e-06 1
2 VTXDSK 0.0364423 0.112 -0.208181 5e-05 0.0937 2 0 1.5708 5e-06 5e-06 1
2 VTXDSK 0.0288438 0.112 -0.124786 5e-05 0.0937 2 0 1.5708 5e-06 5e-06 1
2 VTXDSK 0.022 0.112 -0.0709191 5e-05 0.0937 2 0 1.5708 5e-06 5e-06 1
2 VTXDSK 0.022 0.112 0.0709191 5e-05 0.0937 2 0 1.5708 5e-06 5e-06 1
2 VTXDSK 0.0288438 0.112 0.124786 5e-05 0.0937 2 0 1.5708 5e-06 5e-06 1
2 VTXDSK 0.0364423 0.112 0.208181 5e-05 0.0937 2 0 1.5708 5e-06 5e-06 1
2 VTXDSK 0.05 0.112 0.249762 5e-05 0.0937 2 0 1.5708 5e-06 5e-06 1
2 ITKDSK 0.285604 0.56 -2.20893 0.000956 0.0937 2 0 1.5708 7e-06 9e-05 1
2 ITKDSK 0.264 0.56 -1.89801 0.000956 0.0937 2 0 1.5708 7e-06 9e-05 1
2 ITKDSK 0.237 0.56 -1.60017 0.000956 0.0937 2 0 1.5708 7e-06 9e-05 1
2 ITKDSK 0.212 0.56 -1.28294 0.000956 0.0937 2 0 1.5708 7e-06 9e-05 1
2 ITKDSK 0.198148 0.56 -1.18916 0.000956 0.0937 2 0 1.5708 7e-06 9e-05 1
2 ITKDSK 0.157617 0.56 -0.868223 0.000956 0.0937 2 0 1.5708 7e-06 9e-05 1
2 ITKDSK 0.0974399 0.41 -0.537839 0.000956 0.0937 2 0 1.5708 7e-06 9e-05 1
2 ITKDSK 0.0974399 0.41 0.537839 0.000956 0.0937 2 0 1.5708 7e-06 9e-05 1
2 ITKDSK 0.157617 0.56 0.868223 0.000956 0.0937 2 0 1.5708 7e-06 9e-05 1
2 ITKDSK 0.198148 0.56 1.18916 0.000956 0.0937 2 0 1.5708 7e-06 9e-05 1
2 ITKDSK 0.212 0.56 1.28294 0.000956 0.0937 2 0 1.5708 7e-06 9e-05 1
2 ITKDSK 0.237 0.56 1.60017 0.000956 0.0937 2 0 1.5708 7e-06 9e-05 1
2 ITKDSK 0.264 0.56 1.89801 0.000956 0.0937 2 0 1.5708 7e-06 9e-05 1
2 ITKDSK 0.285604 0.56 2.20893 0.000956 0.0937 2 0 1.5708 7e-06 9e-05 1
2 OTKDSK 0.622153 1.4302 -2.24491 0.000956 0.0937 2 0 1.5708 7e-06 9e-05 1
2 OTKDSK 0.6175 1.4302 -1.78607 0.000956 0.0937 2 0 1.5708 7e-06 9e-05 1
2 OTKDSK 0.6175 1.4302 -1.50704 0.000956 0.0937 2 0 1.5708 7e-06 9e-05 1
2 OTKDSK 0.6175 1.4302 -1.17038 0.000956 0.0937 2 0 1.5708 7e-06 9e-05 1
2 OTKDSK 0.6175 1.4302 1.17038 0.000956 0.0937 2 0 1.5708 7e-06 9e-05 1
2 OTKDSK 0.6175 1.4302 1.50704 0.000956 0.0937 2 0 1.5708 7e-06 9e-05 1
2 OTKDSK 0.6175 1.4302 1.78607 0.000956 0.0937 2 0 1.5708 7e-06 9e-05 1
2 OTKDSK 0.622153 1.4302 2.24491 0.000956 0.0937 2 0 1.5708 7e-06 9e-05 1
2 OTKDSK 0.622153 1.4302 -2.23491 0.000342 0.0937 0 0 0 0 0 0
2 OTKDSK 0.6175 1.4302 -1.79607 0.000342 0.0937 0 0 0 0 0 0
2 OTKDSK 0.6175 1.4302 -1.49704 0.000342 0.0937 0 0 0 0 0 0
2 OTKDSK 0.6175 1.4302 -1.18038 0.000342 0.0937 0 0 0 0 0 0
2 OTKDSK 0.6175 1.4302 1.18038 0.000342 0.0937 0 0 0 0 0 0
2 OTKDSK 0.6175 1.4302 1.49704 0.000342 0.0937 0 0 0 0 0 0
2 OTKDSK 0.6175 1.4302 1.79607 0.000342 0.0937 0 0 0 0 0 0
2 OTKDSK 0.622153 1.4302 2.23491 0.000342 0.0937 0 0 0 0 0 0
SolGeom::GeoRead completed with 65 layers input
i = 0, Detector = VTX
i = 1, Detector = ITK
i = 2, Detector = OTK
i = 3, Detector = VTXDSK
i = 4, Detector = ITKDSK
i = 5, Detector = OTKDSK
