Processing LoadAll.c("CLD")...
Processing RunMetrics.cc+("/ptmp/mpp/fnardi/dev/FastTrackCovariance/opt/workers/w24/GeoOPT.txt", "/ptmp/mpp/fnardi/dev/FastTrackCovariance/opt/workers/w24/metrics.root", 40, 10.0, 20, 0.5, 100.0)...
1 VTX -0.0501721 0.0501721 0.0203127 5e-05 0.0937 2 0 1.5708 5e-06 5e-06 1
1 VTX -0.0501721 0.0501721 0.0223127 5e-05 0.0937 2 0 1.5708 5e-06 5e-06 1
1 VTX -0.0676471 0.0676471 0.0427307 5e-05 0.0937 2 0 1.5708 5e-06 5e-06 1
1 VTX -0.0676471 0.0676471 0.0447307 5e-05 0.0937 2 0 1.5708 5e-06 5e-06 1
1 VTX -0.0770914 0.0770914 0.0637824 5e-05 0.0937 2 0 1.5708 5e-06 5e-06 1
1 VTX -0.0770914 0.0770914 0.0657824 5e-05 0.0937 2 0 1.5708 5e-06 5e-06 1
1 VTX -0.0703051 0.0703051 0.0896537 5e-05 0.0937 2 0 1.5708 5e-06 5e-06 1
1 VTX -0.0703051 0.0703051 0.0916537 5e-05 0.0937 2 0 1.5708 5e-06 5e-06 1
1 VTX -0.0501721 0.0501721 0.0193127 0.000557 0.0937 0 0 0 0 0 0
1 VTX -0.0676471 0.0676471 0.0437307 0.000557 0.0937 0 0 0 0 0 0
1 VTX -0.0770914 0.0770914 0.0647824 0.000557 0.0937 0 0 0 0 0 0
1 VTX -0.0703051 0.0703051 0.0906537 0.000557 0.0937 0 0 0 0 0 0
1 VTX -0.5 0.5 0.113 0.000337 0.0937 0 0 0 0 0 0
1 ITK -0.0835272 0.0835272 0.16208 0.000956 0.0937 2 0 1.5708 7e-06 9e-05 1
1 ITK -0.101736 0.101736 0.433466 0.000956 0.0937 2 0 1.5708 7e-06 9e-05 1
1 ITK -0.361228 0.361228 0.489115 0.000956 0.0937 2 0 1.5708 7e-06 9e-05 1
1 ITK -0.0835272 0.0835272 0.16708 0.00017 0.0937 0 0 0 0 0 0
1 ITK -0.101736 0.101736 0.438466 0.00017 0.0937 0 0 0 0 0 0
1 ITK -0.361228 0.361228 0.494115 0.00017 0.0937 0 0 0 0 0 0
1 ITK -2.3 2.3 0.57 0.00125 0.0937 0 0 0 0 0 0
1 ITK -2.3 2.3 0.5705 0.000281 0.0937 0 0 0 0 0 0
1 OTK -1.11959 1.11959 0.640472 0.000956 0.0937 2 0 1.5708 7e-06 9e-05 1
1 OTK -1.08799 1.08799 1.10171 0.000956 0.0937 2 0 1.5708 7e-06 9e-05 1
1 OTK -2.20751 2.20751 1.45402 0.000956 0.0937 2 0 1.5708 7e-06 9e-05 1
1 OTK -1.11959 1.11959 0.645472 0.000244 0.0937 0 0 0 0 0 0
1 OTK -1.08799 1.08799 1.09171 0.000117 0.0937 0 0 0 0 0 0
1 OTK -2.20751 2.20751 1.44402 0.000117 0.0937 0 0 0 0 0 0
2 VTXDSK 0.05 0.112 -0.278155 5e-05 0.0937 2 0 1.5708 5e-06 5e-06 1
2 VTXDSK 0.035 0.112 -0.173131 5e-05 0.0937 2 0 1.5708 5e-06 5e-06 1
2 VTXDSK 0.0298308 0.112 -0.130385 5e-05 0.0937 2 0 1.5708 5e-06 5e-06 1
2 VTXDSK 0.022 0.112 -0.0782924 5e-05 0.0937 2 0 1.5708 5e-06 5e-06 1
2 VTXDSK 0.022 0.112 0.0782924 5e-05 0.0937 2 0 1.5708 5e-06 5e-06 1
2 VTXDSK 0.0298308 0.112 0.130385 5e-05 0.0937 2 0 1.5708 5e-06 5e-06 1
2 VTXDSK 0.035 0.112 0.173131 5e-05 0.0937 2 0 1.5708 5e-06 5e-06 1
2 VTXDSK 0.05 0.112 0.278155 5e-05 0.0937 2 0 1.5708 5e-06 5e-06 1
2 ITKDSK 0.284 0.56 -2.11358 0.000956 0.0937 2 0 1.5708 7e-06 9e-05 1
2 ITKDSK 0.264 0.56 -1.87192 0.000956 0.0937 2 0 1.5708 7e-06 9e-05 1
2 ITKDSK 0.237 0.56 -1.60017 0.000956 0.0937 2 0 1.5708 7e-06 9e-05 1
2 ITKDSK 0.222869 0.56 -1.50526 0.000956 0.0937 2 0 1.5708 7e-06 9e-05 1
2 ITKDSK 0.19 0.56 -0.972618 0.000956 0.0937 2 0 1.5708 7e-06 9e-05 1
2 ITKDSK 0.149556 0.56 -0.822501 0.000956 0.0937 2 0 1.5708 7e-06 9e-05 1
2 ITKDSK 0.0974399 0.41 -0.537839 0.000956 0.0937 2 0 1.5708 7e-06 9e-05 1
2 ITKDSK 0.0974399 0.41 0.537839 0.000956 0.0937 2 0 1.5708 7e-06 9e-05 1
2 ITKDSK 0.149556 0.56 0.822501 0.000956 0.0937 2 0 1.5708 7e-06 9e-05 1
2 ITKDSK 0.19 0.56 0.972618 0.000956 0.0937 2 0 1.5708 7e-06 9e-05 1
2 ITKDSK 0.222869 0.56 1.50526 0.000956 0.0937 2 0 1.5708 7e-06 9e-05 1
2 ITKDSK 0.237 0.56 1.60017 0.000956 0.0937 2 0 1.5708 7e-06 9e-05 1
2 ITKDSK 0.264 0.56 1.87192 0.000956 0.0937 2 0 1.5708 7e-06 9e-05 1
2 ITKDSK 0.284 0.56 2.11358 0.000956 0.0937 2 0 1.5708 7e-06 9e-05 1
2 OTKDSK 0.6225 1.4302 -2.249 0.000956 0.0937 2 0 1.5708 7e-06 9e-05 1
2 OTKDSK 0.622013 1.4302 -1.93626 0.000956 0.0937 2 0 1.5708 7e-06 9e-05 1
2 OTKDSK 0.619682 1.4302 -1.64275 0.000956 0.0937 2 0 1.5708 7e-06 9e-05 1
2 OTKDSK 0.6175 1.4302 -1.17038 0.000956 0.0937 2 0 1.5708 7e-06 9e-05 1
2 OTKDSK 0.6175 1.4302 1.17038 0.000956 0.0937 2 0 1.5708 7e-06 9e-05 1
2 OTKDSK 0.619682 1.4302 1.64275 0.000956 0.0937 2 0 1.5708 7e-06 9e-05 1
2 OTKDSK 0.622013 1.4302 1.93626 0.000956 0.0937 2 0 1.5708 7e-06 9e-05 1
2 OTKDSK 0.6225 1.4302 2.249 0.000956 0.0937 2 0 1.5708 7e-06 9e-05 1
2 OTKDSK 0.6225 1.4302 -2.239 0.000342 0.0937 0 0 0 0 0 0
2 OTKDSK 0.622013 1.4302 -1.94626 0.000342 0.0937 0 0 0 0 0 0
2 OTKDSK 0.619682 1.4302 -1.63275 0.000342 0.0937 0 0 0 0 0 0
2 OTKDSK 0.6175 1.4302 -1.18038 0.000342 0.0937 0 0 0 0 0 0
2 OTKDSK 0.6175 1.4302 1.18038 0.000342 0.0937 0 0 0 0 0 0
2 OTKDSK 0.619682 1.4302 1.63275 0.000342 0.0937 0 0 0 0 0 0
2 OTKDSK 0.622013 1.4302 1.94626 0.000342 0.0937 0 0 0 0 0 0
2 OTKDSK 0.6225 1.4302 2.239 0.000342 0.0937 0 0 0 0 0 0
SolGeom::GeoRead completed with 65 layers input
i = 0, Detector = VTX
i = 1, Detector = ITK
i = 2, Detector = OTK
i = 3, Detector = VTXDSK
i = 4, Detector = ITKDSK
i = 5, Detector = OTKDSK
