Processing LoadAll.c("CLD")...
Processing RunMetrics.cc+("/ptmp/mpp/fnardi/dev/FastTrackCovariance/opt/workers/w11/GeoOPT.txt", "/ptmp/mpp/fnardi/dev/FastTrackCovariance/opt/workers/w11/metrics.root", 40, 10.0, 20, 0.5, 100.0)...
1 VTX -0.0501256 0.0501256 0.0203127 5e-05 0.0937 2 0 1.5708 5e-06 5e-06 1
1 VTX -0.0501256 0.0501256 0.0223127 5e-05 0.0937 2 0 1.5708 5e-06 5e-06 1
1 VTX -0.0593953 0.0593953 0.0427519 5e-05 0.0937 2 0 1.5708 5e-06 5e-06 1
1 VTX -0.0593953 0.0593953 0.0447519 5e-05 0.0937 2 0 1.5708 5e-06 5e-06 1
1 VTX -0.0697724 0.0697724 0.0669387 5e-05 0.0937 2 0 1.5708 5e-06 5e-06 1
1 VTX -0.0697724 0.0697724 0.0689387 5e-05 0.0937 2 0 1.5708 5e-06 5e-06 1
1 VTX -0.05012 0.05012 0.0935331 5e-05 0.0937 2 0 1.5708 5e-06 5e-06 1
1 VTX -0.05012 0.05012 0.0955331 5e-05 0.0937 2 0 1.5708 5e-06 5e-06 1
1 VTX -0.0501256 0.0501256 0.0193127 0.000557 0.0937 0 0 0 0 0 0
1 VTX -0.0593953 0.0593953 0.0437519 0.000557 0.0937 0 0 0 0 0 0
1 VTX -0.0697724 0.0697724 0.0679387 0.000557 0.0937 0 0 0 0 0 0
1 VTX -0.05012 0.05012 0.0945331 0.000557 0.0937 0 0 0 0 0 0
1 VTX -0.5 0.5 0.113 0.000337 0.0937 0 0 0 0 0 0
1 ITK -0.071777 0.071777 0.150484 0.000956 0.0937 2 0 1.5708 7e-06 9e-05 1
1 ITK -0.486697 0.486697 0.282608 0.000956 0.0937 2 0 1.5708 7e-06 9e-05 1
1 ITK -0.248609 0.248609 0.489115 0.000956 0.0937 2 0 1.5708 7e-06 9e-05 1
1 ITK -0.071777 0.071777 0.155484 0.00017 0.0937 0 0 0 0 0 0
1 ITK -0.486697 0.486697 0.287608 0.00017 0.0937 0 0 0 0 0 0
1 ITK -0.248609 0.248609 0.494115 0.00017 0.0937 0 0 0 0 0 0
1 ITK -2.3 2.3 0.57 0.00125 0.0937 0 0 0 0 0 0
1 ITK -2.3 2.3 0.5705 0.000281 0.0937 0 0 0 0 0 0
1 OTK -1.6069 1.6069 0.599875 0.000956 0.0937 2 0 1.5708 7e-06 9e-05 1
1 OTK -0.43874 0.43874 1.08703 0.000956 0.0937 2 0 1.5708 7e-06 9e-05 1
1 OTK -2.20751 2.20751 1.45318 0.000956 0.0937 2 0 1.5708 7e-06 9e-05 1
1 OTK -1.6069 1.6069 0.604875 0.000244 0.0937 0 0 0 0 0 0
1 OTK -0.43874 0.43874 1.07703 0.000117 0.0937 0 0 0 0 0 0
1 OTK -2.20751 2.20751 1.44318 0.000117 0.0937 0 0 0 0 0 0
2 VTXDSK 0.05 0.112 -0.261075 5e-05 0.0937 2 0 1.5708 5e-06 5e-06 1
2 VTXDSK 0.0350376 0.112 -0.200213 5e-05 0.0937 2 0 1.5708 5e-06 5e-06 1
2 VTXDSK 0.0328007 0.112 -0.14723 5e-05 0.0937 2 0 1.5708 5e-06 5e-06 1
2 VTXDSK 0.022 0.112 -0.0709191 5e-05 0.0937 2 0 1.5708 5e-06 5e-06 1
2 VTXDSK 0.022 0.112 0.0709191 5e-05 0.0937 2 0 1.5708 5e-06 5e-06 1
2 VTXDSK 0.0328007 0.112 0.14723 5e-05 0.0937 2 0 1.5708 5e-06 5e-06 1
2 VTXDSK 0.0350376 0.112 0.200213 5e-05 0.0937 2 0 1.5708 5e-06 5e-06 1
2 VTXDSK 0.05 0.112 0.261075 5e-05 0.0937 2 0 1.5708 5e-06 5e-06 1
2 ITKDSK 0.28966 0.56 -2.25679 0.000956 0.0937 2 0 1.5708 7e-06 9e-05 1
2 ITKDSK 0.269605 0.56 -2.01215 0.000956 0.0937 2 0 1.5708 7e-06 9e-05 1
2 ITKDSK 0.237 0.56 -1.52668 0.000956 0.0937 2 0 1.5708 7e-06 9e-05 1
2 ITKDSK 0.215748 0.56 -1.42123 0.000956 0.0937 2 0 1.5708 7e-06 9e-05 1
2 ITKDSK 0.19 0.56 -0.972618 0.000956 0.0937 2 0 1.5708 7e-06 9e-05 1
2 ITKDSK 0.147 0.56 -0.73882 0.000956 0.0937 2 0 1.5708 7e-06 9e-05 1
2 ITKDSK 0.0980364 0.41 -0.541223 0.000956 0.0937 2 0 1.5708 7e-06 9e-05 1
2 ITKDSK 0.0980364 0.41 0.541223 0.000956 0.0937 2 0 1.5708 7e-06 9e-05 1
2 ITKDSK 0.147 0.56 0.73882 0.000956 0.0937 2 0 1.5708 7e-06 9e-05 1
2 ITKDSK 0.19 0.56 0.972618 0.000956 0.0937 2 0 1.5708 7e-06 9e-05 1
2 ITKDSK 0.215748 0.56 1.42123 0.000956 0.0937 2 0 1.5708 7e-06 9e-05 1
2 ITKDSK 0.237 0.56 1.52668 0.000956 0.0937 2 0 1.5708 7e-06 9e-05 1
2 ITKDSK 0.269605 0.56 2.01215 0.000956 0.0937 2 0 1.5708 7e-06 9e-05 1
2 ITKDSK 0.28966 0.56 2.25679 0.000956 0.0937 2 0 1.5708 7e-06 9e-05 1
2 OTKDSK 0.626312 1.4302 -2.29399 0.000956 0.0937 2 0 1.5708 7e-06 9e-05 1
2 OTKDSK 0.6175 1.4302 -1.78607 0.000956 0.0937 2 0 1.5708 7e-06 9e-05 1
2 OTKDSK 0.620717 1.4302 -1.65497 0.000956 0.0937 2 0 1.5708 7e-06 9e-05 1
2 OTKDSK 0.6175 1.4302 -1.02386 0.000956 0.0937 2 0 1.5708 7e-06 9e-05 1
2 OTKDSK 0.6175 1.4302 1.02386 0.000956 0.0937 2 0 1.5708 7e-06 9e-05 1
2 OTKDSK 0.620717 1.4302 1.65497 0.000956 0.0937 2 0 1.5708 7e-06 9e-05 1
2 OTKDSK 0.6175 1.4302 1.78607 0.000956 0.0937 2 0 1.5708 7e-06 9e-05 1
2 OTKDSK 0.626312 1.4302 2.29399 0.000956 0.0937 2 0 1.5708 7e-06 9e-05 1
2 OTKDSK 0.626312 1.4302 -2.28399 0.000342 0.0937 0 0 0 0 0 0
2 OTKDSK 0.6175 1.4302 -1.79607 0.000342 0.0937 0 0 0 0 0 0
2 OTKDSK 0.620717 1.4302 -1.64497 0.000342 0.0937 0 0 0 0 0 0
2 OTKDSK 0.6175 1.4302 -1.03386 0.000342 0.0937 0 0 0 0 0 0
2 OTKDSK 0.6175 1.4302 1.03386 0.000342 0.0937 0 0 0 0 0 0
2 OTKDSK 0.620717 1.4302 1.64497 0.000342 0.0937 0 0 0 0 0 0
2 OTKDSK 0.6175 1.4302 1.79607 0.000342 0.0937 0 0 0 0 0 0
2 OTKDSK 0.626312 1.4302 2.28399 0.000342 0.0937 0 0 0 0 0 0
SolGeom::GeoRead completed with 65 layers input
i = 0, Detector = VTX
i = 1, Detector = ITK
i = 2, Detector = OTK
i = 3, Detector = VTXDSK
i = 4, Detector = ITKDSK
i = 5, Detector = OTKDSK
