Processing LoadAll.c("CLD")...
Processing RunMetrics.cc+("/ptmp/mpp/fnardi/dev/FastTrackCovariance/opt/workers/w07/GeoOPT.txt", "/ptmp/mpp/fnardi/dev/FastTrackCovariance/opt/workers/w07/metrics.root", 40, 10.0, 20, 0.5, 100.0)...
1 VTX -0.0503398 0.0503398 0.0203127 5e-05 0.0937 2 0 1.5708 5e-06 5e-06 1
1 VTX -0.0503398 0.0503398 0.0223127 5e-05 0.0937 2 0 1.5708 5e-06 5e-06 1
1 VTX -0.0740095 0.0740095 0.0418966 5e-05 0.0937 2 0 1.5708 5e-06 5e-06 1
1 VTX -0.0740095 0.0740095 0.0438966 5e-05 0.0937 2 0 1.5708 5e-06 5e-06 1
1 VTX -0.0863158 0.0863158 0.0637824 5e-05 0.0937 2 0 1.5708 5e-06 5e-06 1
1 VTX -0.0863158 0.0863158 0.0657824 5e-05 0.0937 2 0 1.5708 5e-06 5e-06 1
1 VTX -0.070511 0.070511 0.0935331 5e-05 0.0937 2 0 1.5708 5e-06 5e-06 1
1 VTX -0.070511 0.070511 0.0955331 5e-05 0.0937 2 0 1.5708 5e-06 5e-06 1
1 VTX -0.0503398 0.0503398 0.0193127 0.000557 0.0937 0 0 0 0 0 0
1 VTX -0.0740095 0.0740095 0.0428966 0.000557 0.0937 0 0 0 0 0 0
1 VTX -0.0863158 0.0863158 0.0647824 0.000557 0.0937 0 0 0 0 0 0
1 VTX -0.070511 0.070511 0.0945331 0.000557 0.0937 0 0 0 0 0 0
1 VTX -0.5 0.5 0.113 0.000337 0.0937 0 0 0 0 0 0
1 ITK -0.0735703 0.0735703 0.1644 0.000956 0.0937 2 0 1.5708 7e-06 9e-05 1
1 ITK -0.360233 0.360233 0.364445 0.000956 0.0937 2 0 1.5708 7e-06 9e-05 1
1 ITK -0.307668 0.307668 0.511779 0.000956 0.0937 2 0 1.5708 7e-06 9e-05 1
1 ITK -0.0735703 0.0735703 0.1694 0.00017 0.0937 0 0 0 0 0 0
1 ITK -0.360233 0.360233 0.369445 0.00017 0.0937 0 0 0 0 0 0
1 ITK -0.307668 0.307668 0.516779 0.00017 0.0937 0 0 0 0 0 0
1 ITK -2.3 2.3 0.57 0.00125 0.0937 0 0 0 0 0 0
1 ITK -2.3 2.3 0.5705 0.000281 0.0937 0 0 0 0 0 0
1 OTK -0.813179 0.813179 0.644181 0.000956 0.0937 2 0 1.5708 7e-06 9e-05 1
1 OTK -1.02297 1.02297 1.03595 0.000956 0.0937 2 0 1.5708 7e-06 9e-05 1
1 OTK -2.19084 2.19084 1.45269 0.000956 0.0937 2 0 1.5708 7e-06 9e-05 1
1 OTK -0.813179 0.813179 0.649181 0.000244 0.0937 0 0 0 0 0 0
1 OTK -1.02297 1.02297 1.02595 0.000117 0.0937 0 0 0 0 0 0
1 OTK -2.19084 2.19084 1.44269 0.000117 0.0937 0 0 0 0 0 0
2 VTXDSK 0.05 0.112 -0.249762 5e-05 0.0937 2 0 1.5708 5e-06 5e-06 1
2 VTXDSK 0.0350376 0.112 -0.200213 5e-05 0.0937 2 0 1.5708 5e-06 5e-06 1
2 VTXDSK 0.0288438 0.112 -0.124786 5e-05 0.0937 2 0 1.5708 5e-06 5e-06 1
2 VTXDSK 0.0234337 0.112 -0.0881324 5e-05 0.0937 2 0 1.5708 5e-06 5e-06 1
2 VTXDSK 0.0234337 0.112 0.0881324 5e-05 0.0937 2 0 1.5708 5e-06 5e-06 1
2 VTXDSK 0.0288438 0.112 0.124786 5e-05 0.0937 2 0 1.5708 5e-06 5e-06 1
2 VTXDSK 0.0350376 0.112 0.200213 5e-05 0.0937 2 0 1.5708 5e-06 5e-06 1
2 VTXDSK 0.05 0.112 0.249762 5e-05 0.0937 2 0 1.5708 5e-06 5e-06 1
2 ITKDSK 0.284 0.56 -2.17732 0.000956 0.0937 2 0 1.5708 7e-06 9e-05 1
2 ITKDSK 0.264 0.56 -1.84479 0.000956 0.0937 2 0 1.5708 7e-06 9e-05 1
2 ITKDSK 0.237 0.56 -1.61318 0.000956 0.0937 2 0 1.5708 7e-06 9e-05 1
2 ITKDSK 0.212 0.56 -1.36943 0.000956 0.0937 2 0 1.5708 7e-06 9e-05 1
2 ITKDSK 0.19 0.56 -0.972618 0.000956 0.0937 2 0 1.5708 7e-06 9e-05 1
2 ITKDSK 0.147 0.56 -0.73882 0.000956 0.0937 2 0 1.5708 7e-06 9e-05 1
2 ITKDSK 0.105153 0.41 -0.581592 0.000956 0.0937 2 0 1.5708 7e-06 9e-05 1
2 ITKDSK 0.105153 0.41 0.581592 0.000956 0.0937 2 0 1.5708 7e-06 9e-05 1
2 ITKDSK 0.147 0.56 0.73882 0.000956 0.0937 2 0 1.5708 7e-06 9e-05 1
2 ITKDSK 0.19 0.56 0.972618 0.000956 0.0937 2 0 1.5708 7e-06 9e-05 1
2 ITKDSK 0.212 0.56 1.36943 0.000956 0.0937 2 0 1.5708 7e-06 9e-05 1
2 ITKDSK 0.237 0.56 1.61318 0.000956 0.0937 2 0 1.5708 7e-06 9e-05 1
2 ITKDSK 0.264 0.56 1.84479 0.000956 0.0937 2 0 1.5708 7e-06 9e-05 1
2 ITKDSK 0.284 0.56 2.17732 0.000956 0.0937 2 0 1.5708 7e-06 9e-05 1
2 OTKDSK 0.626312 1.4302 -2.29399 0.000956 0.0937 2 0 1.5708 7e-06 9e-05 1
2 OTKDSK 0.6175 1.4302 -1.78607 0.000956 0.0937 2 0 1.5708 7e-06 9e-05 1
2 OTKDSK 0.6175 1.4302 -1.60604 0.000956 0.0937 2 0 1.5708 7e-06 9e-05 1
2 OTKDSK 0.6175 1.4302 -1.10026 0.000956 0.0937 2 0 1.5708 7e-06 9e-05 1
2 OTKDSK 0.6175 1.4302 1.10026 0.000956 0.0937 2 0 1.5708 7e-06 9e-05 1
2 OTKDSK 0.6175 1.4302 1.60604 0.000956 0.0937 2 0 1.5708 7e-06 9e-05 1
2 OTKDSK 0.6175 1.4302 1.78607 0.000956 0.0937 2 0 1.5708 7e-06 9e-05 1
2 OTKDSK 0.626312 1.4302 2.29399 0.000956 0.0937 2 0 1.5708 7e-06 9e-05 1
2 OTKDSK 0.626312 1.4302 -2.28399 0.000342 0.0937 0 0 0 0 0 0
2 OTKDSK 0.6175 1.4302 -1.79607 0.000342 0.0937 0 0 0 0 0 0
2 OTKDSK 0.6175 1.4302 -1.59604 0.000342 0.0937 0 0 0 0 0 0
2 OTKDSK 0.6175 1.4302 -1.11026 0.000342 0.0937 0 0 0 0 0 0
2 OTKDSK 0.6175 1.4302 1.11026 0.000342 0.0937 0 0 0 0 0 0
2 OTKDSK 0.6175 1.4302 1.59604 0.000342 0.0937 0 0 0 0 0 0
2 OTKDSK 0.6175 1.4302 1.79607 0.000342 0.0937 0 0 0 0 0 0
2 OTKDSK 0.626312 1.4302 2.28399 0.000342 0.0937 0 0 0 0 0 0
SolGeom::GeoRead completed with 65 layers input
i = 0, Detector = VTX
i = 1, Detector = ITK
i = 2, Detector = OTK
i = 3, Detector = VTXDSK
i = 4, Detector = ITKDSK
i = 5, Detector = OTKDSK
