Processing LoadAll.c("CLD")...
Processing RunMetrics.cc+("/ptmp/mpp/fnardi/dev/FastTrackCovariance/opt/workers/w02/GeoOPT.txt", "/ptmp/mpp/fnardi/dev/FastTrackCovariance/opt/workers/w02/metrics.root", 40, 10.0, 20, 0.5, 100.0)...
1 VTX -0.0503398 0.0503398 0.0203127 5e-05 0.0937 2 0 1.5708 5e-06 5e-06 1
1 VTX -0.0503398 0.0503398 0.0223127 5e-05 0.0937 2 0 1.5708 5e-06 5e-06 1
1 VTX -0.0735128 0.0735128 0.0482972 5e-05 0.0937 2 0 1.5708 5e-06 5e-06 1
1 VTX -0.0735128 0.0735128 0.0502972 5e-05 0.0937 2 0 1.5708 5e-06 5e-06 1
1 VTX -0.0754257 0.0754257 0.0637824 5e-05 0.0937 2 0 1.5708 5e-06 5e-06 1
1 VTX -0.0754257 0.0754257 0.0657824 5e-05 0.0937 2 0 1.5708 5e-06 5e-06 1
1 VTX -0.0563111 0.0563111 0.0935331 5e-05 0.0937 2 0 1.5708 5e-06 5e-06 1
1 VTX -0.0563111 0.0563111 0.0955331 5e-05 0.0937 2 0 1.5708 5e-06 5e-06 1
1 VTX -0.0503398 0.0503398 0.0193127 0.000557 0.0937 0 0 0 0 0 0
1 VTX -0.0735128 0.0735128 0.0492972 0.000557 0.0937 0 0 0 0 0 0
1 VTX -0.0754257 0.0754257 0.0647824 0.000557 0.0937 0 0 0 0 0 0
1 VTX -0.0563111 0.0563111 0.0945331 0.000557 0.0937 0 0 0 0 0 0
1 VTX -0.5 0.5 0.113 0.000337 0.0937 0 0 0 0 0 0
1 ITK -0.0716267 0.0716267 0.145757 0.000956 0.0937 2 0 1.5708 7e-06 9e-05 1
1 ITK -0.0826471 0.0826471 0.291858 0.000956 0.0937 2 0 1.5708 7e-06 9e-05 1
1 ITK -0.147659 0.147659 0.514621 0.000956 0.0937 2 0 1.5708 7e-06 9e-05 1
1 ITK -0.0716267 0.0716267 0.150757 0.00017 0.0937 0 0 0 0 0 0
1 ITK -0.0826471 0.0826471 0.296858 0.00017 0.0937 0 0 0 0 0 0
1 ITK -0.147659 0.147659 0.519621 0.00017 0.0937 0 0 0 0 0 0
1 ITK -2.3 2.3 0.57 0.00125 0.0937 0 0 0 0 0 0
1 ITK -2.3 2.3 0.5705 0.000281 0.0937 0 0 0 0 0 0
1 OTK -2.19993 2.19993 0.599875 0.000956 0.0937 2 0 1.5708 7e-06 9e-05 1
1 OTK -1.03865 1.03865 1.07674 0.000956 0.0937 2 0 1.5708 7e-06 9e-05 1
1 OTK -2.20751 2.20751 1.45142 0.000956 0.0937 2 0 1.5708 7e-06 9e-05 1
1 OTK -2.19993 2.19993 0.604875 0.000244 0.0937 0 0 0 0 0 0
1 OTK -1.03865 1.03865 1.06674 0.000117 0.0937 0 0 0 0 0 0
1 OTK -2.20751 2.20751 1.44142 0.000117 0.0937 0 0 0 0 0 0
2 VTXDSK 0.0513461 0.112 -0.287635 5e-05 0.0937 2 0 1.5708 5e-06 5e-06 1
2 VTXDSK 0.0366237 0.112 -0.20921 5e-05 0.0937 2 0 1.5708 5e-06 5e-06 1
2 VTXDSK 0.028 0.112 -0.113907 5e-05 0.0937 2 0 1.5708 5e-06 5e-06 1
2 VTXDSK 0.0236748 0.112 -0.0894994 5e-05 0.0937 2 0 1.5708 5e-06 5e-06 1
2 VTXDSK 0.0236748 0.112 0.0894994 5e-05 0.0937 2 0 1.5708 5e-06 5e-06 1
2 VTXDSK 0.028 0.112 0.113907 5e-05 0.0937 2 0 1.5708 5e-06 5e-06 1
2 VTXDSK 0.0366237 0.112 0.20921 5e-05 0.0937 2 0 1.5708 5e-06 5e-06 1
2 VTXDSK 0.0513461 0.112 0.287635 5e-05 0.0937 2 0 1.5708 5e-06 5e-06 1
2 ITKDSK 0.288962 0.56 -2.24855 0.000956 0.0937 2 0 1.5708 7e-06 9e-05 1
2 ITKDSK 0.267202 0.56 -1.98379 0.000956 0.0937 2 0 1.5708 7e-06 9e-05 1
2 ITKDSK 0.237 0.56 -1.63088 0.000956 0.0937 2 0 1.5708 7e-06 9e-05 1
2 ITKDSK 0.212 0.56 -1.36943 0.000956 0.0937 2 0 1.5708 7e-06 9e-05 1
2 ITKDSK 0.19 0.56 -0.998024 0.000956 0.0937 2 0 1.5708 7e-06 9e-05 1
2 ITKDSK 0.147 0.56 -0.73882 0.000956 0.0937 2 0 1.5708 7e-06 9e-05 1
2 ITKDSK 0.0974399 0.41 -0.537839 0.000956 0.0937 2 0 1.5708 7e-06 9e-05 1
2 ITKDSK 0.0974399 0.41 0.537839 0.000956 0.0937 2 0 1.5708 7e-06 9e-05 1
2 ITKDSK 0.147 0.56 0.73882 0.000956 0.0937 2 0 1.5708 7e-06 9e-05 1
2 ITKDSK 0.19 0.56 0.998024 0.000956 0.0937 2 0 1.5708 7e-06 9e-05 1
2 ITKDSK 0.212 0.56 1.36943 0.000956 0.0937 2 0 1.5708 7e-06 9e-05 1
2 ITKDSK 0.237 0.56 1.63088 0.000956 0.0937 2 0 1.5708 7e-06 9e-05 1
2 ITKDSK 0.267202 0.56 1.98379 0.000956 0.0937 2 0 1.5708 7e-06 9e-05 1
2 ITKDSK 0.288962 0.56 2.24855 0.000956 0.0937 2 0 1.5708 7e-06 9e-05 1
2 OTKDSK 0.626312 1.4302 -2.29399 0.000956 0.0937 2 0 1.5708 7e-06 9e-05 1
2 OTKDSK 0.6175 1.4302 -1.87279 0.000956 0.0937 2 0 1.5708 7e-06 9e-05 1
2 OTKDSK 0.6175 1.4302 -1.58382 0.000956 0.0937 2 0 1.5708 7e-06 9e-05 1
2 OTKDSK 0.6175 1.4302 -1.17038 0.000956 0.0937 2 0 1.5708 7e-06 9e-05 1
2 OTKDSK 0.6175 1.4302 1.17038 0.000956 0.0937 2 0 1.5708 7e-06 9e-05 1
2 OTKDSK 0.6175 1.4302 1.58382 0.000956 0.0937 2 0 1.5708 7e-06 9e-05 1
2 OTKDSK 0.6175 1.4302 1.87279 0.000956 0.0937 2 0 1.5708 7e-06 9e-05 1
2 OTKDSK 0.626312 1.4302 2.29399 0.000956 0.0937 2 0 1.5708 7e-06 9e-05 1
2 OTKDSK 0.626312 1.4302 -2.28399 0.000342 0.0937 0 0 0 0 0 0
2 OTKDSK 0.6175 1.4302 -1.88279 0.000342 0.0937 0 0 0 0 0 0
2 OTKDSK 0.6175 1.4302 -1.57382 0.000342 0.0937 0 0 0 0 0 0
2 OTKDSK 0.6175 1.4302 -1.18038 0.000342 0.0937 0 0 0 0 0 0
2 OTKDSK 0.6175 1.4302 1.18038 0.000342 0.0937 0 0 0 0 0 0
2 OTKDSK 0.6175 1.4302 1.57382 0.000342 0.0937 0 0 0 0 0 0
2 OTKDSK 0.6175 1.4302 1.88279 0.000342 0.0937 0 0 0 0 0 0
2 OTKDSK 0.626312 1.4302 2.28399 0.000342 0.0937 0 0 0 0 0 0
SolGeom::GeoRead completed with 65 layers input
i = 0, Detector = VTX
i = 1, Detector = ITK
i = 2, Detector = OTK
i = 3, Detector = VTXDSK
i = 4, Detector = ITKDSK
i = 5, Detector = OTKDSK
