Processing LoadAll.c("CLD")...
Processing RunMetrics.cc+("/ptmp/mpp/fnardi/dev/FastTrackCovariance/opt/workers/w21/GeoOPT.txt", "/ptmp/mpp/fnardi/dev/FastTrackCovariance/opt/workers/w21/metrics.root", 40, 10.0, 20, 0.5, 100.0)...
1 VTX -0.0501256 0.0501256 0.0203127 5e-05 0.0937 2 0 1.5708 5e-06 5e-06 1
1 VTX -0.0501256 0.0501256 0.0223127 5e-05 0.0937 2 0 1.5708 5e-06 5e-06 1
1 VTX -0.0628795 0.0628795 0.0476639 5e-05 0.0937 2 0 1.5708 5e-06 5e-06 1
1 VTX -0.0628795 0.0628795 0.0496639 5e-05 0.0937 2 0 1.5708 5e-06 5e-06 1
1 VTX -0.0697724 0.0697724 0.0637824 5e-05 0.0937 2 0 1.5708 5e-06 5e-06 1
1 VTX -0.0697724 0.0697724 0.0657824 5e-05 0.0937 2 0 1.5708 5e-06 5e-06 1
1 VTX -0.0532653 0.0532653 0.096581 5e-05 0.0937 2 0 1.5708 5e-06 5e-06 1
1 VTX -0.0532653 0.0532653 0.098581 5e-05 0.0937 2 0 1.5708 5e-06 5e-06 1
1 VTX -0.0501256 0.0501256 0.0193127 0.000557 0.0937 0 0 0 0 0 0
1 VTX -0.0628795 0.0628795 0.0486639 0.000557 0.0937 0 0 0 0 0 0
1 VTX -0.0697724 0.0697724 0.0647824 0.000557 0.0937 0 0 0 0 0 0
1 VTX -0.0532653 0.0532653 0.097581 0.000557 0.0937 0 0 0 0 0 0
1 VTX -0.5 0.5 0.113 0.000337 0.0937 0 0 0 0 0 0
1 ITK -0.0700441 0.0700441 0.136118 0.000956 0.0937 2 0 1.5708 7e-06 9e-05 1
1 ITK -0.64563 0.64563 0.431458 0.000956 0.0937 2 0 1.5708 7e-06 9e-05 1
1 ITK -0.264444 0.264444 0.499534 0.000956 0.0937 2 0 1.5708 7e-06 9e-05 1
1 ITK -0.0700441 0.0700441 0.141118 0.00017 0.0937 0 0 0 0 0 0
1 ITK -0.64563 0.64563 0.436458 0.00017 0.0937 0 0 0 0 0 0
1 ITK -0.264444 0.264444 0.504534 0.00017 0.0937 0 0 0 0 0 0
1 ITK -2.3 2.3 0.57 0.00125 0.0937 0 0 0 0 0 0
1 ITK -2.3 2.3 0.5705 0.000281 0.0937 0 0 0 0 0 0
1 OTK -2.19993 2.19993 0.599875 0.000956 0.0937 2 0 1.5708 7e-06 9e-05 1
1 OTK -0.486262 0.486262 1.04778 0.000956 0.0937 2 0 1.5708 7e-06 9e-05 1
1 OTK -2.20751 2.20751 1.45328 0.000956 0.0937 2 0 1.5708 7e-06 9e-05 1
1 OTK -2.19993 2.19993 0.604875 0.000244 0.0937 0 0 0 0 0 0
1 OTK -0.486262 0.486262 1.03778 0.000117 0.0937 0 0 0 0 0 0
1 OTK -2.20751 2.20751 1.44328 0.000117 0.0937 0 0 0 0 0 0
2 VTXDSK 0.0539449 0.112 -0.302376 5e-05 0.0937 2 0 1.5708 5e-06 5e-06 1
2 VTXDSK 0.0360876 0.112 -0.206169 5e-05 0.0937 2 0 1.5708 5e-06 5e-06 1
2 VTXDSK 0.0288438 0.112 -0.124786 5e-05 0.0937 2 0 1.5708 5e-06 5e-06 1
2 VTXDSK 0.022 0.112 -0.0709191 5e-05 0.0937 2 0 1.5708 5e-06 5e-06 1
2 VTXDSK 0.022 0.112 0.0709191 5e-05 0.0937 2 0 1.5708 5e-06 5e-06 1
2 VTXDSK 0.0288438 0.112 0.124786 5e-05 0.0937 2 0 1.5708 5e-06 5e-06 1
2 VTXDSK 0.0360876 0.112 0.206169 5e-05 0.0937 2 0 1.5708 5e-06 5e-06 1
2 VTXDSK 0.0539449 0.112 0.302376 5e-05 0.0937 2 0 1.5708 5e-06 5e-06 1
2 ITKDSK 0.284 0.56 -2.17732 0.000956 0.0937 2 0 1.5708 7e-06 9e-05 1
2 ITKDSK 0.264 0.56 -1.891 0.000956 0.0937 2 0 1.5708 7e-06 9e-05 1
2 ITKDSK 0.237 0.56 -1.54014 0.000956 0.0937 2 0 1.5708 7e-06 9e-05 1
2 ITKDSK 0.212 0.56 -1.36943 0.000956 0.0937 2 0 1.5708 7e-06 9e-05 1
2 ITKDSK 0.19 0.56 -0.972618 0.000956 0.0937 2 0 1.5708 7e-06 9e-05 1
2 ITKDSK 0.17167 0.56 -0.947929 0.000956 0.0937 2 0 1.5708 7e-06 9e-05 1
2 ITKDSK 0.095 0.41 -0.502212 0.000956 0.0937 2 0 1.5708 7e-06 9e-05 1
2 ITKDSK 0.095 0.41 0.502212 0.000956 0.0937 2 0 1.5708 7e-06 9e-05 1
2 ITKDSK 0.17167 0.56 0.947929 0.000956 0.0937 2 0 1.5708 7e-06 9e-05 1
2 ITKDSK 0.19 0.56 0.972618 0.000956 0.0937 2 0 1.5708 7e-06 9e-05 1
2 ITKDSK 0.212 0.56 1.36943 0.000956 0.0937 2 0 1.5708 7e-06 9e-05 1
2 ITKDSK 0.237 0.56 1.54014 0.000956 0.0937 2 0 1.5708 7e-06 9e-05 1
2 ITKDSK 0.264 0.56 1.891 0.000956 0.0937 2 0 1.5708 7e-06 9e-05 1
2 ITKDSK 0.284 0.56 2.17732 0.000956 0.0937 2 0 1.5708 7e-06 9e-05 1
2 OTKDSK 0.626312 1.4302 -2.29399 0.000956 0.0937 2 0 1.5708 7e-06 9e-05 1
2 OTKDSK 0.6175 1.4302 -1.8383 0.000956 0.0937 2 0 1.5708 7e-06 9e-05 1
2 OTKDSK 0.6175 1.4302 -1.47816 0.000956 0.0937 2 0 1.5708 7e-06 9e-05 1
2 OTKDSK 0.6175 1.4302 -1.24733 0.000956 0.0937 2 0 1.5708 7e-06 9e-05 1
2 OTKDSK 0.6175 1.4302 1.24733 0.000956 0.0937 2 0 1.5708 7e-06 9e-05 1
2 OTKDSK 0.6175 1.4302 1.47816 0.000956 0.0937 2 0 1.5708 7e-06 9e-05 1
2 OTKDSK 0.6175 1.4302 1.8383 0.000956 0.0937 2 0 1.5708 7e-06 9e-05 1
2 OTKDSK 0.626312 1.4302 2.29399 0.000956 0.0937 2 0 1.5708 7e-06 9e-05 1
2 OTKDSK 0.626312 1.4302 -2.28399 0.000342 0.0937 0 0 0 0 0 0
2 OTKDSK 0.6175 1.4302 -1.8483 0.000342 0.0937 0 0 0 0 0 0
2 OTKDSK 0.6175 1.4302 -1.46816 0.000342 0.0937 0 0 0 0 0 0
2 OTKDSK 0.6175 1.4302 -1.25733 0.000342 0.0937 0 0 0 0 0 0
2 OTKDSK 0.6175 1.4302 1.25733 0.000342 0.0937 0 0 0 0 0 0
2 OTKDSK 0.6175 1.4302 1.46816 0.000342 0.0937 0 0 0 0 0 0
2 OTKDSK 0.6175 1.4302 1.8483 0.000342 0.0937 0 0 0 0 0 0
2 OTKDSK 0.626312 1.4302 2.28399 0.000342 0.0937 0 0 0 0 0 0
SolGeom::GeoRead completed with 65 layers input
i = 0, Detector = VTX
i = 1, Detector = ITK
i = 2, Detector = OTK
i = 3, Detector = VTXDSK
i = 4, Detector = ITKDSK
i = 5, Detector = OTKDSK
