Processing LoadAll.c("CLD")...
Processing RunMetrics.cc+("/ptmp/mpp/fnardi/dev/FastTrackCovariance/opt/workers/w20/GeoOPT.txt", "/ptmp/mpp/fnardi/dev/FastTrackCovariance/opt/workers/w20/metrics.root", 40, 10.0, 20, 0.5, 100.0)...
1 VTX -0.0501256 0.0501256 0.0214779 5e-05 0.0937 2 0 1.5708 5e-06 5e-06 1
1 VTX -0.0501256 0.0501256 0.0234779 5e-05 0.0937 2 0 1.5708 5e-06 5e-06 1
1 VTX -0.0595599 0.0595599 0.0429039 5e-05 0.0937 2 0 1.5708 5e-06 5e-06 1
1 VTX -0.0595599 0.0595599 0.0449039 5e-05 0.0937 2 0 1.5708 5e-06 5e-06 1
1 VTX -0.0697724 0.0697724 0.067806 5e-05 0.0937 2 0 1.5708 5e-06 5e-06 1
1 VTX -0.0697724 0.0697724 0.069806 5e-05 0.0937 2 0 1.5708 5e-06 5e-06 1
1 VTX -0.0532653 0.0532653 0.0966338 5e-05 0.0937 2 0 1.5708 5e-06 5e-06 1
1 VTX -0.0532653 0.0532653 0.0986338 5e-05 0.0937 2 0 1.5708 5e-06 5e-06 1
1 VTX -0.0501256 0.0501256 0.0204779 0.000557 0.0937 0 0 0 0 0 0
1 VTX -0.0595599 0.0595599 0.0439039 0.000557 0.0937 0 0 0 0 0 0
1 VTX -0.0697724 0.0697724 0.068806 0.000557 0.0937 0 0 0 0 0 0
1 VTX -0.0532653 0.0532653 0.0976338 0.000557 0.0937 0 0 0 0 0 0
1 VTX -0.5 0.5 0.113 0.000337 0.0937 0 0 0 0 0 0
1 ITK -0.0703338 0.0703338 0.150484 0.000956 0.0937 2 0 1.5708 7e-06 9e-05 1
1 ITK -0.281638 0.281638 0.431458 0.000956 0.0937 2 0 1.5708 7e-06 9e-05 1
1 ITK -0.10324 0.10324 0.489115 0.000956 0.0937 2 0 1.5708 7e-06 9e-05 1
1 ITK -0.0703338 0.0703338 0.155484 0.00017 0.0937 0 0 0 0 0 0
1 ITK -0.281638 0.281638 0.436458 0.00017 0.0937 0 0 0 0 0 0
1 ITK -0.10324 0.10324 0.494115 0.00017 0.0937 0 0 0 0 0 0
1 ITK -2.3 2.3 0.57 0.00125 0.0937 0 0 0 0 0 0
1 ITK -2.3 2.3 0.5705 0.000281 0.0937 0 0 0 0 0 0
1 OTK -1.83798 1.83798 0.599875 0.000956 0.0937 2 0 1.5708 7e-06 9e-05 1
1 OTK -1.24625 1.24625 1.10171 0.000956 0.0937 2 0 1.5708 7e-06 9e-05 1
1 OTK -2.20751 2.20751 1.45173 0.000956 0.0937 2 0 1.5708 7e-06 9e-05 1
1 OTK -1.83798 1.83798 0.604875 0.000244 0.0937 0 0 0 0 0 0
1 OTK -1.24625 1.24625 1.09171 0.000117 0.0937 0 0 0 0 0 0
1 OTK -2.20751 2.20751 1.44173 0.000117 0.0937 0 0 0 0 0 0
2 VTXDSK 0.05 0.112 -0.249762 5e-05 0.0937 2 0 1.5708 5e-06 5e-06 1
2 VTXDSK 0.036525 0.112 -0.20865 5e-05 0.0937 2 0 1.5708 5e-06 5e-06 1
2 VTXDSK 0.0327054 0.112 -0.14669 5e-05 0.0937 2 0 1.5708 5e-06 5e-06 1
2 VTXDSK 0.022 0.112 -0.0709191 5e-05 0.0937 2 0 1.5708 5e-06 5e-06 1
2 VTXDSK 0.022 0.112 0.0709191 5e-05 0.0937 2 0 1.5708 5e-06 5e-06 1
2 VTXDSK 0.0327054 0.112 0.14669 5e-05 0.0937 2 0 1.5708 5e-06 5e-06 1
2 VTXDSK 0.036525 0.112 0.20865 5e-05 0.0937 2 0 1.5708 5e-06 5e-06 1
2 VTXDSK 0.05 0.112 0.249762 5e-05 0.0937 2 0 1.5708 5e-06 5e-06 1
2 ITKDSK 0.284 0.56 -2.07827 0.000956 0.0937 2 0 1.5708 7e-06 9e-05 1
2 ITKDSK 0.264 0.56 -1.84479 0.000956 0.0937 2 0 1.5708 7e-06 9e-05 1
2 ITKDSK 0.237 0.56 -1.60017 0.000956 0.0937 2 0 1.5708 7e-06 9e-05 1
2 ITKDSK 0.212 0.56 -1.28501 0.000956 0.0937 2 0 1.5708 7e-06 9e-05 1
2 ITKDSK 0.19 0.56 -1.02067 0.000956 0.0937 2 0 1.5708 7e-06 9e-05 1
2 ITKDSK 0.147 0.56 -0.782609 0.000956 0.0937 2 0 1.5708 7e-06 9e-05 1
2 ITKDSK 0.095 0.41 -0.508735 0.000956 0.0937 2 0 1.5708 7e-06 9e-05 1
2 ITKDSK 0.095 0.41 0.508735 0.000956 0.0937 2 0 1.5708 7e-06 9e-05 1
2 ITKDSK 0.147 0.56 0.782609 0.000956 0.0937 2 0 1.5708 7e-06 9e-05 1
2 ITKDSK 0.19 0.56 1.02067 0.000956 0.0937 2 0 1.5708 7e-06 9e-05 1
2 ITKDSK 0.212 0.56 1.28501 0.000956 0.0937 2 0 1.5708 7e-06 9e-05 1
2 ITKDSK 0.237 0.56 1.60017 0.000956 0.0937 2 0 1.5708 7e-06 9e-05 1
2 ITKDSK 0.264 0.56 1.84479 0.000956 0.0937 2 0 1.5708 7e-06 9e-05 1
2 ITKDSK 0.284 0.56 2.07827 0.000956 0.0937 2 0 1.5708 7e-06 9e-05 1
2 OTKDSK 0.626312 1.4302 -2.29399 0.000956 0.0937 2 0 1.5708 7e-06 9e-05 1
2 OTKDSK 0.6175 1.4302 -1.86534 0.000956 0.0937 2 0 1.5708 7e-06 9e-05 1
2 OTKDSK 0.617673 1.4302 -1.61904 0.000956 0.0937 2 0 1.5708 7e-06 9e-05 1
2 OTKDSK 0.6175 1.4302 -1.26981 0.000956 0.0937 2 0 1.5708 7e-06 9e-05 1
2 OTKDSK 0.6175 1.4302 1.26981 0.000956 0.0937 2 0 1.5708 7e-06 9e-05 1
2 OTKDSK 0.617673 1.4302 1.61904 0.000956 0.0937 2 0 1.5708 7e-06 9e-05 1
2 OTKDSK 0.6175 1.4302 1.86534 0.000956 0.0937 2 0 1.5708 7e-06 9e-05 1
2 OTKDSK 0.626312 1.4302 2.29399 0.000956 0.0937 2 0 1.5708 7e-06 9e-05 1
2 OTKDSK 0.626312 1.4302 -2.28399 0.000342 0.0937 0 0 0 0 0 0
2 OTKDSK 0.6175 1.4302 -1.87534 0.000342 0.0937 0 0 0 0 0 0
2 OTKDSK 0.617673 1.4302 -1.60904 0.000342 0.0937 0 0 0 0 0 0
2 OTKDSK 0.6175 1.4302 -1.27981 0.000342 0.0937 0 0 0 0 0 0
2 OTKDSK 0.6175 1.4302 1.27981 0.000342 0.0937 0 0 0 0 0 0
2 OTKDSK 0.617673 1.4302 1.60904 0.000342 0.0937 0 0 0 0 0 0
2 OTKDSK 0.6175 1.4302 1.87534 0.000342 0.0937 0 0 0 0 0 0
2 OTKDSK 0.626312 1.4302 2.28399 0.000342 0.0937 0 0 0 0 0 0
SolGeom::GeoRead completed with 65 layers input
i = 0, Detector = VTX
i = 1, Detector = ITK
i = 2, Detector = OTK
i = 3, Detector = VTXDSK
i = 4, Detector = ITKDSK
i = 5, Detector = OTKDSK
