Processing LoadAll.c("CLD")...
Processing RunMetrics.cc+("/ptmp/mpp/fnardi/dev/FastTrackCovariance/opt/workers/w08/GeoOPT.txt", "/ptmp/mpp/fnardi/dev/FastTrackCovariance/opt/workers/w08/metrics.root", 40, 10.0, 20, 0.5, 100.0)...
1 VTX -0.0517664 0.0517664 0.0203127 5e-05 0.0937 2 0 1.5708 5e-06 5e-06 1
1 VTX -0.0517664 0.0517664 0.0223127 5e-05 0.0937 2 0 1.5708 5e-06 5e-06 1
1 VTX -0.0710235 0.0710235 0.0418966 5e-05 0.0937 2 0 1.5708 5e-06 5e-06 1
1 VTX -0.0710235 0.0710235 0.0438966 5e-05 0.0937 2 0 1.5708 5e-06 5e-06 1
1 VTX -0.0827741 0.0827741 0.0637824 5e-05 0.0937 2 0 1.5708 5e-06 5e-06 1
1 VTX -0.0827741 0.0827741 0.0657824 5e-05 0.0937 2 0 1.5708 5e-06 5e-06 1
1 VTX -0.0709926 0.0709926 0.1038 5e-05 0.0937 2 0 1.5708 5e-06 5e-06 1
1 VTX -0.0709926 0.0709926 0.1058 5e-05 0.0937 2 0 1.5708 5e-06 5e-06 1
1 VTX -0.0517664 0.0517664 0.0193127 0.000557 0.0937 0 0 0 0 0 0
1 VTX -0.0710235 0.0710235 0.0428966 0.000557 0.0937 0 0 0 0 0 0
1 VTX -0.0827741 0.0827741 0.0647824 0.000557 0.0937 0 0 0 0 0 0
1 VTX -0.0709926 0.0709926 0.1048 0.000557 0.0937 0 0 0 0 0 0
1 VTX -0.5 0.5 0.113 0.000337 0.0937 0 0 0 0 0 0
1 ITK -0.0707986 0.0707986 0.150484 0.000956 0.0937 2 0 1.5708 7e-06 9e-05 1
1 ITK -0.286422 0.286422 0.245897 0.000956 0.0937 2 0 1.5708 7e-06 9e-05 1
1 ITK -0.195091 0.195091 0.513712 0.000956 0.0937 2 0 1.5708 7e-06 9e-05 1
1 ITK -0.0707986 0.0707986 0.155484 0.00017 0.0937 0 0 0 0 0 0
1 ITK -0.286422 0.286422 0.250897 0.00017 0.0937 0 0 0 0 0 0
1 ITK -0.195091 0.195091 0.518712 0.00017 0.0937 0 0 0 0 0 0
1 ITK -2.3 2.3 0.57 0.00125 0.0937 0 0 0 0 0 0
1 ITK -2.3 2.3 0.5705 0.000281 0.0937 0 0 0 0 0 0
1 OTK -2.19993 2.19993 0.599875 0.000956 0.0937 2 0 1.5708 7e-06 9e-05 1
1 OTK -1.17256 1.17256 1.10171 0.000956 0.0937 2 0 1.5708 7e-06 9e-05 1
1 OTK -2.26962 2.26962 1.45402 0.000956 0.0937 2 0 1.5708 7e-06 9e-05 1
1 OTK -2.19993 2.19993 0.604875 0.000244 0.0937 0 0 0 0 0 0
1 OTK -1.17256 1.17256 1.09171 0.000117 0.0937 0 0 0 0 0 0
1 OTK -2.26962 2.26962 1.44402 0.000117 0.0937 0 0 0 0 0 0
2 VTXDSK 0.05 0.112 -0.254512 5e-05 0.0937 2 0 1.5708 5e-06 5e-06 1
2 VTXDSK 0.035 0.112 -0.177584 5e-05 0.0937 2 0 1.5708 5e-06 5e-06 1
2 VTXDSK 0.0329065 0.112 -0.14783 5e-05 0.0937 2 0 1.5708 5e-06 5e-06 1
2 VTXDSK 0.0227082 0.112 -0.0840172 5e-05 0.0937 2 0 1.5708 5e-06 5e-06 1
2 VTXDSK 0.0227082 0.112 0.0840172 5e-05 0.0937 2 0 1.5708 5e-06 5e-06 1
2 VTXDSK 0.0329065 0.112 0.14783 5e-05 0.0937 2 0 1.5708 5e-06 5e-06 1
2 VTXDSK 0.035 0.112 0.177584 5e-05 0.0937 2 0 1.5708 5e-06 5e-06 1
2 VTXDSK 0.05 0.112 0.254512 5e-05 0.0937 2 0 1.5708 5e-06 5e-06 1
2 ITKDSK 0.284 0.56 -2.1884 0.000956 0.0937 2 0 1.5708 7e-06 9e-05 1
2 ITKDSK 0.264 0.56 -1.84479 0.000956 0.0937 2 0 1.5708 7e-06 9e-05 1
2 ITKDSK 0.237 0.56 -1.60017 0.000956 0.0937 2 0 1.5708 7e-06 9e-05 1
2 ITKDSK 0.212 0.56 -1.36943 0.000956 0.0937 2 0 1.5708 7e-06 9e-05 1
2 ITKDSK 0.195077 0.56 -1.15291 0.000956 0.0937 2 0 1.5708 7e-06 9e-05 1
2 ITKDSK 0.147 0.56 -0.73882 0.000956 0.0937 2 0 1.5708 7e-06 9e-05 1
2 ITKDSK 0.095 0.41 -0.519198 0.000956 0.0937 2 0 1.5708 7e-06 9e-05 1
2 ITKDSK 0.095 0.41 0.519198 0.000956 0.0937 2 0 1.5708 7e-06 9e-05 1
2 ITKDSK 0.147 0.56 0.73882 0.000956 0.0937 2 0 1.5708 7e-06 9e-05 1
2 ITKDSK 0.195077 0.56 1.15291 0.000956 0.0937 2 0 1.5708 7e-06 9e-05 1
2 ITKDSK 0.212 0.56 1.36943 0.000956 0.0937 2 0 1.5708 7e-06 9e-05 1
2 ITKDSK 0.237 0.56 1.60017 0.000956 0.0937 2 0 1.5708 7e-06 9e-05 1
2 ITKDSK 0.264 0.56 1.84479 0.000956 0.0937 2 0 1.5708 7e-06 9e-05 1
2 ITKDSK 0.284 0.56 2.1884 0.000956 0.0937 2 0 1.5708 7e-06 9e-05 1
2 OTKDSK 0.6175 1.4302 -2.17286 0.000956 0.0937 2 0 1.5708 7e-06 9e-05 1
2 OTKDSK 0.6175 1.4302 -1.78607 0.000956 0.0937 2 0 1.5708 7e-06 9e-05 1
2 OTKDSK 0.6175 1.4302 -1.58382 0.000956 0.0937 2 0 1.5708 7e-06 9e-05 1
2 OTKDSK 0.6175 1.4302 -1.20778 0.000956 0.0937 2 0 1.5708 7e-06 9e-05 1
2 OTKDSK 0.6175 1.4302 1.20778 0.000956 0.0937 2 0 1.5708 7e-06 9e-05 1
2 OTKDSK 0.6175 1.4302 1.58382 0.000956 0.0937 2 0 1.5708 7e-06 9e-05 1
2 OTKDSK 0.6175 1.4302 1.78607 0.000956 0.0937 2 0 1.5708 7e-06 9e-05 1
2 OTKDSK 0.6175 1.4302 2.17286 0.000956 0.0937 2 0 1.5708 7e-06 9e-05 1
2 OTKDSK 0.6175 1.4302 -2.16286 0.000342 0.0937 0 0 0 0 0 0
2 OTKDSK 0.6175 1.4302 -1.79607 0.000342 0.0937 0 0 0 0 0 0
2 OTKDSK 0.6175 1.4302 -1.57382 0.000342 0.0937 0 0 0 0 0 0
2 OTKDSK 0.6175 1.4302 -1.21778 0.000342 0.0937 0 0 0 0 0 0
2 OTKDSK 0.6175 1.4302 1.21778 0.000342 0.0937 0 0 0 0 0 0
2 OTKDSK 0.6175 1.4302 1.57382 0.000342 0.0937 0 0 0 0 0 0
2 OTKDSK 0.6175 1.4302 1.79607 0.000342 0.0937 0 0 0 0 0 0
2 OTKDSK 0.6175 1.4302 2.16286 0.000342 0.0937 0 0 0 0 0 0
SolGeom::GeoRead completed with 65 layers input
i = 0, Detector = VTX
i = 1, Detector = ITK
i = 2, Detector = OTK
i = 3, Detector = VTXDSK
i = 4, Detector = ITKDSK
i = 5, Detector = OTKDSK
