Processing LoadAll.c("CLD")...
Processing RunMetrics.cc+("/ptmp/mpp/fnardi/dev/FastTrackCovariance/opt/workers/w17/GeoOPT.txt", "/ptmp/mpp/fnardi/dev/FastTrackCovariance/opt/workers/w17/metrics.root", 40, 10.0, 20, 0.5, 100.0)...
1 VTX -0.050067 0.050067 0.0203127 5e-05 0.0937 2 0 1.5708 5e-06 5e-06 1
1 VTX -0.050067 0.050067 0.0223127 5e-05 0.0937 2 0 1.5708 5e-06 5e-06 1
1 VTX -0.0596426 0.0596426 0.0418966 5e-05 0.0937 2 0 1.5708 5e-06 5e-06 1
1 VTX -0.0596426 0.0596426 0.0438966 5e-05 0.0937 2 0 1.5708 5e-06 5e-06 1
1 VTX -0.0700928 0.0700928 0.0637824 5e-05 0.0937 2 0 1.5708 5e-06 5e-06 1
1 VTX -0.0700928 0.0700928 0.0657824 5e-05 0.0937 2 0 1.5708 5e-06 5e-06 1
1 VTX -0.0542944 0.0542944 0.101295 5e-05 0.0937 2 0 1.5708 5e-06 5e-06 1
1 VTX -0.0542944 0.0542944 0.103295 5e-05 0.0937 2 0 1.5708 5e-06 5e-06 1
1 VTX -0.050067 0.050067 0.0193127 0.000557 0.0937 0 0 0 0 0 0
1 VTX -0.0596426 0.0596426 0.0428966 0.000557 0.0937 0 0 0 0 0 0
1 VTX -0.0700928 0.0700928 0.0647824 0.000557 0.0937 0 0 0 0 0 0
1 VTX -0.0542944 0.0542944 0.102295 0.000557 0.0937 0 0 0 0 0 0
1 VTX -0.5 0.5 0.113 0.000337 0.0937 0 0 0 0 0 0
1 ITK -0.146582 0.146582 0.150484 0.000956 0.0937 2 0 1.5708 7e-06 9e-05 1
1 ITK -0.237019 0.237019 0.431458 0.000956 0.0937 2 0 1.5708 7e-06 9e-05 1
1 ITK -0.108505 0.108505 0.489115 0.000956 0.0937 2 0 1.5708 7e-06 9e-05 1
1 ITK -0.146582 0.146582 0.155484 0.00017 0.0937 0 0 0 0 0 0
1 ITK -0.237019 0.237019 0.436458 0.00017 0.0937 0 0 0 0 0 0
1 ITK -0.108505 0.108505 0.494115 0.00017 0.0937 0 0 0 0 0 0
1 ITK -2.3 2.3 0.57 0.00125 0.0937 0 0 0 0 0 0
1 ITK -2.3 2.3 0.5705 0.000281 0.0937 0 0 0 0 0 0
1 OTK -1.03464 1.03464 0.664069 0.000956 0.0937 2 0 1.5708 7e-06 9e-05 1
1 OTK -1.00555 1.00555 1.10171 0.000956 0.0937 2 0 1.5708 7e-06 9e-05 1
1 OTK -2.20751 2.20751 1.45402 0.000956 0.0937 2 0 1.5708 7e-06 9e-05 1
1 OTK -1.03464 1.03464 0.669069 0.000244 0.0937 0 0 0 0 0 0
1 OTK -1.00555 1.00555 1.09171 0.000117 0.0937 0 0 0 0 0 0
1 OTK -2.20751 2.20751 1.44402 0.000117 0.0937 0 0 0 0 0 0
2 VTXDSK 0.05 0.112 -0.249762 5e-05 0.0937 2 0 1.5708 5e-06 5e-06 1
2 VTXDSK 0.0418733 0.112 -0.238986 5e-05 0.0937 2 0 1.5708 5e-06 5e-06 1
2 VTXDSK 0.0288438 0.112 -0.124786 5e-05 0.0937 2 0 1.5708 5e-06 5e-06 1
2 VTXDSK 0.022 0.112 -0.0712419 5e-05 0.0937 2 0 1.5708 5e-06 5e-06 1
2 VTXDSK 0.022 0.112 0.0712419 5e-05 0.0937 2 0 1.5708 5e-06 5e-06 1
2 VTXDSK 0.0288438 0.112 0.124786 5e-05 0.0937 2 0 1.5708 5e-06 5e-06 1
2 VTXDSK 0.0418733 0.112 0.238986 5e-05 0.0937 2 0 1.5708 5e-06 5e-06 1
2 VTXDSK 0.05 0.112 0.249762 5e-05 0.0937 2 0 1.5708 5e-06 5e-06 1
2 ITKDSK 0.284 0.56 -2.17732 0.000956 0.0937 2 0 1.5708 7e-06 9e-05 1
2 ITKDSK 0.264 0.56 -1.94559 0.000956 0.0937 2 0 1.5708 7e-06 9e-05 1
2 ITKDSK 0.237 0.56 -1.60017 0.000956 0.0937 2 0 1.5708 7e-06 9e-05 1
2 ITKDSK 0.212 0.56 -1.36943 0.000956 0.0937 2 0 1.5708 7e-06 9e-05 1
2 ITKDSK 0.19 0.56 -0.972618 0.000956 0.0937 2 0 1.5708 7e-06 9e-05 1
2 ITKDSK 0.147 0.56 -0.673026 0.000956 0.0937 2 0 1.5708 7e-06 9e-05 1
2 ITKDSK 0.0976725 0.41 -0.539159 0.000956 0.0937 2 0 1.5708 7e-06 9e-05 1
2 ITKDSK 0.0976725 0.41 0.539159 0.000956 0.0937 2 0 1.5708 7e-06 9e-05 1
2 ITKDSK 0.147 0.56 0.673026 0.000956 0.0937 2 0 1.5708 7e-06 9e-05 1
2 ITKDSK 0.19 0.56 0.972618 0.000956 0.0937 2 0 1.5708 7e-06 9e-05 1
2 ITKDSK 0.212 0.56 1.36943 0.000956 0.0937 2 0 1.5708 7e-06 9e-05 1
2 ITKDSK 0.237 0.56 1.60017 0.000956 0.0937 2 0 1.5708 7e-06 9e-05 1
2 ITKDSK 0.264 0.56 1.94559 0.000956 0.0937 2 0 1.5708 7e-06 9e-05 1
2 ITKDSK 0.284 0.56 2.17732 0.000956 0.0937 2 0 1.5708 7e-06 9e-05 1
2 OTKDSK 0.6175 1.4302 -2.1534 0.000956 0.0937 2 0 1.5708 7e-06 9e-05 1
2 OTKDSK 0.6175 1.4302 -1.8135 0.000956 0.0937 2 0 1.5708 7e-06 9e-05 1
2 OTKDSK 0.6175 1.4302 -1.54245 0.000956 0.0937 2 0 1.5708 7e-06 9e-05 1
2 OTKDSK 0.6175 1.4302 -1.08147 0.000956 0.0937 2 0 1.5708 7e-06 9e-05 1
2 OTKDSK 0.6175 1.4302 1.08147 0.000956 0.0937 2 0 1.5708 7e-06 9e-05 1
2 OTKDSK 0.6175 1.4302 1.54245 0.000956 0.0937 2 0 1.5708 7e-06 9e-05 1
2 OTKDSK 0.6175 1.4302 1.8135 0.000956 0.0937 2 0 1.5708 7e-06 9e-05 1
2 OTKDSK 0.6175 1.4302 2.1534 0.000956 0.0937 2 0 1.5708 7e-06 9e-05 1
2 OTKDSK 0.6175 1.4302 -2.1434 0.000342 0.0937 0 0 0 0 0 0
2 OTKDSK 0.6175 1.4302 -1.8235 0.000342 0.0937 0 0 0 0 0 0
2 OTKDSK 0.6175 1.4302 -1.53245 0.000342 0.0937 0 0 0 0 0 0
2 OTKDSK 0.6175 1.4302 -1.09147 0.000342 0.0937 0 0 0 0 0 0
2 OTKDSK 0.6175 1.4302 1.09147 0.000342 0.0937 0 0 0 0 0 0
2 OTKDSK 0.6175 1.4302 1.53245 0.000342 0.0937 0 0 0 0 0 0
2 OTKDSK 0.6175 1.4302 1.8235 0.000342 0.0937 0 0 0 0 0 0
2 OTKDSK 0.6175 1.4302 2.1434 0.000342 0.0937 0 0 0 0 0 0
SolGeom::GeoRead completed with 65 layers input
i = 0, Detector = VTX
i = 1, Detector = ITK
i = 2, Detector = OTK
i = 3, Detector = VTXDSK
i = 4, Detector = ITKDSK
i = 5, Detector = OTKDSK
