Processing LoadAll.c("CLD")...
Processing RunMetrics.cc+("/ptmp/mpp/fnardi/dev/FastTrackCovariance/opt/workers/w31/GeoOPT.txt", "/ptmp/mpp/fnardi/dev/FastTrackCovariance/opt/workers/w31/metrics.root", 40, 10.0, 20, 0.5, 100.0)...
1 VTX -0.0501256 0.0501256 0.0203127 5e-05 0.0937 2 0 1.5708 5e-06 5e-06 1
1 VTX -0.0501256 0.0501256 0.0223127 5e-05 0.0937 2 0 1.5708 5e-06 5e-06 1
1 VTX -0.0600038 0.0600038 0.0418966 5e-05 0.0937 2 0 1.5708 5e-06 5e-06 1
1 VTX -0.0600038 0.0600038 0.0438966 5e-05 0.0937 2 0 1.5708 5e-06 5e-06 1
1 VTX -0.0671937 0.0671937 0.0637824 5e-05 0.0937 2 0 1.5708 5e-06 5e-06 1
1 VTX -0.0671937 0.0671937 0.0657824 5e-05 0.0937 2 0 1.5708 5e-06 5e-06 1
1 VTX -0.0532653 0.0532653 0.0935331 5e-05 0.0937 2 0 1.5708 5e-06 5e-06 1
1 VTX -0.0532653 0.0532653 0.0955331 5e-05 0.0937 2 0 1.5708 5e-06 5e-06 1
1 VTX -0.0501256 0.0501256 0.0193127 0.000557 0.0937 0 0 0 0 0 0
1 VTX -0.0600038 0.0600038 0.0428966 0.000557 0.0937 0 0 0 0 0 0
1 VTX -0.0671937 0.0671937 0.0647824 0.000557 0.0937 0 0 0 0 0 0
1 VTX -0.0532653 0.0532653 0.0945331 0.000557 0.0937 0 0 0 0 0 0
1 VTX -0.5 0.5 0.113 0.000337 0.0937 0 0 0 0 0 0
1 ITK -0.0716267 0.0716267 0.150484 0.000956 0.0937 2 0 1.5708 7e-06 9e-05 1
1 ITK -0.353761 0.353761 0.342214 0.000956 0.0937 2 0 1.5708 7e-06 9e-05 1
1 ITK -0.166677 0.166677 0.525103 0.000956 0.0937 2 0 1.5708 7e-06 9e-05 1
1 ITK -0.0716267 0.0716267 0.155484 0.00017 0.0937 0 0 0 0 0 0
1 ITK -0.353761 0.353761 0.347214 0.00017 0.0937 0 0 0 0 0 0
1 ITK -0.166677 0.166677 0.530103 0.00017 0.0937 0 0 0 0 0 0
1 ITK -2.3 2.3 0.57 0.00125 0.0937 0 0 0 0 0 0
1 ITK -2.3 2.3 0.5705 0.000281 0.0937 0 0 0 0 0 0
1 OTK -1.35821 1.35821 0.721477 0.000956 0.0937 2 0 1.5708 7e-06 9e-05 1
1 OTK -1.24705 1.24705 1.10171 0.000956 0.0937 2 0 1.5708 7e-06 9e-05 1
1 OTK -2.20751 2.20751 1.45402 0.000956 0.0937 2 0 1.5708 7e-06 9e-05 1
1 OTK -1.35821 1.35821 0.726477 0.000244 0.0937 0 0 0 0 0 0
1 OTK -1.24705 1.24705 1.09171 0.000117 0.0937 0 0 0 0 0 0
1 OTK -2.20751 2.20751 1.44402 0.000117 0.0937 0 0 0 0 0 0
2 VTXDSK 0.05 0.112 -0.249762 5e-05 0.0937 2 0 1.5708 5e-06 5e-06 1
2 VTXDSK 0.0350376 0.112 -0.200213 5e-05 0.0937 2 0 1.5708 5e-06 5e-06 1
2 VTXDSK 0.0288438 0.112 -0.124786 5e-05 0.0937 2 0 1.5708 5e-06 5e-06 1
2 VTXDSK 0.022 0.112 -0.0709191 5e-05 0.0937 2 0 1.5708 5e-06 5e-06 1
2 VTXDSK 0.022 0.112 0.0709191 5e-05 0.0937 2 0 1.5708 5e-06 5e-06 1
2 VTXDSK 0.0288438 0.112 0.124786 5e-05 0.0937 2 0 1.5708 5e-06 5e-06 1
2 VTXDSK 0.0350376 0.112 0.200213 5e-05 0.0937 2 0 1.5708 5e-06 5e-06 1
2 VTXDSK 0.05 0.112 0.249762 5e-05 0.0937 2 0 1.5708 5e-06 5e-06 1
2 ITKDSK 0.290948 0.56 -2.27199 0.000956 0.0937 2 0 1.5708 7e-06 9e-05 1
2 ITKDSK 0.270261 0.56 -2.01989 0.000956 0.0937 2 0 1.5708 7e-06 9e-05 1
2 ITKDSK 0.237 0.56 -1.60017 0.000956 0.0937 2 0 1.5708 7e-06 9e-05 1
2 ITKDSK 0.212 0.56 -1.32199 0.000956 0.0937 2 0 1.5708 7e-06 9e-05 1
2 ITKDSK 0.19 0.56 -0.972618 0.000956 0.0937 2 0 1.5708 7e-06 9e-05 1
2 ITKDSK 0.158418 0.56 -0.872765 0.000956 0.0937 2 0 1.5708 7e-06 9e-05 1
2 ITKDSK 0.0974399 0.41 -0.537839 0.000956 0.0937 2 0 1.5708 7e-06 9e-05 1
2 ITKDSK 0.0974399 0.41 0.537839 0.000956 0.0937 2 0 1.5708 7e-06 9e-05 1
2 ITKDSK 0.158418 0.56 0.872765 0.000956 0.0937 2 0 1.5708 7e-06 9e-05 1
2 ITKDSK 0.19 0.56 0.972618 0.000956 0.0937 2 0 1.5708 7e-06 9e-05 1
2 ITKDSK 0.212 0.56 1.32199 0.000956 0.0937 2 0 1.5708 7e-06 9e-05 1
2 ITKDSK 0.237 0.56 1.60017 0.000956 0.0937 2 0 1.5708 7e-06 9e-05 1
2 ITKDSK 0.270261 0.56 2.01989 0.000956 0.0937 2 0 1.5708 7e-06 9e-05 1
2 ITKDSK 0.290948 0.56 2.27199 0.000956 0.0937 2 0 1.5708 7e-06 9e-05 1
2 OTKDSK 0.626312 1.4302 -2.29399 0.000956 0.0937 2 0 1.5708 7e-06 9e-05 1
2 OTKDSK 0.6175 1.4302 -1.78607 0.000956 0.0937 2 0 1.5708 7e-06 9e-05 1
2 OTKDSK 0.6175 1.4302 -1.58382 0.000956 0.0937 2 0 1.5708 7e-06 9e-05 1
2 OTKDSK 0.62683 1.4302 -1.4201 0.000956 0.0937 2 0 1.5708 7e-06 9e-05 1
2 OTKDSK 0.62683 1.4302 1.4201 0.000956 0.0937 2 0 1.5708 7e-06 9e-05 1
2 OTKDSK 0.6175 1.4302 1.58382 0.000956 0.0937 2 0 1.5708 7e-06 9e-05 1
2 OTKDSK 0.6175 1.4302 1.78607 0.000956 0.0937 2 0 1.5708 7e-06 9e-05 1
2 OTKDSK 0.626312 1.4302 2.29399 0.000956 0.0937 2 0 1.5708 7e-06 9e-05 1
2 OTKDSK 0.626312 1.4302 -2.28399 0.000342 0.0937 0 0 0 0 0 0
2 OTKDSK 0.6175 1.4302 -1.79607 0.000342 0.0937 0 0 0 0 0 0
2 OTKDSK 0.6175 1.4302 -1.57382 0.000342 0.0937 0 0 0 0 0 0
2 OTKDSK 0.62683 1.4302 -1.4301 0.000342 0.0937 0 0 0 0 0 0
2 OTKDSK 0.62683 1.4302 1.4301 0.000342 0.0937 0 0 0 0 0 0
2 OTKDSK 0.6175 1.4302 1.57382 0.000342 0.0937 0 0 0 0 0 0
2 OTKDSK 0.6175 1.4302 1.79607 0.000342 0.0937 0 0 0 0 0 0
2 OTKDSK 0.626312 1.4302 2.28399 0.000342 0.0937 0 0 0 0 0 0
SolGeom::GeoRead completed with 65 layers input
i = 0, Detector = VTX
i = 1, Detector = ITK
i = 2, Detector = OTK
i = 3, Detector = VTXDSK
i = 4, Detector = ITKDSK
i = 5, Detector = OTKDSK
