Processing LoadAll.c("CLD")...
Processing RunMetrics.cc+("/ptmp/mpp/fnardi/dev/FastTrackCovariance/opt/workers/w10/GeoOPT.txt", "/ptmp/mpp/fnardi/dev/FastTrackCovariance/opt/workers/w10/metrics.root", 40, 10.0, 20, 0.5, 100.0)...
1 VTX -0.0502359 0.0502359 0.0205789 5e-05 0.0937 2 0 1.5708 5e-06 5e-06 1
1 VTX -0.0502359 0.0502359 0.0225789 5e-05 0.0937 2 0 1.5708 5e-06 5e-06 1
1 VTX -0.0756321 0.0756321 0.0479378 5e-05 0.0937 2 0 1.5708 5e-06 5e-06 1
1 VTX -0.0756321 0.0756321 0.0499378 5e-05 0.0937 2 0 1.5708 5e-06 5e-06 1
1 VTX -0.0871346 0.0871346 0.0637824 5e-05 0.0937 2 0 1.5708 5e-06 5e-06 1
1 VTX -0.0871346 0.0871346 0.0657824 5e-05 0.0937 2 0 1.5708 5e-06 5e-06 1
1 VTX -0.0848008 0.0848008 0.100966 5e-05 0.0937 2 0 1.5708 5e-06 5e-06 1
1 VTX -0.0848008 0.0848008 0.102966 5e-05 0.0937 2 0 1.5708 5e-06 5e-06 1
1 VTX -0.0502359 0.0502359 0.0195789 0.000557 0.0937 0 0 0 0 0 0
1 VTX -0.0756321 0.0756321 0.0489378 0.000557 0.0937 0 0 0 0 0 0
1 VTX -0.0871346 0.0871346 0.0647824 0.000557 0.0937 0 0 0 0 0 0
1 VTX -0.0848008 0.0848008 0.101966 0.000557 0.0937 0 0 0 0 0 0
1 VTX -0.5 0.5 0.113 0.000337 0.0937 0 0 0 0 0 0
1 ITK -0.0539888 0.0539888 0.150484 0.000956 0.0937 2 0 1.5708 7e-06 9e-05 1
1 ITK -0.0826471 0.0826471 0.360202 0.000956 0.0937 2 0 1.5708 7e-06 9e-05 1
1 ITK -0.165197 0.165197 0.479427 0.000956 0.0937 2 0 1.5708 7e-06 9e-05 1
1 ITK -0.0539888 0.0539888 0.155484 0.00017 0.0937 0 0 0 0 0 0
1 ITK -0.0826471 0.0826471 0.365202 0.00017 0.0937 0 0 0 0 0 0
1 ITK -0.165197 0.165197 0.484427 0.00017 0.0937 0 0 0 0 0 0
1 ITK -2.3 2.3 0.57 0.00125 0.0937 0 0 0 0 0 0
1 ITK -2.3 2.3 0.5705 0.000281 0.0937 0 0 0 0 0 0
1 OTK -2.19993 2.19993 0.599875 0.000956 0.0937 2 0 1.5708 7e-06 9e-05 1
1 OTK -0.979695 0.979695 1.10171 0.000956 0.0937 2 0 1.5708 7e-06 9e-05 1
1 OTK -2.19993 2.19993 1.45402 0.000956 0.0937 2 0 1.5708 7e-06 9e-05 1
1 OTK -2.19993 2.19993 0.604875 0.000244 0.0937 0 0 0 0 0 0
1 OTK -0.979695 0.979695 1.09171 0.000117 0.0937 0 0 0 0 0 0
1 OTK -2.19993 2.19993 1.44402 0.000117 0.0937 0 0 0 0 0 0
2 VTXDSK 0.05 0.112 -0.267508 5e-05 0.0937 2 0 1.5708 5e-06 5e-06 1
2 VTXDSK 0.035 0.112 -0.190197 5e-05 0.0937 2 0 1.5708 5e-06 5e-06 1
2 VTXDSK 0.0301095 0.112 -0.131966 5e-05 0.0937 2 0 1.5708 5e-06 5e-06 1
2 VTXDSK 0.0234827 0.112 -0.0884101 5e-05 0.0937 2 0 1.5708 5e-06 5e-06 1
2 VTXDSK 0.0234827 0.112 0.0884101 5e-05 0.0937 2 0 1.5708 5e-06 5e-06 1
2 VTXDSK 0.0301095 0.112 0.131966 5e-05 0.0937 2 0 1.5708 5e-06 5e-06 1
2 VTXDSK 0.035 0.112 0.190197 5e-05 0.0937 2 0 1.5708 5e-06 5e-06 1
2 VTXDSK 0.05 0.112 0.267508 5e-05 0.0937 2 0 1.5708 5e-06 5e-06 1
2 ITKDSK 0.284 0.56 -2.17732 0.000956 0.0937 2 0 1.5708 7e-06 9e-05 1
2 ITKDSK 0.264 0.56 -1.84479 0.000956 0.0937 2 0 1.5708 7e-06 9e-05 1
2 ITKDSK 0.237 0.56 -1.60017 0.000956 0.0937 2 0 1.5708 7e-06 9e-05 1
2 ITKDSK 0.212 0.56 -1.30335 0.000956 0.0937 2 0 1.5708 7e-06 9e-05 1
2 ITKDSK 0.19 0.56 -0.972618 0.000956 0.0937 2 0 1.5708 7e-06 9e-05 1
2 ITKDSK 0.149403 0.56 -0.821627 0.000956 0.0937 2 0 1.5708 7e-06 9e-05 1
2 ITKDSK 0.0974399 0.41 -0.537839 0.000956 0.0937 2 0 1.5708 7e-06 9e-05 1
2 ITKDSK 0.0974399 0.41 0.537839 0.000956 0.0937 2 0 1.5708 7e-06 9e-05 1
2 ITKDSK 0.149403 0.56 0.821627 0.000956 0.0937 2 0 1.5708 7e-06 9e-05 1
2 ITKDSK 0.19 0.56 0.972618 0.000956 0.0937 2 0 1.5708 7e-06 9e-05 1
2 ITKDSK 0.212 0.56 1.30335 0.000956 0.0937 2 0 1.5708 7e-06 9e-05 1
2 ITKDSK 0.237 0.56 1.60017 0.000956 0.0937 2 0 1.5708 7e-06 9e-05 1
2 ITKDSK 0.264 0.56 1.84479 0.000956 0.0937 2 0 1.5708 7e-06 9e-05 1
2 ITKDSK 0.284 0.56 2.17732 0.000956 0.0937 2 0 1.5708 7e-06 9e-05 1
2 OTKDSK 0.626312 1.4302 -2.29399 0.000956 0.0937 2 0 1.5708 7e-06 9e-05 1
2 OTKDSK 0.618662 1.4302 -1.89671 0.000956 0.0937 2 0 1.5708 7e-06 9e-05 1
2 OTKDSK 0.6175 1.4302 -1.58382 0.000956 0.0937 2 0 1.5708 7e-06 9e-05 1
2 OTKDSK 0.6175 1.4302 -1.05359 0.000956 0.0937 2 0 1.5708 7e-06 9e-05 1
2 OTKDSK 0.6175 1.4302 1.05359 0.000956 0.0937 2 0 1.5708 7e-06 9e-05 1
2 OTKDSK 0.6175 1.4302 1.58382 0.000956 0.0937 2 0 1.5708 7e-06 9e-05 1
2 OTKDSK 0.618662 1.4302 1.89671 0.000956 0.0937 2 0 1.5708 7e-06 9e-05 1
2 OTKDSK 0.626312 1.4302 2.29399 0.000956 0.0937 2 0 1.5708 7e-06 9e-05 1
2 OTKDSK 0.626312 1.4302 -2.28399 0.000342 0.0937 0 0 0 0 0 0
2 OTKDSK 0.618662 1.4302 -1.90671 0.000342 0.0937 0 0 0 0 0 0
2 OTKDSK 0.6175 1.4302 -1.57382 0.000342 0.0937 0 0 0 0 0 0
2 OTKDSK 0.6175 1.4302 -1.06359 0.000342 0.0937 0 0 0 0 0 0
2 OTKDSK 0.6175 1.4302 1.06359 0.000342 0.0937 0 0 0 0 0 0
2 OTKDSK 0.6175 1.4302 1.57382 0.000342 0.0937 0 0 0 0 0 0
2 OTKDSK 0.618662 1.4302 1.90671 0.000342 0.0937 0 0 0 0 0 0
2 OTKDSK 0.626312 1.4302 2.28399 0.000342 0.0937 0 0 0 0 0 0
SolGeom::GeoRead completed with 65 layers input
i = 0, Detector = VTX
i = 1, Detector = ITK
i = 2, Detector = OTK
i = 3, Detector = VTXDSK
i = 4, Detector = ITKDSK
i = 5, Detector = OTKDSK
