Processing LoadAll.c("CLD")...
Processing RunMetrics.cc+("/ptmp/mpp/fnardi/dev/FastTrackCovariance/opt/workers/w04/GeoOPT.txt", "/ptmp/mpp/fnardi/dev/FastTrackCovariance/opt/workers/w04/metrics.root", 40, 10.0, 20, 0.5, 100.0)...
1 VTX -0.0501733 0.0501733 0.0203127 5e-05 0.0937 2 0 1.5708 5e-06 5e-06 1
1 VTX -0.0501733 0.0501733 0.0223127 5e-05 0.0937 2 0 1.5708 5e-06 5e-06 1
1 VTX -0.0677706 0.0677706 0.0449416 5e-05 0.0937 2 0 1.5708 5e-06 5e-06 1
1 VTX -0.0677706 0.0677706 0.0469416 5e-05 0.0937 2 0 1.5708 5e-06 5e-06 1
1 VTX -0.077281 0.077281 0.0637824 5e-05 0.0937 2 0 1.5708 5e-06 5e-06 1
1 VTX -0.077281 0.077281 0.0657824 5e-05 0.0937 2 0 1.5708 5e-06 5e-06 1
1 VTX -0.0545053 0.0545053 0.106532 5e-05 0.0937 2 0 1.5708 5e-06 5e-06 1
1 VTX -0.0545053 0.0545053 0.108532 5e-05 0.0937 2 0 1.5708 5e-06 5e-06 1
1 VTX -0.0501733 0.0501733 0.0193127 0.000557 0.0937 0 0 0 0 0 0
1 VTX -0.0677706 0.0677706 0.0459416 0.000557 0.0937 0 0 0 0 0 0
1 VTX -0.077281 0.077281 0.0647824 0.000557 0.0937 0 0 0 0 0 0
1 VTX -0.0545053 0.0545053 0.107532 0.000557 0.0937 0 0 0 0 0 0
1 VTX -0.5 0.5 0.113 0.000337 0.0937 0 0 0 0 0 0
1 ITK -0.0719925 0.0719925 0.150484 0.000956 0.0937 2 0 1.5708 7e-06 9e-05 1
1 ITK -0.411703 0.411703 0.431458 0.000956 0.0937 2 0 1.5708 7e-06 9e-05 1
1 ITK -0.282923 0.282923 0.489115 0.000956 0.0937 2 0 1.5708 7e-06 9e-05 1
1 ITK -0.0719925 0.0719925 0.155484 0.00017 0.0937 0 0 0 0 0 0
1 ITK -0.411703 0.411703 0.436458 0.00017 0.0937 0 0 0 0 0 0
1 ITK -0.282923 0.282923 0.494115 0.00017 0.0937 0 0 0 0 0 0
1 ITK -2.3 2.3 0.57 0.00125 0.0937 0 0 0 0 0 0
1 ITK -2.3 2.3 0.5705 0.000281 0.0937 0 0 0 0 0 0
1 OTK -1.77051 1.77051 0.599875 0.000956 0.0937 2 0 1.5708 7e-06 9e-05 1
1 OTK -1.26703 1.26703 1.10171 0.000956 0.0937 2 0 1.5708 7e-06 9e-05 1
1 OTK -2.20751 2.20751 1.45455 0.000956 0.0937 2 0 1.5708 7e-06 9e-05 1
1 OTK -1.77051 1.77051 0.604875 0.000244 0.0937 0 0 0 0 0 0
1 OTK -1.26703 1.26703 1.09171 0.000117 0.0937 0 0 0 0 0 0
1 OTK -2.20751 2.20751 1.44455 0.000117 0.0937 0 0 0 0 0 0
2 VTXDSK 0.05 0.112 -0.249762 5e-05 0.0937 2 0 1.5708 5e-06 5e-06 1
2 VTXDSK 0.035 0.112 -0.163461 5e-05 0.0937 2 0 1.5708 5e-06 5e-06 1
2 VTXDSK 0.0288438 0.112 -0.124786 5e-05 0.0937 2 0 1.5708 5e-06 5e-06 1
2 VTXDSK 0.022 0.112 -0.0784834 5e-05 0.0937 2 0 1.5708 5e-06 5e-06 1
2 VTXDSK 0.022 0.112 0.0784834 5e-05 0.0937 2 0 1.5708 5e-06 5e-06 1
2 VTXDSK 0.0288438 0.112 0.124786 5e-05 0.0937 2 0 1.5708 5e-06 5e-06 1
2 VTXDSK 0.035 0.112 0.163461 5e-05 0.0937 2 0 1.5708 5e-06 5e-06 1
2 VTXDSK 0.05 0.112 0.249762 5e-05 0.0937 2 0 1.5708 5e-06 5e-06 1
2 ITKDSK 0.292824 0.56 -2.29413 0.000956 0.0937 2 0 1.5708 7e-06 9e-05 1
2 ITKDSK 0.264 0.56 -1.84479 0.000956 0.0937 2 0 1.5708 7e-06 9e-05 1
2 ITKDSK 0.237 0.56 -1.54598 0.000956 0.0937 2 0 1.5708 7e-06 9e-05 1
2 ITKDSK 0.222922 0.56 -1.50588 0.000956 0.0937 2 0 1.5708 7e-06 9e-05 1
2 ITKDSK 0.19 0.56 -0.972618 0.000956 0.0937 2 0 1.5708 7e-06 9e-05 1
2 ITKDSK 0.147 0.56 -0.71223 0.000956 0.0937 2 0 1.5708 7e-06 9e-05 1
2 ITKDSK 0.0988916 0.41 -0.546074 0.000956 0.0937 2 0 1.5708 7e-06 9e-05 1
2 ITKDSK 0.0988916 0.41 0.546074 0.000956 0.0937 2 0 1.5708 7e-06 9e-05 1
2 ITKDSK 0.147 0.56 0.71223 0.000956 0.0937 2 0 1.5708 7e-06 9e-05 1
2 ITKDSK 0.19 0.56 0.972618 0.000956 0.0937 2 0 1.5708 7e-06 9e-05 1
2 ITKDSK 0.222922 0.56 1.50588 0.000956 0.0937 2 0 1.5708 7e-06 9e-05 1
2 ITKDSK 0.237 0.56 1.54598 0.000956 0.0937 2 0 1.5708 7e-06 9e-05 1
2 ITKDSK 0.264 0.56 1.84479 0.000956 0.0937 2 0 1.5708 7e-06 9e-05 1
2 ITKDSK 0.292824 0.56 2.29413 0.000956 0.0937 2 0 1.5708 7e-06 9e-05 1
2 OTKDSK 0.6175 1.4302 -2.05586 0.000956 0.0937 2 0 1.5708 7e-06 9e-05 1
2 OTKDSK 0.626508 1.4302 -1.9893 0.000956 0.0937 2 0 1.5708 7e-06 9e-05 1
2 OTKDSK 0.626182 1.4302 -1.71945 0.000956 0.0937 2 0 1.5708 7e-06 9e-05 1
2 OTKDSK 0.62203 1.4302 -1.36346 0.000956 0.0937 2 0 1.5708 7e-06 9e-05 1
2 OTKDSK 0.62203 1.4302 1.36346 0.000956 0.0937 2 0 1.5708 7e-06 9e-05 1
2 OTKDSK 0.626182 1.4302 1.71945 0.000956 0.0937 2 0 1.5708 7e-06 9e-05 1
2 OTKDSK 0.626508 1.4302 1.9893 0.000956 0.0937 2 0 1.5708 7e-06 9e-05 1
2 OTKDSK 0.6175 1.4302 2.05586 0.000956 0.0937 2 0 1.5708 7e-06 9e-05 1
2 OTKDSK 0.6175 1.4302 -2.04586 0.000342 0.0937 0 0 0 0 0 0
2 OTKDSK 0.626508 1.4302 -1.9993 0.000342 0.0937 0 0 0 0 0 0
2 OTKDSK 0.626182 1.4302 -1.70945 0.000342 0.0937 0 0 0 0 0 0
2 OTKDSK 0.62203 1.4302 -1.37346 0.000342 0.0937 0 0 0 0 0 0
2 OTKDSK 0.62203 1.4302 1.37346 0.000342 0.0937 0 0 0 0 0 0
2 OTKDSK 0.626182 1.4302 1.70945 0.000342 0.0937 0 0 0 0 0 0
2 OTKDSK 0.626508 1.4302 1.9993 0.000342 0.0937 0 0 0 0 0 0
2 OTKDSK 0.6175 1.4302 2.04586 0.000342 0.0937 0 0 0 0 0 0
SolGeom::GeoRead completed with 65 layers input
i = 0, Detector = VTX
i = 1, Detector = ITK
i = 2, Detector = OTK
i = 3, Detector = VTXDSK
i = 4, Detector = ITKDSK
i = 5, Detector = OTKDSK
