Processing LoadAll.c("CLD")...
Processing RunMetrics.cc+("/ptmp/mpp/fnardi/dev/FastTrackCovariance/opt/workers/w06/GeoOPT.txt", "/ptmp/mpp/fnardi/dev/FastTrackCovariance/opt/workers/w06/metrics.root", 40, 10.0, 20, 0.5, 100.0)...
1 VTX -0.0501711 0.0501711 0.0203127 5e-05 0.0937 2 0 1.5708 5e-06 5e-06 1
1 VTX -0.0501711 0.0501711 0.0223127 5e-05 0.0937 2 0 1.5708 5e-06 5e-06 1
1 VTX -0.0705661 0.0705661 0.0418966 5e-05 0.0937 2 0 1.5708 5e-06 5e-06 1
1 VTX -0.0705661 0.0705661 0.0438966 5e-05 0.0937 2 0 1.5708 5e-06 5e-06 1
1 VTX -0.0769229 0.0769229 0.0672995 5e-05 0.0937 2 0 1.5708 5e-06 5e-06 1
1 VTX -0.0769229 0.0769229 0.0692995 5e-05 0.0937 2 0 1.5708 5e-06 5e-06 1
1 VTX -0.0676138 0.0676138 0.0935331 5e-05 0.0937 2 0 1.5708 5e-06 5e-06 1
1 VTX -0.0676138 0.0676138 0.0955331 5e-05 0.0937 2 0 1.5708 5e-06 5e-06 1
1 VTX -0.0501711 0.0501711 0.0193127 0.000557 0.0937 0 0 0 0 0 0
1 VTX -0.0705661 0.0705661 0.0428966 0.000557 0.0937 0 0 0 0 0 0
1 VTX -0.0769229 0.0769229 0.0682995 0.000557 0.0937 0 0 0 0 0 0
1 VTX -0.0676138 0.0676138 0.0945331 0.000557 0.0937 0 0 0 0 0 0
1 VTX -0.5 0.5 0.113 0.000337 0.0937 0 0 0 0 0 0
1 ITK -0.0658758 0.0658758 0.148753 0.000956 0.0937 2 0 1.5708 7e-06 9e-05 1
1 ITK -0.686384 0.686384 0.431458 0.000956 0.0937 2 0 1.5708 7e-06 9e-05 1
1 ITK -0.194636 0.194636 0.48843 0.000956 0.0937 2 0 1.5708 7e-06 9e-05 1
1 ITK -0.0658758 0.0658758 0.153753 0.00017 0.0937 0 0 0 0 0 0
1 ITK -0.686384 0.686384 0.436458 0.00017 0.0937 0 0 0 0 0 0
1 ITK -0.194636 0.194636 0.49343 0.00017 0.0937 0 0 0 0 0 0
1 ITK -2.3 2.3 0.57 0.00125 0.0937 0 0 0 0 0 0
1 ITK -2.3 2.3 0.5705 0.000281 0.0937 0 0 0 0 0 0
1 OTK -2.09273 2.09273 0.599875 0.000956 0.0937 2 0 1.5708 7e-06 9e-05 1
1 OTK -0.929081 0.929081 1.10171 0.000956 0.0937 2 0 1.5708 7e-06 9e-05 1
1 OTK -2.20751 2.20751 1.45408 0.000956 0.0937 2 0 1.5708 7e-06 9e-05 1
1 OTK -2.09273 2.09273 0.604875 0.000244 0.0937 0 0 0 0 0 0
1 OTK -0.929081 0.929081 1.09171 0.000117 0.0937 0 0 0 0 0 0
1 OTK -2.20751 2.20751 1.44408 0.000117 0.0937 0 0 0 0 0 0
2 VTXDSK 0.05 0.112 -0.249762 5e-05 0.0937 2 0 1.5708 5e-06 5e-06 1
2 VTXDSK 0.0361943 0.112 -0.206774 5e-05 0.0937 2 0 1.5708 5e-06 5e-06 1
2 VTXDSK 0.0294209 0.112 -0.128059 5e-05 0.0937 2 0 1.5708 5e-06 5e-06 1
2 VTXDSK 0.022 0.112 -0.0781226 5e-05 0.0937 2 0 1.5708 5e-06 5e-06 1
2 VTXDSK 0.022 0.112 0.0781226 5e-05 0.0937 2 0 1.5708 5e-06 5e-06 1
2 VTXDSK 0.0294209 0.112 0.128059 5e-05 0.0937 2 0 1.5708 5e-06 5e-06 1
2 VTXDSK 0.0361943 0.112 0.206774 5e-05 0.0937 2 0 1.5708 5e-06 5e-06 1
2 VTXDSK 0.05 0.112 0.249762 5e-05 0.0937 2 0 1.5708 5e-06 5e-06 1
2 ITKDSK 0.287252 0.56 -2.22838 0.000956 0.0937 2 0 1.5708 7e-06 9e-05 1
2 ITKDSK 0.264 0.56 -1.84479 0.000956 0.0937 2 0 1.5708 7e-06 9e-05 1
2 ITKDSK 0.237 0.56 -1.59979 0.000956 0.0937 2 0 1.5708 7e-06 9e-05 1
2 ITKDSK 0.212 0.56 -1.28122 0.000956 0.0937 2 0 1.5708 7e-06 9e-05 1
2 ITKDSK 0.19 0.56 -0.972618 0.000956 0.0937 2 0 1.5708 7e-06 9e-05 1
2 ITKDSK 0.154108 0.56 -0.848315 0.000956 0.0937 2 0 1.5708 7e-06 9e-05 1
2 ITKDSK 0.0974399 0.41 -0.537839 0.000956 0.0937 2 0 1.5708 7e-06 9e-05 1
2 ITKDSK 0.0974399 0.41 0.537839 0.000956 0.0937 2 0 1.5708 7e-06 9e-05 1
2 ITKDSK 0.154108 0.56 0.848315 0.000956 0.0937 2 0 1.5708 7e-06 9e-05 1
2 ITKDSK 0.19 0.56 0.972618 0.000956 0.0937 2 0 1.5708 7e-06 9e-05 1
2 ITKDSK 0.212 0.56 1.28122 0.000956 0.0937 2 0 1.5708 7e-06 9e-05 1
2 ITKDSK 0.237 0.56 1.59979 0.000956 0.0937 2 0 1.5708 7e-06 9e-05 1
2 ITKDSK 0.264 0.56 1.84479 0.000956 0.0937 2 0 1.5708 7e-06 9e-05 1
2 ITKDSK 0.287252 0.56 2.22838 0.000956 0.0937 2 0 1.5708 7e-06 9e-05 1
2 OTKDSK 0.619454 1.4302 -2.21306 0.000956 0.0937 2 0 1.5708 7e-06 9e-05 1
2 OTKDSK 0.619265 1.4302 -1.90383 0.000956 0.0937 2 0 1.5708 7e-06 9e-05 1
2 OTKDSK 0.6175 1.4302 -1.58667 0.000956 0.0937 2 0 1.5708 7e-06 9e-05 1
2 OTKDSK 0.6175 1.4302 -0.999006 0.000956 0.0937 2 0 1.5708 7e-06 9e-05 1
2 OTKDSK 0.6175 1.4302 0.999006 0.000956 0.0937 2 0 1.5708 7e-06 9e-05 1
2 OTKDSK 0.6175 1.4302 1.58667 0.000956 0.0937 2 0 1.5708 7e-06 9e-05 1
2 OTKDSK 0.619265 1.4302 1.90383 0.000956 0.0937 2 0 1.5708 7e-06 9e-05 1
2 OTKDSK 0.619454 1.4302 2.21306 0.000956 0.0937 2 0 1.5708 7e-06 9e-05 1
2 OTKDSK 0.619454 1.4302 -2.20306 0.000342 0.0937 0 0 0 0 0 0
2 OTKDSK 0.619265 1.4302 -1.91383 0.000342 0.0937 0 0 0 0 0 0
2 OTKDSK 0.6175 1.4302 -1.57667 0.000342 0.0937 0 0 0 0 0 0
2 OTKDSK 0.6175 1.4302 -1.00901 0.000342 0.0937 0 0 0 0 0 0
2 OTKDSK 0.6175 1.4302 1.00901 0.000342 0.0937 0 0 0 0 0 0
2 OTKDSK 0.6175 1.4302 1.57667 0.000342 0.0937 0 0 0 0 0 0
2 OTKDSK 0.619265 1.4302 1.91383 0.000342 0.0937 0 0 0 0 0 0
2 OTKDSK 0.619454 1.4302 2.20306 0.000342 0.0937 0 0 0 0 0 0
SolGeom::GeoRead completed with 65 layers input
i = 0, Detector = VTX
i = 1, Detector = ITK
i = 2, Detector = OTK
i = 3, Detector = VTXDSK
i = 4, Detector = ITKDSK
i = 5, Detector = OTKDSK
