Processing LoadAll.c("CLD")...
Processing RunMetrics.cc+("/ptmp/mpp/fnardi/dev/FastTrackCovariance/opt/workers/w12/GeoOPT.txt", "/ptmp/mpp/fnardi/dev/FastTrackCovariance/opt/workers/w12/metrics.root", 40, 10.0, 20, 0.5, 100.0)...
1 VTX -0.0501093 0.0501093 0.0203127 5e-05 0.0937 2 0 1.5708 5e-06 5e-06 1
1 VTX -0.0501093 0.0501093 0.0223127 5e-05 0.0937 2 0 1.5708 5e-06 5e-06 1
1 VTX -0.061345 0.061345 0.047918 5e-05 0.0937 2 0 1.5708 5e-06 5e-06 1
1 VTX -0.061345 0.061345 0.049918 5e-05 0.0937 2 0 1.5708 5e-06 5e-06 1
1 VTX -0.0659606 0.0659606 0.0684325 5e-05 0.0937 2 0 1.5708 5e-06 5e-06 1
1 VTX -0.0659606 0.0659606 0.0704325 5e-05 0.0937 2 0 1.5708 5e-06 5e-06 1
1 VTX -0.0528409 0.0528409 0.102325 5e-05 0.0937 2 0 1.5708 5e-06 5e-06 1
1 VTX -0.0528409 0.0528409 0.104325 5e-05 0.0937 2 0 1.5708 5e-06 5e-06 1
1 VTX -0.0501093 0.0501093 0.0193127 0.000557 0.0937 0 0 0 0 0 0
1 VTX -0.061345 0.061345 0.048918 0.000557 0.0937 0 0 0 0 0 0
1 VTX -0.0659606 0.0659606 0.0694325 0.000557 0.0937 0 0 0 0 0 0
1 VTX -0.0528409 0.0528409 0.103325 0.000557 0.0937 0 0 0 0 0 0
1 VTX -0.5 0.5 0.113 0.000337 0.0937 0 0 0 0 0 0
1 ITK -0.0715232 0.0715232 0.141663 0.000956 0.0937 2 0 1.5708 7e-06 9e-05 1
1 ITK -0.307593 0.307593 0.386985 0.000956 0.0937 2 0 1.5708 7e-06 9e-05 1
1 ITK -0.147659 0.147659 0.489115 0.000956 0.0937 2 0 1.5708 7e-06 9e-05 1
1 ITK -0.0715232 0.0715232 0.146663 0.00017 0.0937 0 0 0 0 0 0
1 ITK -0.307593 0.307593 0.391985 0.00017 0.0937 0 0 0 0 0 0
1 ITK -0.147659 0.147659 0.494115 0.00017 0.0937 0 0 0 0 0 0
1 ITK -2.3 2.3 0.57 0.00125 0.0937 0 0 0 0 0 0
1 ITK -2.3 2.3 0.5705 0.000281 0.0937 0 0 0 0 0 0
1 OTK -2.19993 2.19993 0.599875 0.000956 0.0937 2 0 1.5708 7e-06 9e-05 1
1 OTK -0.973306 0.973306 1.10171 0.000956 0.0937 2 0 1.5708 7e-06 9e-05 1
1 OTK -2.20751 2.20751 1.45402 0.000956 0.0937 2 0 1.5708 7e-06 9e-05 1
1 OTK -2.19993 2.19993 0.604875 0.000244 0.0937 0 0 0 0 0 0
1 OTK -0.973306 0.973306 1.09171 0.000117 0.0937 0 0 0 0 0 0
1 OTK -2.20751 2.20751 1.44402 0.000117 0.0937 0 0 0 0 0 0
2 VTXDSK 0.05 0.112 -0.249762 5e-05 0.0937 2 0 1.5708 5e-06 5e-06 1
2 VTXDSK 0.0350376 0.112 -0.200213 5e-05 0.0937 2 0 1.5708 5e-06 5e-06 1
2 VTXDSK 0.028 0.112 -0.110985 5e-05 0.0937 2 0 1.5708 5e-06 5e-06 1
2 VTXDSK 0.022 0.112 -0.0683301 5e-05 0.0937 2 0 1.5708 5e-06 5e-06 1
2 VTXDSK 0.022 0.112 0.0683301 5e-05 0.0937 2 0 1.5708 5e-06 5e-06 1
2 VTXDSK 0.028 0.112 0.110985 5e-05 0.0937 2 0 1.5708 5e-06 5e-06 1
2 VTXDSK 0.0350376 0.112 0.200213 5e-05 0.0937 2 0 1.5708 5e-06 5e-06 1
2 VTXDSK 0.05 0.112 0.249762 5e-05 0.0937 2 0 1.5708 5e-06 5e-06 1
2 ITKDSK 0.284 0.56 -2.17732 0.000956 0.0937 2 0 1.5708 7e-06 9e-05 1
2 ITKDSK 0.264 0.56 -1.9317 0.000956 0.0937 2 0 1.5708 7e-06 9e-05 1
2 ITKDSK 0.241929 0.56 -1.71917 0.000956 0.0937 2 0 1.5708 7e-06 9e-05 1
2 ITKDSK 0.212 0.56 -1.36943 0.000956 0.0937 2 0 1.5708 7e-06 9e-05 1
2 ITKDSK 0.196366 0.56 -1.16812 0.000956 0.0937 2 0 1.5708 7e-06 9e-05 1
2 ITKDSK 0.147 0.56 -0.73882 0.000956 0.0937 2 0 1.5708 7e-06 9e-05 1
2 ITKDSK 0.0970291 0.41 -0.53551 0.000956 0.0937 2 0 1.5708 7e-06 9e-05 1
2 ITKDSK 0.0970291 0.41 0.53551 0.000956 0.0937 2 0 1.5708 7e-06 9e-05 1
2 ITKDSK 0.147 0.56 0.73882 0.000956 0.0937 2 0 1.5708 7e-06 9e-05 1
2 ITKDSK 0.196366 0.56 1.16812 0.000956 0.0937 2 0 1.5708 7e-06 9e-05 1
2 ITKDSK 0.212 0.56 1.36943 0.000956 0.0937 2 0 1.5708 7e-06 9e-05 1
2 ITKDSK 0.241929 0.56 1.71917 0.000956 0.0937 2 0 1.5708 7e-06 9e-05 1
2 ITKDSK 0.264 0.56 1.9317 0.000956 0.0937 2 0 1.5708 7e-06 9e-05 1
2 ITKDSK 0.284 0.56 2.17732 0.000956 0.0937 2 0 1.5708 7e-06 9e-05 1
2 OTKDSK 0.623075 1.4302 -2.25579 0.000956 0.0937 2 0 1.5708 7e-06 9e-05 1
2 OTKDSK 0.618193 1.4302 -1.89118 0.000956 0.0937 2 0 1.5708 7e-06 9e-05 1
2 OTKDSK 0.6175 1.4302 -1.58382 0.000956 0.0937 2 0 1.5708 7e-06 9e-05 1
2 OTKDSK 0.6175 1.4302 -1.0467 0.000956 0.0937 2 0 1.5708 7e-06 9e-05 1
2 OTKDSK 0.6175 1.4302 1.0467 0.000956 0.0937 2 0 1.5708 7e-06 9e-05 1
2 OTKDSK 0.6175 1.4302 1.58382 0.000956 0.0937 2 0 1.5708 7e-06 9e-05 1
2 OTKDSK 0.618193 1.4302 1.89118 0.000956 0.0937 2 0 1.5708 7e-06 9e-05 1
2 OTKDSK 0.623075 1.4302 2.25579 0.000956 0.0937 2 0 1.5708 7e-06 9e-05 1
2 OTKDSK 0.623075 1.4302 -2.24579 0.000342 0.0937 0 0 0 0 0 0
2 OTKDSK 0.618193 1.4302 -1.90118 0.000342 0.0937 0 0 0 0 0 0
2 OTKDSK 0.6175 1.4302 -1.57382 0.000342 0.0937 0 0 0 0 0 0
2 OTKDSK 0.6175 1.4302 -1.0567 0.000342 0.0937 0 0 0 0 0 0
2 OTKDSK 0.6175 1.4302 1.0567 0.000342 0.0937 0 0 0 0 0 0
2 OTKDSK 0.6175 1.4302 1.57382 0.000342 0.0937 0 0 0 0 0 0
2 OTKDSK 0.618193 1.4302 1.90118 0.000342 0.0937 0 0 0 0 0 0
2 OTKDSK 0.623075 1.4302 2.24579 0.000342 0.0937 0 0 0 0 0 0
SolGeom::GeoRead completed with 65 layers input
i = 0, Detector = VTX
i = 1, Detector = ITK
i = 2, Detector = OTK
i = 3, Detector = VTXDSK
i = 4, Detector = ITKDSK
i = 5, Detector = OTKDSK
