Processing LoadAll.c("CLD")...
Processing RunMetrics.cc+("/ptmp/mpp/fnardi/dev/FastTrackCovariance/opt/workers/w26/GeoOPT.txt", "/ptmp/mpp/fnardi/dev/FastTrackCovariance/opt/workers/w26/metrics.root", 40, 10.0, 20, 0.5, 100.0)...
1 VTX -0.0538624 0.0538624 0.0203127 5e-05 0.0937 2 0 1.5708 5e-06 5e-06 1
1 VTX -0.0538624 0.0538624 0.0223127 5e-05 0.0937 2 0 1.5708 5e-06 5e-06 1
1 VTX -0.0633371 0.0633371 0.0418966 5e-05 0.0937 2 0 1.5708 5e-06 5e-06 1
1 VTX -0.0633371 0.0633371 0.0438966 5e-05 0.0937 2 0 1.5708 5e-06 5e-06 1
1 VTX -0.0713706 0.0713706 0.0651227 5e-05 0.0937 2 0 1.5708 5e-06 5e-06 1
1 VTX -0.0713706 0.0713706 0.0671227 5e-05 0.0937 2 0 1.5708 5e-06 5e-06 1
1 VTX -0.062881 0.062881 0.0983509 5e-05 0.0937 2 0 1.5708 5e-06 5e-06 1
1 VTX -0.062881 0.062881 0.100351 5e-05 0.0937 2 0 1.5708 5e-06 5e-06 1
1 VTX -0.0538624 0.0538624 0.0193127 0.000557 0.0937 0 0 0 0 0 0
1 VTX -0.0633371 0.0633371 0.0428966 0.000557 0.0937 0 0 0 0 0 0
1 VTX -0.0713706 0.0713706 0.0661227 0.000557 0.0937 0 0 0 0 0 0
1 VTX -0.062881 0.062881 0.0993509 0.000557 0.0937 0 0 0 0 0 0
1 VTX -0.5 0.5 0.113 0.000337 0.0937 0 0 0 0 0 0
1 ITK -0.0716267 0.0716267 0.118223 0.000956 0.0937 2 0 1.5708 7e-06 9e-05 1
1 ITK -0.0957644 0.0957644 0.431458 0.000956 0.0937 2 0 1.5708 7e-06 9e-05 1
1 ITK -0.146896 0.146896 0.489115 0.000956 0.0937 2 0 1.5708 7e-06 9e-05 1
1 ITK -0.0716267 0.0716267 0.123223 0.00017 0.0937 0 0 0 0 0 0
1 ITK -0.0957644 0.0957644 0.436458 0.00017 0.0937 0 0 0 0 0 0
1 ITK -0.146896 0.146896 0.494115 0.00017 0.0937 0 0 0 0 0 0
1 ITK -2.3 2.3 0.57 0.00125 0.0937 0 0 0 0 0 0
1 ITK -2.3 2.3 0.5705 0.000281 0.0937 0 0 0 0 0 0
1 OTK -2.19993 2.19993 0.599875 0.000956 0.0937 2 0 1.5708 7e-06 9e-05 1
1 OTK -0.770398 0.770398 1.03469 0.000956 0.0937 2 0 1.5708 7e-06 9e-05 1
1 OTK -2.29185 2.29185 1.45103 0.000956 0.0937 2 0 1.5708 7e-06 9e-05 1
1 OTK -2.19993 2.19993 0.604875 0.000244 0.0937 0 0 0 0 0 0
1 OTK -0.770398 0.770398 1.02469 0.000117 0.0937 0 0 0 0 0 0
1 OTK -2.29185 2.29185 1.44103 0.000117 0.0937 0 0 0 0 0 0
2 VTXDSK 0.0522842 0.112 -0.292956 5e-05 0.0937 2 0 1.5708 5e-06 5e-06 1
2 VTXDSK 0.0350376 0.112 -0.200213 5e-05 0.0937 2 0 1.5708 5e-06 5e-06 1
2 VTXDSK 0.0285523 0.112 -0.123133 5e-05 0.0937 2 0 1.5708 5e-06 5e-06 1
2 VTXDSK 0.022 0.112 -0.0725292 5e-05 0.0937 2 0 1.5708 5e-06 5e-06 1
2 VTXDSK 0.022 0.112 0.0725292 5e-05 0.0937 2 0 1.5708 5e-06 5e-06 1
2 VTXDSK 0.0285523 0.112 0.123133 5e-05 0.0937 2 0 1.5708 5e-06 5e-06 1
2 VTXDSK 0.0350376 0.112 0.200213 5e-05 0.0937 2 0 1.5708 5e-06 5e-06 1
2 VTXDSK 0.0522842 0.112 0.292956 5e-05 0.0937 2 0 1.5708 5e-06 5e-06 1
2 ITKDSK 0.284 0.56 -2.17732 0.000956 0.0937 2 0 1.5708 7e-06 9e-05 1
2 ITKDSK 0.272879 0.56 -2.05078 0.000956 0.0937 2 0 1.5708 7e-06 9e-05 1
2 ITKDSK 0.237866 0.56 -1.67122 0.000956 0.0937 2 0 1.5708 7e-06 9e-05 1
2 ITKDSK 0.220003 0.56 -1.47144 0.000956 0.0937 2 0 1.5708 7e-06 9e-05 1
2 ITKDSK 0.19 0.56 -0.972618 0.000956 0.0937 2 0 1.5708 7e-06 9e-05 1
2 ITKDSK 0.147 0.56 -0.733447 0.000956 0.0937 2 0 1.5708 7e-06 9e-05 1
2 ITKDSK 0.0974399 0.41 -0.537839 0.000956 0.0937 2 0 1.5708 7e-06 9e-05 1
2 ITKDSK 0.0974399 0.41 0.537839 0.000956 0.0937 2 0 1.5708 7e-06 9e-05 1
2 ITKDSK 0.147 0.56 0.733447 0.000956 0.0937 2 0 1.5708 7e-06 9e-05 1
2 ITKDSK 0.19 0.56 0.972618 0.000956 0.0937 2 0 1.5708 7e-06 9e-05 1
2 ITKDSK 0.220003 0.56 1.47144 0.000956 0.0937 2 0 1.5708 7e-06 9e-05 1
2 ITKDSK 0.237866 0.56 1.67122 0.000956 0.0937 2 0 1.5708 7e-06 9e-05 1
2 ITKDSK 0.272879 0.56 2.05078 0.000956 0.0937 2 0 1.5708 7e-06 9e-05 1
2 ITKDSK 0.284 0.56 2.17732 0.000956 0.0937 2 0 1.5708 7e-06 9e-05 1
2 OTKDSK 0.626312 1.4302 -2.29399 0.000956 0.0937 2 0 1.5708 7e-06 9e-05 1
2 OTKDSK 0.623811 1.4302 -1.95748 0.000956 0.0937 2 0 1.5708 7e-06 9e-05 1
2 OTKDSK 0.6175 1.4302 -1.58382 0.000956 0.0937 2 0 1.5708 7e-06 9e-05 1
2 OTKDSK 0.6175 1.4302 -0.981355 0.000956 0.0937 2 0 1.5708 7e-06 9e-05 1
2 OTKDSK 0.6175 1.4302 0.981355 0.000956 0.0937 2 0 1.5708 7e-06 9e-05 1
2 OTKDSK 0.6175 1.4302 1.58382 0.000956 0.0937 2 0 1.5708 7e-06 9e-05 1
2 OTKDSK 0.623811 1.4302 1.95748 0.000956 0.0937 2 0 1.5708 7e-06 9e-05 1
2 OTKDSK 0.626312 1.4302 2.29399 0.000956 0.0937 2 0 1.5708 7e-06 9e-05 1
2 OTKDSK 0.626312 1.4302 -2.28399 0.000342 0.0937 0 0 0 0 0 0
2 OTKDSK 0.623811 1.4302 -1.96748 0.000342 0.0937 0 0 0 0 0 0
2 OTKDSK 0.6175 1.4302 -1.57382 0.000342 0.0937 0 0 0 0 0 0
2 OTKDSK 0.6175 1.4302 -0.991355 0.000342 0.0937 0 0 0 0 0 0
2 OTKDSK 0.6175 1.4302 0.991355 0.000342 0.0937 0 0 0 0 0 0
2 OTKDSK 0.6175 1.4302 1.57382 0.000342 0.0937 0 0 0 0 0 0
2 OTKDSK 0.623811 1.4302 1.96748 0.000342 0.0937 0 0 0 0 0 0
2 OTKDSK 0.626312 1.4302 2.28399 0.000342 0.0937 0 0 0 0 0 0
SolGeom::GeoRead completed with 65 layers input
i = 0, Detector = VTX
i = 1, Detector = ITK
i = 2, Detector = OTK
i = 3, Detector = VTXDSK
i = 4, Detector = ITKDSK
i = 5, Detector = OTKDSK
