Processing LoadAll.c("CLD")...
Processing RunMetrics.cc+("/ptmp/mpp/fnardi/dev/FastTrackCovariance/opt/workers/w29/GeoOPT.txt", "/ptmp/mpp/fnardi/dev/FastTrackCovariance/opt/workers/w29/metrics.root", 40, 10.0, 20, 0.5, 100.0)...
1 VTX -0.0501122 0.0501122 0.0203127 5e-05 0.0937 2 0 1.5708 5e-06 5e-06 1
1 VTX -0.0501122 0.0501122 0.0223127 5e-05 0.0937 2 0 1.5708 5e-06 5e-06 1
1 VTX -0.060534 0.060534 0.0429726 5e-05 0.0937 2 0 1.5708 5e-06 5e-06 1
1 VTX -0.060534 0.060534 0.0449726 5e-05 0.0937 2 0 1.5708 5e-06 5e-06 1
1 VTX -0.0676658 0.0676658 0.0637824 5e-05 0.0937 2 0 1.5708 5e-06 5e-06 1
1 VTX -0.0676658 0.0676658 0.0657824 5e-05 0.0937 2 0 1.5708 5e-06 5e-06 1
1 VTX -0.0529174 0.0529174 0.0935331 5e-05 0.0937 2 0 1.5708 5e-06 5e-06 1
1 VTX -0.0529174 0.0529174 0.0955331 5e-05 0.0937 2 0 1.5708 5e-06 5e-06 1
1 VTX -0.0501122 0.0501122 0.0193127 0.000557 0.0937 0 0 0 0 0 0
1 VTX -0.060534 0.060534 0.0439726 0.000557 0.0937 0 0 0 0 0 0
1 VTX -0.0676658 0.0676658 0.0647824 0.000557 0.0937 0 0 0 0 0 0
1 VTX -0.0529174 0.0529174 0.0945331 0.000557 0.0937 0 0 0 0 0 0
1 VTX -0.5 0.5 0.113 0.000337 0.0937 0 0 0 0 0 0
1 ITK -0.0716267 0.0716267 0.159056 0.000956 0.0937 2 0 1.5708 7e-06 9e-05 1
1 ITK -0.249506 0.249506 0.367121 0.000956 0.0937 2 0 1.5708 7e-06 9e-05 1
1 ITK -0.165178 0.165178 0.489115 0.000956 0.0937 2 0 1.5708 7e-06 9e-05 1
1 ITK -0.0716267 0.0716267 0.164056 0.00017 0.0937 0 0 0 0 0 0
1 ITK -0.249506 0.249506 0.372121 0.00017 0.0937 0 0 0 0 0 0
1 ITK -0.165178 0.165178 0.494115 0.00017 0.0937 0 0 0 0 0 0
1 ITK -2.3 2.3 0.57 0.00125 0.0937 0 0 0 0 0 0
1 ITK -2.3 2.3 0.5705 0.000281 0.0937 0 0 0 0 0 0
1 OTK -2.19993 2.19993 0.599875 0.000956 0.0937 2 0 1.5708 7e-06 9e-05 1
1 OTK -1.08799 1.08799 1.06874 0.000956 0.0937 2 0 1.5708 7e-06 9e-05 1
1 OTK -2.20751 2.20751 1.45402 0.000956 0.0937 2 0 1.5708 7e-06 9e-05 1
1 OTK -2.19993 2.19993 0.604875 0.000244 0.0937 0 0 0 0 0 0
1 OTK -1.08799 1.08799 1.05874 0.000117 0.0937 0 0 0 0 0 0
1 OTK -2.20751 2.20751 1.44402 0.000117 0.0937 0 0 0 0 0 0
2 VTXDSK 0.052766 0.112 -0.295689 5e-05 0.0937 2 0 1.5708 5e-06 5e-06 1
2 VTXDSK 0.0407459 0.112 -0.232592 5e-05 0.0937 2 0 1.5708 5e-06 5e-06 1
2 VTXDSK 0.028 0.112 -0.118963 5e-05 0.0937 2 0 1.5708 5e-06 5e-06 1
2 VTXDSK 0.022 0.112 -0.0687969 5e-05 0.0937 2 0 1.5708 5e-06 5e-06 1
2 VTXDSK 0.022 0.112 0.0687969 5e-05 0.0937 2 0 1.5708 5e-06 5e-06 1
2 VTXDSK 0.028 0.112 0.118963 5e-05 0.0937 2 0 1.5708 5e-06 5e-06 1
2 VTXDSK 0.0407459 0.112 0.232592 5e-05 0.0937 2 0 1.5708 5e-06 5e-06 1
2 VTXDSK 0.052766 0.112 0.295689 5e-05 0.0937 2 0 1.5708 5e-06 5e-06 1
2 ITKDSK 0.292244 0.56 -2.28728 0.000956 0.0937 2 0 1.5708 7e-06 9e-05 1
2 ITKDSK 0.264 0.56 -1.84479 0.000956 0.0937 2 0 1.5708 7e-06 9e-05 1
2 ITKDSK 0.237 0.56 -1.65595 0.000956 0.0937 2 0 1.5708 7e-06 9e-05 1
2 ITKDSK 0.212 0.56 -1.36943 0.000956 0.0937 2 0 1.5708 7e-06 9e-05 1
2 ITKDSK 0.19999 0.56 -1.21088 0.000956 0.0937 2 0 1.5708 7e-06 9e-05 1
2 ITKDSK 0.156557 0.56 -0.862208 0.000956 0.0937 2 0 1.5708 7e-06 9e-05 1
2 ITKDSK 0.0974399 0.41 -0.537839 0.000956 0.0937 2 0 1.5708 7e-06 9e-05 1
2 ITKDSK 0.0974399 0.41 0.537839 0.000956 0.0937 2 0 1.5708 7e-06 9e-05 1
2 ITKDSK 0.156557 0.56 0.862208 0.000956 0.0937 2 0 1.5708 7e-06 9e-05 1
2 ITKDSK 0.19999 0.56 1.21088 0.000956 0.0937 2 0 1.5708 7e-06 9e-05 1
2 ITKDSK 0.212 0.56 1.36943 0.000956 0.0937 2 0 1.5708 7e-06 9e-05 1
2 ITKDSK 0.237 0.56 1.65595 0.000956 0.0937 2 0 1.5708 7e-06 9e-05 1
2 ITKDSK 0.264 0.56 1.84479 0.000956 0.0937 2 0 1.5708 7e-06 9e-05 1
2 ITKDSK 0.292244 0.56 2.28728 0.000956 0.0937 2 0 1.5708 7e-06 9e-05 1
2 OTKDSK 0.626312 1.4302 -2.29399 0.000956 0.0937 2 0 1.5708 7e-06 9e-05 1
2 OTKDSK 0.6175 1.4302 -1.85118 0.000956 0.0937 2 0 1.5708 7e-06 9e-05 1
2 OTKDSK 0.62562 1.4302 -1.71283 0.000956 0.0937 2 0 1.5708 7e-06 9e-05 1
2 OTKDSK 0.6175 1.4302 -1.17038 0.000956 0.0937 2 0 1.5708 7e-06 9e-05 1
2 OTKDSK 0.6175 1.4302 1.17038 0.000956 0.0937 2 0 1.5708 7e-06 9e-05 1
2 OTKDSK 0.62562 1.4302 1.71283 0.000956 0.0937 2 0 1.5708 7e-06 9e-05 1
2 OTKDSK 0.6175 1.4302 1.85118 0.000956 0.0937 2 0 1.5708 7e-06 9e-05 1
2 OTKDSK 0.626312 1.4302 2.29399 0.000956 0.0937 2 0 1.5708 7e-06 9e-05 1
2 OTKDSK 0.626312 1.4302 -2.28399 0.000342 0.0937 0 0 0 0 0 0
2 OTKDSK 0.6175 1.4302 -1.86118 0.000342 0.0937 0 0 0 0 0 0
2 OTKDSK 0.62562 1.4302 -1.70283 0.000342 0.0937 0 0 0 0 0 0
2 OTKDSK 0.6175 1.4302 -1.18038 0.000342 0.0937 0 0 0 0 0 0
2 OTKDSK 0.6175 1.4302 1.18038 0.000342 0.0937 0 0 0 0 0 0
2 OTKDSK 0.62562 1.4302 1.70283 0.000342 0.0937 0 0 0 0 0 0
2 OTKDSK 0.6175 1.4302 1.86118 0.000342 0.0937 0 0 0 0 0 0
2 OTKDSK 0.626312 1.4302 2.28399 0.000342 0.0937 0 0 0 0 0 0
SolGeom::GeoRead completed with 65 layers input
i = 0, Detector = VTX
i = 1, Detector = ITK
i = 2, Detector = OTK
i = 3, Detector = VTXDSK
i = 4, Detector = ITKDSK
i = 5, Detector = OTKDSK
